{"url": "https://api.github.com/repos/tensorflow/tensorflow/issues/comments/297014025", "html_url": "https://github.com/tensorflow/tensorflow/issues/9419#issuecomment-297014025", "issue_url": "https://api.github.com/repos/tensorflow/tensorflow/issues/9419", "id": 297014025, "node_id": "MDEyOklzc3VlQ29tbWVudDI5NzAxNDAyNQ==", "user": {"login": "ruiann", "id": 5110107, "node_id": "MDQ6VXNlcjUxMTAxMDc=", "avatar_url": "https://avatars0.githubusercontent.com/u/5110107?v=4", "gravatar_id": "", "url": "https://api.github.com/users/ruiann", "html_url": "https://github.com/ruiann", "followers_url": "https://api.github.com/users/ruiann/followers", "following_url": "https://api.github.com/users/ruiann/following{/other_user}", "gists_url": "https://api.github.com/users/ruiann/gists{/gist_id}", "starred_url": "https://api.github.com/users/ruiann/starred{/owner}{/repo}", "subscriptions_url": "https://api.github.com/users/ruiann/subscriptions", "organizations_url": "https://api.github.com/users/ruiann/orgs", "repos_url": "https://api.github.com/users/ruiann/repos", "events_url": "https://api.github.com/users/ruiann/events{/privacy}", "received_events_url": "https://api.github.com/users/ruiann/received_events", "type": "User", "site_admin": false}, "created_at": "2017-04-25T12:27:26Z", "updated_at": "2017-04-25T12:27:26Z", "author_association": "NONE", "body_html": "<p>for 2 1080P images, still run out the memory</p>\n<p>[ 1525.675820] python invoked oom-killer: gfp_mask=0x24280ca, order=0, oom_score_adj=0<br>\n[ 1525.675823] python cpuset=/ mems_allowed=0<br>\n[ 1525.675827] CPU: 1 PID: 3986 Comm: python Tainted: P           OE   4.4.0-72-generic <a class=\"issue-link js-issue-link\" data-error-text=\"Failed to load issue title\" data-id=\"116118515\" data-permission-text=\"Issue title is private\" data-url=\"https://github.com/tensorflow/tensorflow/issues/93\" data-hovercard-type=\"issue\" data-hovercard-url=\"/tensorflow/tensorflow/issues/93/hovercard\" href=\"https://github.com/tensorflow/tensorflow/issues/93\">#93</a>-Ubuntu<br>\n[ 1525.675828] Hardware name: Gigabyte Technology Co., Ltd. B85M-D3V/B85M-D3V, BIOS FM 08/13/2015<br>\n[ 1525.675829]  0000000000000286 000000007e4c64a1 ffff88021f9afaf8 ffffffff813f82b3<br>\n[ 1525.675831]  ffff88021f9afcb0 ffff8801ca4c0000 ffff88021f9afb68 ffffffff8120b24e<br>\n[ 1525.675832]  0000000000000015 0000000000000000 ffff880220b10240 ffff880222693800<br>\n[ 1525.675834] Call Trace:<br>\n[ 1525.675838]  [] dump_stack+0x63/0x90<br>\n[ 1525.675841]  [] dump_header+0x5a/0x1c5<br>\n[ 1525.675843]  [] ? apparmor_capable+0xc4/0x1b0<br>\n[ 1525.675845]  [] oom_kill_process+0x202/0x3c0<br>\n[ 1525.675847]  [] out_of_memory+0x219/0x460<br>\n[ 1525.675849]  [] __alloc_pages_slowpath.constprop.88+0x938/0xad0<br>\n[ 1525.675851]  [] __alloc_pages_nodemask+0x286/0x2a0<br>\n[ 1525.675853]  [] alloc_pages_vma+0xad/0x250<br>\n[ 1525.675856]  [] handle_mm_fault+0x1491/0x1820<br>\n[ 1525.675859]  [] __do_page_fault+0x197/0x400<br>\n[ 1525.675861]  [] do_page_fault+0x22/0x30<br>\n[ 1525.675863]  [] page_fault+0x28/0x30<br>\n[ 1525.675864] Mem-Info:<br>\n[ 1525.675867] active_anon:1574947 inactive_anon:315984 isolated_anon:72<br>\nactive_file:174 inactive_file:119 isolated_file:0<br>\nunevictable:926 dirty:2 writeback:3417 unstable:0<br>\nslab_reclaimable:7894 slab_unreclaimable:11379<br>\nmapped:38164 shmem:983 pagetables:17316 bounce:0<br>\nfree:25988 free_pcp:272 free_cma:0<br>\n[ 1525.675869] Node 0 DMA free:15900kB min:132kB low:164kB high:196kB active_anon:0kB inactive_anon:0kB active_file:0kB inactive_file:0kB unevictable:0kB isolated(anon):0kB isolated(file):0kB present:15984kB managed:15900kB mlocked:0kB dirty:0kB writeback:0kB mapped:0kB shmem:0kB slab_reclaimable:0kB slab_unreclaimable:0kB kernel_stack:0kB pagetables:0kB unstable:0kB bounce:0kB free_pcp:0kB local_pcp:0kB free_cma:0kB writeback_tmp:0kB pages_scanned:0 all_unreclaimable? yes<br>\n[ 1525.675872] lowmem_reserve[]: 0 3098 7823 7823 7823<br>\n[ 1525.675874] Node 0 DMA32 free:45464kB min:26712kB low:33388kB high:40068kB active_anon:2406684kB inactive_anon:612436kB active_file:256kB inactive_file:232kB unevictable:280kB isolated(anon):128kB isolated(file):0kB present:3297140kB managed:3216484kB mlocked:280kB dirty:0kB writeback:3700kB mapped:60800kB shmem:3128kB slab_reclaimable:11032kB slab_unreclaimable:15740kB kernel_stack:4032kB pagetables:25644kB unstable:0kB bounce:0kB free_pcp:0kB local_pcp:0kB free_cma:0kB writeback_tmp:0kB pages_scanned:6688 all_unreclaimable? yes<br>\n[ 1525.675877] lowmem_reserve[]: 0 0 4724 4724 4724<br>\n[ 1525.675878] Node 0 Normal free:42588kB min:40736kB low:50920kB high:61104kB active_anon:3893104kB inactive_anon:651500kB active_file:440kB inactive_file:244kB unevictable:3424kB isolated(anon):160kB isolated(file):0kB present:4970496kB managed:4838116kB mlocked:3424kB dirty:8kB writeback:9968kB mapped:91856kB shmem:804kB slab_reclaimable:20544kB slab_unreclaimable:29776kB kernel_stack:6496kB pagetables:43620kB unstable:0kB bounce:0kB free_pcp:1088kB local_pcp:4kB free_cma:0kB writeback_tmp:0kB pages_scanned:58672 all_unreclaimable? yes<br>\n[ 1525.675881] lowmem_reserve[]: 0 0 0 0 0<br>\n[ 1525.675883] Node 0 DMA: 1<em>4kB (U) 1</em>8kB (U) 1<em>16kB (U) 0</em>32kB 2<em>64kB (U) 1</em>128kB (U) 1<em>256kB (U) 0</em>512kB 1<em>1024kB (U) 1</em>2048kB (M) 3<em>4096kB (M) = 15900kB<br>\n[ 1525.675889] Node 0 DMA32: 182</em>4kB (UME) 168<em>8kB (UME) 109</em>16kB (UME) 99<em>32kB (UME) 49</em>64kB (UME) 20<em>128kB (UME) 9</em>256kB (UME) 6<em>512kB (UME) 27</em>1024kB (M) 0<em>2048kB 0</em>4096kB = 45704kB<br>\n[ 1525.675896] Node 0 Normal: 258<em>4kB (UMEH) 354</em>8kB (UEH) 151<em>16kB (UEH) 84</em>32kB (UMEH) 38<em>64kB (UME) 11</em>128kB (UMEH) 3<em>256kB (UMH) 1</em>512kB (M) 28<em>1024kB (UM) 0</em>2048kB 0*4096kB = 42760kB<br>\n[ 1525.675903] Node 0 hugepages_total=0 hugepages_free=0 hugepages_surp=0 hugepages_size=1048576kB<br>\n[ 1525.675904] Node 0 hugepages_total=0 hugepages_free=0 hugepages_surp=0 hugepages_size=2048kB<br>\n[ 1525.675904] 16829 total pagecache pages<br>\n[ 1525.675905] 14906 pages in swap cache<br>\n[ 1525.675906] Swap cache stats: add 4516454, delete 4501548, find 319017/564186<br>\n[ 1525.675907] Free swap  = 0kB<br>\n[ 1525.675907] Total swap = 8282108kB<br>\n[ 1525.675908] 2070905 pages RAM<br>\n[ 1525.675908] 0 pages HighMem/MovableOnly<br>\n[ 1525.675909] 53280 pages reserved<br>\n[ 1525.675909] 0 pages cma reserved<br>\n[ 1525.675910] 0 pages hwpoisoned<br>\n[ 1525.675911] [ pid ]   uid  tgid total_vm      rss nr_ptes nr_pmds swapents oom_score_adj name<br>\n[ 1525.675918] [  382]     0   382    10997      578      24       3      685             0 systemd-journal<br>\n[ 1525.675920] [  414]     0   414    23693      123      17       3       40             0 lvmetad<br>\n[ 1525.675922] [  420]     0   420    11563      586      24       3      362         -1000 systemd-udevd<br>\n[ 1525.675924] [  820]   100   820    25596      312      20       3       13             0 systemd-timesyn<br>\n[ 1525.675925] [  997]     0   997    84333      457      67       3      304             0 ModemManager<br>\n[ 1525.675927] [ 1004]   113  1004    11197       78      27       3       56             0 avahi-daemon<br>\n[ 1525.675928] [ 1006]     0  1006     7155      462      18       3       14             0 systemd-logind<br>\n[ 1525.675930] [ 1012]     0  1012     1100      272       8       3       32             0 acpid<br>\n[ 1525.675931] [ 1016]   104  1016    64099      352      28       3     1204             0 rsyslogd<br>\n[ 1525.675933] [ 1018]     0  1018    40226      225      15       4       60             0 lxcfs<br>\n[ 1525.675934] [ 1024]   111  1024    93498      456      79       3      362             0 whoopsie<br>\n[ 1525.675935] [ 1027]     0  1027     8124      408      21       3       47             0 cron<br>\n[ 1525.675936] [ 1034]     0  1034     6511      385      17       3       24             0 atd<br>\n[ 1525.675938] [ 1036]   107  1036    11057      563      27       3      251          -900 dbus-daemon<br>\n[ 1525.675939] [ 1060]   113  1060    11197        6      25       3       76             0 avahi-daemon<br>\n[ 1525.675941] [ 1084]     0  1084   113088      452      72       3      317             0 NetworkManager<br>\n[ 1525.675942] [ 1091]     0  1091    69842      395      40       4        8             0 accounts-daemon<br>\n[ 1525.675944] [ 1093]     0  1093    56460      489      31       5     1329             0 snapd<br>\n[ 1525.675945] [ 1119]     0  1119    71359      532      42       4      511             0 polkitd<br>\n[ 1525.675946] [ 1128]     0  1128     3344       25      11       4       13             0 mdadm<br>\n[ 1525.675948] [ 1229]     0  1229     3999       50      11       3      162             0 dhclient<br>\n[ 1525.675949] [ 1351]     0  1351     1306       14       9       3       16             0 iscsid<br>\n[ 1525.675950] [ 1352]     0  1352     1431      878       9       3        0           -17 iscsid<br>\n[ 1525.675952] [ 1421]     0  1421    87602      416      40       4      210             0 lightdm<br>\n[ 1525.675953] [ 1423]     0  1423     4857      352      13       3        0             0 agetty<br>\n[ 1525.675954] [ 1428]     0  1428     4892      296      14       3       50             0 irqbalance<br>\n[ 1525.675956] [ 1434]     0  1434    59919     3110      90       3     4769             0 Xorg<br>\n[ 1525.675957] [ 1533]     0  1533    57576      415      48       3      204             0 lightdm<br>\n[ 1525.675959] [ 1590]   119  1590    45886      345      24       3       77             0 rtkit-daemon<br>\n[ 1525.675960] [ 1623]  1000  1623    11312      324      26       3      221             0 systemd<br>\n[ 1525.675962] [ 1625]  1000  1625    15863      108      34       4      418             0 (sd-pam)<br>\n[ 1525.675963] [ 1630]  1000  1630    52209      301      34       3      650             0 gnome-keyring-d<br>\n[ 1525.675964] [ 1632]  1000  1632    12526      462      31       4      261             0 upstart<br>\n[ 1525.675966] [ 1713]  1000  1713     9087      275      19       3       68             0 upstart-udev-br<br>\n[ 1525.675967] [ 1714]  1000  1714    10981      596      25       3      150             0 dbus-daemon<br>\n[ 1525.675968] [ 1726]  1000  1726    22460      104      35       3      178             0 window-stack-br<br>\n[ 1525.675970] [ 1773]  1000  1773   138779      432     183       4     8630             0 fcitx<br>\n[ 1525.675971] [ 1780]  1000  1780     9071       44      17       3       77             0 upstart-dbus-br<br>\n[ 1525.675973] [ 1783]  1000  1783     9071       39      18       3       92             0 upstart-dbus-br<br>\n[ 1525.675974] [ 1787]  1000  1787    11227      183      22       3       90             0 upstart-file-br<br>\n[ 1525.675975] [ 1788]  1000  1788    42507      216      17       3       42             0 gpg-agent<br>\n[ 1525.675976] [ 1794]  1000  1794    10754      314      24       3       95             0 dbus-daemon<br>\n[ 1525.675978] [ 1798]  1000  1798     6909      225      17       3       65             0 fcitx-dbus-watc<br>\n[ 1525.675979] [ 1805]  1000  1805   130100      609     119       4     1248             0 bamfdaemon<br>\n[ 1525.675980] [ 1815]  1000  1815   140953      537     131       3     1481             0 hud-service<br>\n[ 1525.675982] [ 1817]  1000  1817   227177      473     166       4     2154             0 unity-settings-<br>\n[ 1525.675983] [ 1824]  1000  1824    84503      320      34       4      161             0 at-spi-bus-laun<br>\n[ 1525.675984] [ 1825]  1000  1825   174671      463     100       4      446             0 gnome-session-b<br>\n[ 1525.675986] [ 1835]  1000  1835    69502      383      38       3      627             0 gvfsd<br>\n[ 1525.675987] [ 1836]  1000  1836   195276     1212     132       3     1365             0 unity-panel-ser<br>\n[ 1525.675988] [ 1841]  1000  1841    10756      364      26       3      156             0 dbus-daemon<br>\n[ 1525.675990] [ 1846]  1000  1846   101715      337      31       3      184             0 gvfsd-fuse<br>\n[ 1525.675991] [ 1863]     0  1863    87687      625      56       3      101             0 upowerd<br>\n[ 1525.675992] [ 1899]  1000  1899    51717      255      36       3      175             0 at-spi2-registr<br>\n[ 1525.675994] [ 1916]  1000  1916    44698      353      25       4      180             0 dconf-service<br>\n[ 1525.675995] [ 1932]  1000  1932   107912      410      45       3      250             0 indicator-messa<br>\n[ 1525.675996] [ 1933]  1000  1933   102654      223      35       3      168             0 indicator-bluet<br>\n[ 1525.675998] [ 1934]  1000  1934   124770      371      44       4     1180             0 indicator-power<br>\n[ 1525.675999] [ 1936]  1000  1936   325541      182     104       4      529             0 indicator-datet<br>\n[ 1525.676001] [ 1943]  1000  1943   159335      263     126       4     1451             0 indicator-keybo<br>\n[ 1525.676002] [ 1944]  1000  1944   185246      411      72       4      984             0 indicator-sound<br>\n[ 1525.676003] [ 1947]  1000  1947   135871      265     124       3     1497             0 indicator-print<br>\n[ 1525.676005] [ 1948]  1000  1948   239095      330      47       4      767             0 indicator-sessi<br>\n[ 1525.676006] [ 1973]  1000  1973   128161      379      91       3      734             0 pulseaudio<br>\n[ 1525.676008] [ 1986]   114  1986    76180      552      50       3      546             0 colord<br>\n[ 1525.676009] [ 1987]  1000  1987   156202      351     150       4      950             0 evolution-sourc<br>\n[ 1525.676010] [ 1990]  1000  1990    98985      195      90       3      430             0 indicator-appli<br>\n[ 1525.676011] [ 2022]  1000  2022   108571      309     110       4     1356             0 notify-osd<br>\n[ 1525.676013] [ 2030]  1000  2030   313546    10352     287       5    12466             0 compiz<br>\n[ 1525.676014] [ 2048]  1000  2048   182844       93     146       4     1736             0 goa-daemon<br>\n[ 1525.676016] [ 2055]  1000  2055   214844      416     192       4     9524             0 evolution-calen<br>\n[ 1525.676017] [ 2064]  1000  2064   221385      677     188       4     3377             0 nautilus<br>\n[ 1525.676018] [ 2066]  1000  2066   106405      235     107       4      847             0 polkit-gnome-au<br>\n[ 1525.676020] [ 2067]  1000  2067   326650       92     227       5    15705             0 gnome-software<br>\n[ 1525.676021] [ 2072]  1000  2072   146486      370     142       3     2344             0 nm-applet<br>\n[ 1525.676022] [ 2073]  1000  2073   143281      199     108       3      872             0 unity-fallback-<br>\n[ 1525.676024] [ 2090]  1000  2090    90665        0      46       4      925             0 gvfs-udisks2-vo<br>\n[ 1525.676025] [ 2096]     0  2096    91869      987      45       4      175             0 udisksd<br>\n[ 1525.676026] [ 2108]  1000  2108    65257      372      29       3      144             0 gvfs-goa-volume<br>\n[ 1525.676028] [ 2122]     0  2122   157222      422      91       3     6114          -900 fwupd<br>\n[ 1525.676029] [ 2131]  1000  2131    70778      181      41       3      232             0 goa-identity-se<br>\n[ 1525.676030] [ 2136]  1000  2136    94046      361      52       4      767             0 mission-control<br>\n[ 1525.676032] [ 2139]  1000  2139    65783      248      30       3      171             0 gvfs-mtp-volume<br>\n[ 1525.676033] [ 2144]  1000  2144    68832      222      36       3      722             0 gvfs-gphoto2-vo<br>\n[ 1525.676034] [ 2152]  1000  2152   101774      374      51       4      277             0 gvfs-afc-volume<br>\n[ 1525.676036] [ 2186]  1000  2186    88514      349      40       3      245             0 gvfsd-trash<br>\n[ 1525.676037] [ 2188]  1000  2188    16165      366      36       3      104             0 gconfd-2<br>\n[ 1525.676038] [ 2225]  1000  2225   202835      349     111       4     9239             0 evolution-calen<br>\n[ 1525.676040] [ 2234]  1000  2234   173528      374     115       3     1248             0 evolution-addre<br>\n[ 1525.676041] [ 2236]  1000  2236   266515      372     113       4     9733             0 evolution-calen<br>\n[ 1525.676042] [ 2267]  1000  2267   192971      344      94       4     1278             0 evolution-addre<br>\n[ 1525.676044] [ 2270]  1000  2270   167547      427     173       4     1795             0 sogou-qimpanel-<br>\n[ 1525.676045] [ 2271]  1000  2271   776899      257     222       5     5284             0 sogou-qimpanel<br>\n[ 1525.676046] [ 2356]  1000  2356   147981      623     138       4     1878             0 gnome-terminal-<br>\n[ 1525.676048] [ 2361]  1000  2361     7358      523      19       3     1229             0 bash<br>\n[ 1525.676049] [ 2363]  1000  2363     1127      345       8       3       28             0 pycharm.sh<br>\n[ 1525.676050] [ 2566]  1000  2566     1127      140       7       3       25             0 sh<br>\n[ 1525.676052] [ 2577]  1000  2577   102549      229      35       3      290             0 zeitgeist-daemo<br>\n[ 1525.676053] [ 2604]  1000  2604  1153069    39124     447       7    88918             0 java<br>\n[ 1525.676054] [ 2625]  1000  2625    78156      303      44       4      539             0 zeitgeist-fts<br>\n[ 1525.676056] [ 2627]  1000  2627   127804      149     104       4      571             0 zeitgeist-datah<br>\n[ 1525.676057] [ 2686]  1000  2686     2217      329      10       3      106             0 fsnotifier64<br>\n[ 1525.676058] [ 2716]  1000  2716   390063     3746     317      34    15830             0 gitkraken<br>\n[ 1525.676060] [ 2730]  1000  2730    77895      379     130       4      758             0 gitkraken<br>\n[ 1525.676061] [ 2731]  1000  2731   140923      226     127       4     1122             0 update-notifier<br>\n[ 1525.676062] [ 2781]  1000  2781   119355     5359     206       5     8303             0 gitkraken<br>\n[ 1525.676064] [ 2805]  1000  2805   243557      509     184      37     4193           300 gitkraken<br>\n[ 1525.676065] [ 2809]  1000  2809   455706     9100     451     125    30161           300 gitkraken<br>\n[ 1525.676066] [ 2811]  1000  2811   265132      127     205      43    11389           300 gitkraken<br>\n[ 1525.676068] [ 3005]  1000  3005     7384      450      20       3     1287             0 bash<br>\n[ 1525.676069] [ 3422]  1000  3422   109736      306      49       3      767             0 deja-dup-monito<br>\n[ 1525.676070] [ 3486]  1000  3486    89109      314      43       3      236             0 gvfsd-network<br>\n[ 1525.676072] [ 3520]     0  3520     4634      737      14       3      348             0 mount.ntfs<br>\n[ 1525.676073] [ 3530]  1000  3530    47358      169      28       3      638             0 gvfsd-metadata<br>\n[ 1525.676075] [ 3541]  1000  3541    91302      209      44       3      222             0 gvfsd-dnssd<br>\n[ 1525.676076] [ 3711]  1000  3711   260792     1420     290       5     9465             0 chrome<br>\n[ 1525.676077] [ 3718]  1000  3718     2734        0      11       3       24             0 cat<br>\n[ 1525.676079] [ 3719]  1000  3719     2734        0      11       3       25             0 cat<br>\n[ 1525.676080] [ 3726]  1000  3726    89362      474     138       5     1984             0 chrome<br>\n[ 1525.676081] [ 3727]  1000  3727    20369      351      37       4      602             0 nacl_helper<br>\n[ 1525.676083] [ 3731]  1000  3731    89362      262     105       5     1984             0 chrome<br>\n[ 1525.676084] [ 3764]  1000  3764   135906     5974     228       6    19291           200 chrome<br>\n[ 1525.676085] [ 3797]  1000  3797    98235     1438     124       4     3445           200 chrome<br>\n[ 1525.676087] [ 3864]  1000  3864   228296     2603     333     103    18017           300 chrome<br>\n[ 1525.676088] [ 3883]  1000  3883   186986      216     200      40     4663           300 chrome<br>\n[ 1525.676090] [ 3901]  1000  3901    61267      300      56       3     3489             0 chrome-gnome-sh<br>\n[ 1525.676091] [ 3986]  1000  3986 11281848  1822042    7091      21  1711900             0 python<br>\n[ 1525.676092] Out of memory: Kill process 3986 (python) score 866 or sacrifice child<br>\n[ 1525.676124] Killed process 3986 (python) total-vm:45127392kB, anon-rss:7207556kB, file-rss:80612kB</p>\n<p><strong>the total-vm looks the same</strong></p>", "body_text": "for 2 1080P images, still run out the memory\n[ 1525.675820] python invoked oom-killer: gfp_mask=0x24280ca, order=0, oom_score_adj=0\n[ 1525.675823] python cpuset=/ mems_allowed=0\n[ 1525.675827] CPU: 1 PID: 3986 Comm: python Tainted: P           OE   4.4.0-72-generic #93-Ubuntu\n[ 1525.675828] Hardware name: Gigabyte Technology Co., Ltd. B85M-D3V/B85M-D3V, BIOS FM 08/13/2015\n[ 1525.675829]  0000000000000286 000000007e4c64a1 ffff88021f9afaf8 ffffffff813f82b3\n[ 1525.675831]  ffff88021f9afcb0 ffff8801ca4c0000 ffff88021f9afb68 ffffffff8120b24e\n[ 1525.675832]  0000000000000015 0000000000000000 ffff880220b10240 ffff880222693800\n[ 1525.675834] Call Trace:\n[ 1525.675838]  [] dump_stack+0x63/0x90\n[ 1525.675841]  [] dump_header+0x5a/0x1c5\n[ 1525.675843]  [] ? apparmor_capable+0xc4/0x1b0\n[ 1525.675845]  [] oom_kill_process+0x202/0x3c0\n[ 1525.675847]  [] out_of_memory+0x219/0x460\n[ 1525.675849]  [] __alloc_pages_slowpath.constprop.88+0x938/0xad0\n[ 1525.675851]  [] __alloc_pages_nodemask+0x286/0x2a0\n[ 1525.675853]  [] alloc_pages_vma+0xad/0x250\n[ 1525.675856]  [] handle_mm_fault+0x1491/0x1820\n[ 1525.675859]  [] __do_page_fault+0x197/0x400\n[ 1525.675861]  [] do_page_fault+0x22/0x30\n[ 1525.675863]  [] page_fault+0x28/0x30\n[ 1525.675864] Mem-Info:\n[ 1525.675867] active_anon:1574947 inactive_anon:315984 isolated_anon:72\nactive_file:174 inactive_file:119 isolated_file:0\nunevictable:926 dirty:2 writeback:3417 unstable:0\nslab_reclaimable:7894 slab_unreclaimable:11379\nmapped:38164 shmem:983 pagetables:17316 bounce:0\nfree:25988 free_pcp:272 free_cma:0\n[ 1525.675869] Node 0 DMA free:15900kB min:132kB low:164kB high:196kB active_anon:0kB inactive_anon:0kB active_file:0kB inactive_file:0kB unevictable:0kB isolated(anon):0kB isolated(file):0kB present:15984kB managed:15900kB mlocked:0kB dirty:0kB writeback:0kB mapped:0kB shmem:0kB slab_reclaimable:0kB slab_unreclaimable:0kB kernel_stack:0kB pagetables:0kB unstable:0kB bounce:0kB free_pcp:0kB local_pcp:0kB free_cma:0kB writeback_tmp:0kB pages_scanned:0 all_unreclaimable? yes\n[ 1525.675872] lowmem_reserve[]: 0 3098 7823 7823 7823\n[ 1525.675874] Node 0 DMA32 free:45464kB min:26712kB low:33388kB high:40068kB active_anon:2406684kB inactive_anon:612436kB active_file:256kB inactive_file:232kB unevictable:280kB isolated(anon):128kB isolated(file):0kB present:3297140kB managed:3216484kB mlocked:280kB dirty:0kB writeback:3700kB mapped:60800kB shmem:3128kB slab_reclaimable:11032kB slab_unreclaimable:15740kB kernel_stack:4032kB pagetables:25644kB unstable:0kB bounce:0kB free_pcp:0kB local_pcp:0kB free_cma:0kB writeback_tmp:0kB pages_scanned:6688 all_unreclaimable? yes\n[ 1525.675877] lowmem_reserve[]: 0 0 4724 4724 4724\n[ 1525.675878] Node 0 Normal free:42588kB min:40736kB low:50920kB high:61104kB active_anon:3893104kB inactive_anon:651500kB active_file:440kB inactive_file:244kB unevictable:3424kB isolated(anon):160kB isolated(file):0kB present:4970496kB managed:4838116kB mlocked:3424kB dirty:8kB writeback:9968kB mapped:91856kB shmem:804kB slab_reclaimable:20544kB slab_unreclaimable:29776kB kernel_stack:6496kB pagetables:43620kB unstable:0kB bounce:0kB free_pcp:1088kB local_pcp:4kB free_cma:0kB writeback_tmp:0kB pages_scanned:58672 all_unreclaimable? yes\n[ 1525.675881] lowmem_reserve[]: 0 0 0 0 0\n[ 1525.675883] Node 0 DMA: 14kB (U) 18kB (U) 116kB (U) 032kB 264kB (U) 1128kB (U) 1256kB (U) 0512kB 11024kB (U) 12048kB (M) 34096kB (M) = 15900kB\n[ 1525.675889] Node 0 DMA32: 1824kB (UME) 1688kB (UME) 10916kB (UME) 9932kB (UME) 4964kB (UME) 20128kB (UME) 9256kB (UME) 6512kB (UME) 271024kB (M) 02048kB 04096kB = 45704kB\n[ 1525.675896] Node 0 Normal: 2584kB (UMEH) 3548kB (UEH) 15116kB (UEH) 8432kB (UMEH) 3864kB (UME) 11128kB (UMEH) 3256kB (UMH) 1512kB (M) 281024kB (UM) 02048kB 0*4096kB = 42760kB\n[ 1525.675903] Node 0 hugepages_total=0 hugepages_free=0 hugepages_surp=0 hugepages_size=1048576kB\n[ 1525.675904] Node 0 hugepages_total=0 hugepages_free=0 hugepages_surp=0 hugepages_size=2048kB\n[ 1525.675904] 16829 total pagecache pages\n[ 1525.675905] 14906 pages in swap cache\n[ 1525.675906] Swap cache stats: add 4516454, delete 4501548, find 319017/564186\n[ 1525.675907] Free swap  = 0kB\n[ 1525.675907] Total swap = 8282108kB\n[ 1525.675908] 2070905 pages RAM\n[ 1525.675908] 0 pages HighMem/MovableOnly\n[ 1525.675909] 53280 pages reserved\n[ 1525.675909] 0 pages cma reserved\n[ 1525.675910] 0 pages hwpoisoned\n[ 1525.675911] [ pid ]   uid  tgid total_vm      rss nr_ptes nr_pmds swapents oom_score_adj name\n[ 1525.675918] [  382]     0   382    10997      578      24       3      685             0 systemd-journal\n[ 1525.675920] [  414]     0   414    23693      123      17       3       40             0 lvmetad\n[ 1525.675922] [  420]     0   420    11563      586      24       3      362         -1000 systemd-udevd\n[ 1525.675924] [  820]   100   820    25596      312      20       3       13             0 systemd-timesyn\n[ 1525.675925] [  997]     0   997    84333      457      67       3      304             0 ModemManager\n[ 1525.675927] [ 1004]   113  1004    11197       78      27       3       56             0 avahi-daemon\n[ 1525.675928] [ 1006]     0  1006     7155      462      18       3       14             0 systemd-logind\n[ 1525.675930] [ 1012]     0  1012     1100      272       8       3       32             0 acpid\n[ 1525.675931] [ 1016]   104  1016    64099      352      28       3     1204             0 rsyslogd\n[ 1525.675933] [ 1018]     0  1018    40226      225      15       4       60             0 lxcfs\n[ 1525.675934] [ 1024]   111  1024    93498      456      79       3      362             0 whoopsie\n[ 1525.675935] [ 1027]     0  1027     8124      408      21       3       47             0 cron\n[ 1525.675936] [ 1034]     0  1034     6511      385      17       3       24             0 atd\n[ 1525.675938] [ 1036]   107  1036    11057      563      27       3      251          -900 dbus-daemon\n[ 1525.675939] [ 1060]   113  1060    11197        6      25       3       76             0 avahi-daemon\n[ 1525.675941] [ 1084]     0  1084   113088      452      72       3      317             0 NetworkManager\n[ 1525.675942] [ 1091]     0  1091    69842      395      40       4        8             0 accounts-daemon\n[ 1525.675944] [ 1093]     0  1093    56460      489      31       5     1329             0 snapd\n[ 1525.675945] [ 1119]     0  1119    71359      532      42       4      511             0 polkitd\n[ 1525.675946] [ 1128]     0  1128     3344       25      11       4       13             0 mdadm\n[ 1525.675948] [ 1229]     0  1229     3999       50      11       3      162             0 dhclient\n[ 1525.675949] [ 1351]     0  1351     1306       14       9       3       16             0 iscsid\n[ 1525.675950] [ 1352]     0  1352     1431      878       9       3        0           -17 iscsid\n[ 1525.675952] [ 1421]     0  1421    87602      416      40       4      210             0 lightdm\n[ 1525.675953] [ 1423]     0  1423     4857      352      13       3        0             0 agetty\n[ 1525.675954] [ 1428]     0  1428     4892      296      14       3       50             0 irqbalance\n[ 1525.675956] [ 1434]     0  1434    59919     3110      90       3     4769             0 Xorg\n[ 1525.675957] [ 1533]     0  1533    57576      415      48       3      204             0 lightdm\n[ 1525.675959] [ 1590]   119  1590    45886      345      24       3       77             0 rtkit-daemon\n[ 1525.675960] [ 1623]  1000  1623    11312      324      26       3      221             0 systemd\n[ 1525.675962] [ 1625]  1000  1625    15863      108      34       4      418             0 (sd-pam)\n[ 1525.675963] [ 1630]  1000  1630    52209      301      34       3      650             0 gnome-keyring-d\n[ 1525.675964] [ 1632]  1000  1632    12526      462      31       4      261             0 upstart\n[ 1525.675966] [ 1713]  1000  1713     9087      275      19       3       68             0 upstart-udev-br\n[ 1525.675967] [ 1714]  1000  1714    10981      596      25       3      150             0 dbus-daemon\n[ 1525.675968] [ 1726]  1000  1726    22460      104      35       3      178             0 window-stack-br\n[ 1525.675970] [ 1773]  1000  1773   138779      432     183       4     8630             0 fcitx\n[ 1525.675971] [ 1780]  1000  1780     9071       44      17       3       77             0 upstart-dbus-br\n[ 1525.675973] [ 1783]  1000  1783     9071       39      18       3       92             0 upstart-dbus-br\n[ 1525.675974] [ 1787]  1000  1787    11227      183      22       3       90             0 upstart-file-br\n[ 1525.675975] [ 1788]  1000  1788    42507      216      17       3       42             0 gpg-agent\n[ 1525.675976] [ 1794]  1000  1794    10754      314      24       3       95             0 dbus-daemon\n[ 1525.675978] [ 1798]  1000  1798     6909      225      17       3       65             0 fcitx-dbus-watc\n[ 1525.675979] [ 1805]  1000  1805   130100      609     119       4     1248             0 bamfdaemon\n[ 1525.675980] [ 1815]  1000  1815   140953      537     131       3     1481             0 hud-service\n[ 1525.675982] [ 1817]  1000  1817   227177      473     166       4     2154             0 unity-settings-\n[ 1525.675983] [ 1824]  1000  1824    84503      320      34       4      161             0 at-spi-bus-laun\n[ 1525.675984] [ 1825]  1000  1825   174671      463     100       4      446             0 gnome-session-b\n[ 1525.675986] [ 1835]  1000  1835    69502      383      38       3      627             0 gvfsd\n[ 1525.675987] [ 1836]  1000  1836   195276     1212     132       3     1365             0 unity-panel-ser\n[ 1525.675988] [ 1841]  1000  1841    10756      364      26       3      156             0 dbus-daemon\n[ 1525.675990] [ 1846]  1000  1846   101715      337      31       3      184             0 gvfsd-fuse\n[ 1525.675991] [ 1863]     0  1863    87687      625      56       3      101             0 upowerd\n[ 1525.675992] [ 1899]  1000  1899    51717      255      36       3      175             0 at-spi2-registr\n[ 1525.675994] [ 1916]  1000  1916    44698      353      25       4      180             0 dconf-service\n[ 1525.675995] [ 1932]  1000  1932   107912      410      45       3      250             0 indicator-messa\n[ 1525.675996] [ 1933]  1000  1933   102654      223      35       3      168             0 indicator-bluet\n[ 1525.675998] [ 1934]  1000  1934   124770      371      44       4     1180             0 indicator-power\n[ 1525.675999] [ 1936]  1000  1936   325541      182     104       4      529             0 indicator-datet\n[ 1525.676001] [ 1943]  1000  1943   159335      263     126       4     1451             0 indicator-keybo\n[ 1525.676002] [ 1944]  1000  1944   185246      411      72       4      984             0 indicator-sound\n[ 1525.676003] [ 1947]  1000  1947   135871      265     124       3     1497             0 indicator-print\n[ 1525.676005] [ 1948]  1000  1948   239095      330      47       4      767             0 indicator-sessi\n[ 1525.676006] [ 1973]  1000  1973   128161      379      91       3      734             0 pulseaudio\n[ 1525.676008] [ 1986]   114  1986    76180      552      50       3      546             0 colord\n[ 1525.676009] [ 1987]  1000  1987   156202      351     150       4      950             0 evolution-sourc\n[ 1525.676010] [ 1990]  1000  1990    98985      195      90       3      430             0 indicator-appli\n[ 1525.676011] [ 2022]  1000  2022   108571      309     110       4     1356             0 notify-osd\n[ 1525.676013] [ 2030]  1000  2030   313546    10352     287       5    12466             0 compiz\n[ 1525.676014] [ 2048]  1000  2048   182844       93     146       4     1736             0 goa-daemon\n[ 1525.676016] [ 2055]  1000  2055   214844      416     192       4     9524             0 evolution-calen\n[ 1525.676017] [ 2064]  1000  2064   221385      677     188       4     3377             0 nautilus\n[ 1525.676018] [ 2066]  1000  2066   106405      235     107       4      847             0 polkit-gnome-au\n[ 1525.676020] [ 2067]  1000  2067   326650       92     227       5    15705             0 gnome-software\n[ 1525.676021] [ 2072]  1000  2072   146486      370     142       3     2344             0 nm-applet\n[ 1525.676022] [ 2073]  1000  2073   143281      199     108       3      872             0 unity-fallback-\n[ 1525.676024] [ 2090]  1000  2090    90665        0      46       4      925             0 gvfs-udisks2-vo\n[ 1525.676025] [ 2096]     0  2096    91869      987      45       4      175             0 udisksd\n[ 1525.676026] [ 2108]  1000  2108    65257      372      29       3      144             0 gvfs-goa-volume\n[ 1525.676028] [ 2122]     0  2122   157222      422      91       3     6114          -900 fwupd\n[ 1525.676029] [ 2131]  1000  2131    70778      181      41       3      232             0 goa-identity-se\n[ 1525.676030] [ 2136]  1000  2136    94046      361      52       4      767             0 mission-control\n[ 1525.676032] [ 2139]  1000  2139    65783      248      30       3      171             0 gvfs-mtp-volume\n[ 1525.676033] [ 2144]  1000  2144    68832      222      36       3      722             0 gvfs-gphoto2-vo\n[ 1525.676034] [ 2152]  1000  2152   101774      374      51       4      277             0 gvfs-afc-volume\n[ 1525.676036] [ 2186]  1000  2186    88514      349      40       3      245             0 gvfsd-trash\n[ 1525.676037] [ 2188]  1000  2188    16165      366      36       3      104             0 gconfd-2\n[ 1525.676038] [ 2225]  1000  2225   202835      349     111       4     9239             0 evolution-calen\n[ 1525.676040] [ 2234]  1000  2234   173528      374     115       3     1248             0 evolution-addre\n[ 1525.676041] [ 2236]  1000  2236   266515      372     113       4     9733             0 evolution-calen\n[ 1525.676042] [ 2267]  1000  2267   192971      344      94       4     1278             0 evolution-addre\n[ 1525.676044] [ 2270]  1000  2270   167547      427     173       4     1795             0 sogou-qimpanel-\n[ 1525.676045] [ 2271]  1000  2271   776899      257     222       5     5284             0 sogou-qimpanel\n[ 1525.676046] [ 2356]  1000  2356   147981      623     138       4     1878             0 gnome-terminal-\n[ 1525.676048] [ 2361]  1000  2361     7358      523      19       3     1229             0 bash\n[ 1525.676049] [ 2363]  1000  2363     1127      345       8       3       28             0 pycharm.sh\n[ 1525.676050] [ 2566]  1000  2566     1127      140       7       3       25             0 sh\n[ 1525.676052] [ 2577]  1000  2577   102549      229      35       3      290             0 zeitgeist-daemo\n[ 1525.676053] [ 2604]  1000  2604  1153069    39124     447       7    88918             0 java\n[ 1525.676054] [ 2625]  1000  2625    78156      303      44       4      539             0 zeitgeist-fts\n[ 1525.676056] [ 2627]  1000  2627   127804      149     104       4      571             0 zeitgeist-datah\n[ 1525.676057] [ 2686]  1000  2686     2217      329      10       3      106             0 fsnotifier64\n[ 1525.676058] [ 2716]  1000  2716   390063     3746     317      34    15830             0 gitkraken\n[ 1525.676060] [ 2730]  1000  2730    77895      379     130       4      758             0 gitkraken\n[ 1525.676061] [ 2731]  1000  2731   140923      226     127       4     1122             0 update-notifier\n[ 1525.676062] [ 2781]  1000  2781   119355     5359     206       5     8303             0 gitkraken\n[ 1525.676064] [ 2805]  1000  2805   243557      509     184      37     4193           300 gitkraken\n[ 1525.676065] [ 2809]  1000  2809   455706     9100     451     125    30161           300 gitkraken\n[ 1525.676066] [ 2811]  1000  2811   265132      127     205      43    11389           300 gitkraken\n[ 1525.676068] [ 3005]  1000  3005     7384      450      20       3     1287             0 bash\n[ 1525.676069] [ 3422]  1000  3422   109736      306      49       3      767             0 deja-dup-monito\n[ 1525.676070] [ 3486]  1000  3486    89109      314      43       3      236             0 gvfsd-network\n[ 1525.676072] [ 3520]     0  3520     4634      737      14       3      348             0 mount.ntfs\n[ 1525.676073] [ 3530]  1000  3530    47358      169      28       3      638             0 gvfsd-metadata\n[ 1525.676075] [ 3541]  1000  3541    91302      209      44       3      222             0 gvfsd-dnssd\n[ 1525.676076] [ 3711]  1000  3711   260792     1420     290       5     9465             0 chrome\n[ 1525.676077] [ 3718]  1000  3718     2734        0      11       3       24             0 cat\n[ 1525.676079] [ 3719]  1000  3719     2734        0      11       3       25             0 cat\n[ 1525.676080] [ 3726]  1000  3726    89362      474     138       5     1984             0 chrome\n[ 1525.676081] [ 3727]  1000  3727    20369      351      37       4      602             0 nacl_helper\n[ 1525.676083] [ 3731]  1000  3731    89362      262     105       5     1984             0 chrome\n[ 1525.676084] [ 3764]  1000  3764   135906     5974     228       6    19291           200 chrome\n[ 1525.676085] [ 3797]  1000  3797    98235     1438     124       4     3445           200 chrome\n[ 1525.676087] [ 3864]  1000  3864   228296     2603     333     103    18017           300 chrome\n[ 1525.676088] [ 3883]  1000  3883   186986      216     200      40     4663           300 chrome\n[ 1525.676090] [ 3901]  1000  3901    61267      300      56       3     3489             0 chrome-gnome-sh\n[ 1525.676091] [ 3986]  1000  3986 11281848  1822042    7091      21  1711900             0 python\n[ 1525.676092] Out of memory: Kill process 3986 (python) score 866 or sacrifice child\n[ 1525.676124] Killed process 3986 (python) total-vm:45127392kB, anon-rss:7207556kB, file-rss:80612kB\nthe total-vm looks the same", "body": "for 2 1080P images, still run out the memory\r\n\r\n[ 1525.675820] python invoked oom-killer: gfp_mask=0x24280ca, order=0, oom_score_adj=0\r\n[ 1525.675823] python cpuset=/ mems_allowed=0\r\n[ 1525.675827] CPU: 1 PID: 3986 Comm: python Tainted: P           OE   4.4.0-72-generic #93-Ubuntu\r\n[ 1525.675828] Hardware name: Gigabyte Technology Co., Ltd. B85M-D3V/B85M-D3V, BIOS FM 08/13/2015\r\n[ 1525.675829]  0000000000000286 000000007e4c64a1 ffff88021f9afaf8 ffffffff813f82b3\r\n[ 1525.675831]  ffff88021f9afcb0 ffff8801ca4c0000 ffff88021f9afb68 ffffffff8120b24e\r\n[ 1525.675832]  0000000000000015 0000000000000000 ffff880220b10240 ffff880222693800\r\n[ 1525.675834] Call Trace:\r\n[ 1525.675838]  [<ffffffff813f82b3>] dump_stack+0x63/0x90\r\n[ 1525.675841]  [<ffffffff8120b24e>] dump_header+0x5a/0x1c5\r\n[ 1525.675843]  [<ffffffff81391254>] ? apparmor_capable+0xc4/0x1b0\r\n[ 1525.675845]  [<ffffffff811928c2>] oom_kill_process+0x202/0x3c0\r\n[ 1525.675847]  [<ffffffff81192ce9>] out_of_memory+0x219/0x460\r\n[ 1525.675849]  [<ffffffff81198cd8>] __alloc_pages_slowpath.constprop.88+0x938/0xad0\r\n[ 1525.675851]  [<ffffffff811990f6>] __alloc_pages_nodemask+0x286/0x2a0\r\n[ 1525.675853]  [<ffffffff811e43cd>] alloc_pages_vma+0xad/0x250\r\n[ 1525.675856]  [<ffffffff811c2241>] handle_mm_fault+0x1491/0x1820\r\n[ 1525.675859]  [<ffffffff8106b527>] __do_page_fault+0x197/0x400\r\n[ 1525.675861]  [<ffffffff8106b7b2>] do_page_fault+0x22/0x30\r\n[ 1525.675863]  [<ffffffff8183e7f8>] page_fault+0x28/0x30\r\n[ 1525.675864] Mem-Info:\r\n[ 1525.675867] active_anon:1574947 inactive_anon:315984 isolated_anon:72\r\n                active_file:174 inactive_file:119 isolated_file:0\r\n                unevictable:926 dirty:2 writeback:3417 unstable:0\r\n                slab_reclaimable:7894 slab_unreclaimable:11379\r\n                mapped:38164 shmem:983 pagetables:17316 bounce:0\r\n                free:25988 free_pcp:272 free_cma:0\r\n[ 1525.675869] Node 0 DMA free:15900kB min:132kB low:164kB high:196kB active_anon:0kB inactive_anon:0kB active_file:0kB inactive_file:0kB unevictable:0kB isolated(anon):0kB isolated(file):0kB present:15984kB managed:15900kB mlocked:0kB dirty:0kB writeback:0kB mapped:0kB shmem:0kB slab_reclaimable:0kB slab_unreclaimable:0kB kernel_stack:0kB pagetables:0kB unstable:0kB bounce:0kB free_pcp:0kB local_pcp:0kB free_cma:0kB writeback_tmp:0kB pages_scanned:0 all_unreclaimable? yes\r\n[ 1525.675872] lowmem_reserve[]: 0 3098 7823 7823 7823\r\n[ 1525.675874] Node 0 DMA32 free:45464kB min:26712kB low:33388kB high:40068kB active_anon:2406684kB inactive_anon:612436kB active_file:256kB inactive_file:232kB unevictable:280kB isolated(anon):128kB isolated(file):0kB present:3297140kB managed:3216484kB mlocked:280kB dirty:0kB writeback:3700kB mapped:60800kB shmem:3128kB slab_reclaimable:11032kB slab_unreclaimable:15740kB kernel_stack:4032kB pagetables:25644kB unstable:0kB bounce:0kB free_pcp:0kB local_pcp:0kB free_cma:0kB writeback_tmp:0kB pages_scanned:6688 all_unreclaimable? yes\r\n[ 1525.675877] lowmem_reserve[]: 0 0 4724 4724 4724\r\n[ 1525.675878] Node 0 Normal free:42588kB min:40736kB low:50920kB high:61104kB active_anon:3893104kB inactive_anon:651500kB active_file:440kB inactive_file:244kB unevictable:3424kB isolated(anon):160kB isolated(file):0kB present:4970496kB managed:4838116kB mlocked:3424kB dirty:8kB writeback:9968kB mapped:91856kB shmem:804kB slab_reclaimable:20544kB slab_unreclaimable:29776kB kernel_stack:6496kB pagetables:43620kB unstable:0kB bounce:0kB free_pcp:1088kB local_pcp:4kB free_cma:0kB writeback_tmp:0kB pages_scanned:58672 all_unreclaimable? yes\r\n[ 1525.675881] lowmem_reserve[]: 0 0 0 0 0\r\n[ 1525.675883] Node 0 DMA: 1*4kB (U) 1*8kB (U) 1*16kB (U) 0*32kB 2*64kB (U) 1*128kB (U) 1*256kB (U) 0*512kB 1*1024kB (U) 1*2048kB (M) 3*4096kB (M) = 15900kB\r\n[ 1525.675889] Node 0 DMA32: 182*4kB (UME) 168*8kB (UME) 109*16kB (UME) 99*32kB (UME) 49*64kB (UME) 20*128kB (UME) 9*256kB (UME) 6*512kB (UME) 27*1024kB (M) 0*2048kB 0*4096kB = 45704kB\r\n[ 1525.675896] Node 0 Normal: 258*4kB (UMEH) 354*8kB (UEH) 151*16kB (UEH) 84*32kB (UMEH) 38*64kB (UME) 11*128kB (UMEH) 3*256kB (UMH) 1*512kB (M) 28*1024kB (UM) 0*2048kB 0*4096kB = 42760kB\r\n[ 1525.675903] Node 0 hugepages_total=0 hugepages_free=0 hugepages_surp=0 hugepages_size=1048576kB\r\n[ 1525.675904] Node 0 hugepages_total=0 hugepages_free=0 hugepages_surp=0 hugepages_size=2048kB\r\n[ 1525.675904] 16829 total pagecache pages\r\n[ 1525.675905] 14906 pages in swap cache\r\n[ 1525.675906] Swap cache stats: add 4516454, delete 4501548, find 319017/564186\r\n[ 1525.675907] Free swap  = 0kB\r\n[ 1525.675907] Total swap = 8282108kB\r\n[ 1525.675908] 2070905 pages RAM\r\n[ 1525.675908] 0 pages HighMem/MovableOnly\r\n[ 1525.675909] 53280 pages reserved\r\n[ 1525.675909] 0 pages cma reserved\r\n[ 1525.675910] 0 pages hwpoisoned\r\n[ 1525.675911] [ pid ]   uid  tgid total_vm      rss nr_ptes nr_pmds swapents oom_score_adj name\r\n[ 1525.675918] [  382]     0   382    10997      578      24       3      685             0 systemd-journal\r\n[ 1525.675920] [  414]     0   414    23693      123      17       3       40             0 lvmetad\r\n[ 1525.675922] [  420]     0   420    11563      586      24       3      362         -1000 systemd-udevd\r\n[ 1525.675924] [  820]   100   820    25596      312      20       3       13             0 systemd-timesyn\r\n[ 1525.675925] [  997]     0   997    84333      457      67       3      304             0 ModemManager\r\n[ 1525.675927] [ 1004]   113  1004    11197       78      27       3       56             0 avahi-daemon\r\n[ 1525.675928] [ 1006]     0  1006     7155      462      18       3       14             0 systemd-logind\r\n[ 1525.675930] [ 1012]     0  1012     1100      272       8       3       32             0 acpid\r\n[ 1525.675931] [ 1016]   104  1016    64099      352      28       3     1204             0 rsyslogd\r\n[ 1525.675933] [ 1018]     0  1018    40226      225      15       4       60             0 lxcfs\r\n[ 1525.675934] [ 1024]   111  1024    93498      456      79       3      362             0 whoopsie\r\n[ 1525.675935] [ 1027]     0  1027     8124      408      21       3       47             0 cron\r\n[ 1525.675936] [ 1034]     0  1034     6511      385      17       3       24             0 atd\r\n[ 1525.675938] [ 1036]   107  1036    11057      563      27       3      251          -900 dbus-daemon\r\n[ 1525.675939] [ 1060]   113  1060    11197        6      25       3       76             0 avahi-daemon\r\n[ 1525.675941] [ 1084]     0  1084   113088      452      72       3      317             0 NetworkManager\r\n[ 1525.675942] [ 1091]     0  1091    69842      395      40       4        8             0 accounts-daemon\r\n[ 1525.675944] [ 1093]     0  1093    56460      489      31       5     1329             0 snapd\r\n[ 1525.675945] [ 1119]     0  1119    71359      532      42       4      511             0 polkitd\r\n[ 1525.675946] [ 1128]     0  1128     3344       25      11       4       13             0 mdadm\r\n[ 1525.675948] [ 1229]     0  1229     3999       50      11       3      162             0 dhclient\r\n[ 1525.675949] [ 1351]     0  1351     1306       14       9       3       16             0 iscsid\r\n[ 1525.675950] [ 1352]     0  1352     1431      878       9       3        0           -17 iscsid\r\n[ 1525.675952] [ 1421]     0  1421    87602      416      40       4      210             0 lightdm\r\n[ 1525.675953] [ 1423]     0  1423     4857      352      13       3        0             0 agetty\r\n[ 1525.675954] [ 1428]     0  1428     4892      296      14       3       50             0 irqbalance\r\n[ 1525.675956] [ 1434]     0  1434    59919     3110      90       3     4769             0 Xorg\r\n[ 1525.675957] [ 1533]     0  1533    57576      415      48       3      204             0 lightdm\r\n[ 1525.675959] [ 1590]   119  1590    45886      345      24       3       77             0 rtkit-daemon\r\n[ 1525.675960] [ 1623]  1000  1623    11312      324      26       3      221             0 systemd\r\n[ 1525.675962] [ 1625]  1000  1625    15863      108      34       4      418             0 (sd-pam)\r\n[ 1525.675963] [ 1630]  1000  1630    52209      301      34       3      650             0 gnome-keyring-d\r\n[ 1525.675964] [ 1632]  1000  1632    12526      462      31       4      261             0 upstart\r\n[ 1525.675966] [ 1713]  1000  1713     9087      275      19       3       68             0 upstart-udev-br\r\n[ 1525.675967] [ 1714]  1000  1714    10981      596      25       3      150             0 dbus-daemon\r\n[ 1525.675968] [ 1726]  1000  1726    22460      104      35       3      178             0 window-stack-br\r\n[ 1525.675970] [ 1773]  1000  1773   138779      432     183       4     8630             0 fcitx\r\n[ 1525.675971] [ 1780]  1000  1780     9071       44      17       3       77             0 upstart-dbus-br\r\n[ 1525.675973] [ 1783]  1000  1783     9071       39      18       3       92             0 upstart-dbus-br\r\n[ 1525.675974] [ 1787]  1000  1787    11227      183      22       3       90             0 upstart-file-br\r\n[ 1525.675975] [ 1788]  1000  1788    42507      216      17       3       42             0 gpg-agent\r\n[ 1525.675976] [ 1794]  1000  1794    10754      314      24       3       95             0 dbus-daemon\r\n[ 1525.675978] [ 1798]  1000  1798     6909      225      17       3       65             0 fcitx-dbus-watc\r\n[ 1525.675979] [ 1805]  1000  1805   130100      609     119       4     1248             0 bamfdaemon\r\n[ 1525.675980] [ 1815]  1000  1815   140953      537     131       3     1481             0 hud-service\r\n[ 1525.675982] [ 1817]  1000  1817   227177      473     166       4     2154             0 unity-settings-\r\n[ 1525.675983] [ 1824]  1000  1824    84503      320      34       4      161             0 at-spi-bus-laun\r\n[ 1525.675984] [ 1825]  1000  1825   174671      463     100       4      446             0 gnome-session-b\r\n[ 1525.675986] [ 1835]  1000  1835    69502      383      38       3      627             0 gvfsd\r\n[ 1525.675987] [ 1836]  1000  1836   195276     1212     132       3     1365             0 unity-panel-ser\r\n[ 1525.675988] [ 1841]  1000  1841    10756      364      26       3      156             0 dbus-daemon\r\n[ 1525.675990] [ 1846]  1000  1846   101715      337      31       3      184             0 gvfsd-fuse\r\n[ 1525.675991] [ 1863]     0  1863    87687      625      56       3      101             0 upowerd\r\n[ 1525.675992] [ 1899]  1000  1899    51717      255      36       3      175             0 at-spi2-registr\r\n[ 1525.675994] [ 1916]  1000  1916    44698      353      25       4      180             0 dconf-service\r\n[ 1525.675995] [ 1932]  1000  1932   107912      410      45       3      250             0 indicator-messa\r\n[ 1525.675996] [ 1933]  1000  1933   102654      223      35       3      168             0 indicator-bluet\r\n[ 1525.675998] [ 1934]  1000  1934   124770      371      44       4     1180             0 indicator-power\r\n[ 1525.675999] [ 1936]  1000  1936   325541      182     104       4      529             0 indicator-datet\r\n[ 1525.676001] [ 1943]  1000  1943   159335      263     126       4     1451             0 indicator-keybo\r\n[ 1525.676002] [ 1944]  1000  1944   185246      411      72       4      984             0 indicator-sound\r\n[ 1525.676003] [ 1947]  1000  1947   135871      265     124       3     1497             0 indicator-print\r\n[ 1525.676005] [ 1948]  1000  1948   239095      330      47       4      767             0 indicator-sessi\r\n[ 1525.676006] [ 1973]  1000  1973   128161      379      91       3      734             0 pulseaudio\r\n[ 1525.676008] [ 1986]   114  1986    76180      552      50       3      546             0 colord\r\n[ 1525.676009] [ 1987]  1000  1987   156202      351     150       4      950             0 evolution-sourc\r\n[ 1525.676010] [ 1990]  1000  1990    98985      195      90       3      430             0 indicator-appli\r\n[ 1525.676011] [ 2022]  1000  2022   108571      309     110       4     1356             0 notify-osd\r\n[ 1525.676013] [ 2030]  1000  2030   313546    10352     287       5    12466             0 compiz\r\n[ 1525.676014] [ 2048]  1000  2048   182844       93     146       4     1736             0 goa-daemon\r\n[ 1525.676016] [ 2055]  1000  2055   214844      416     192       4     9524             0 evolution-calen\r\n[ 1525.676017] [ 2064]  1000  2064   221385      677     188       4     3377             0 nautilus\r\n[ 1525.676018] [ 2066]  1000  2066   106405      235     107       4      847             0 polkit-gnome-au\r\n[ 1525.676020] [ 2067]  1000  2067   326650       92     227       5    15705             0 gnome-software\r\n[ 1525.676021] [ 2072]  1000  2072   146486      370     142       3     2344             0 nm-applet\r\n[ 1525.676022] [ 2073]  1000  2073   143281      199     108       3      872             0 unity-fallback-\r\n[ 1525.676024] [ 2090]  1000  2090    90665        0      46       4      925             0 gvfs-udisks2-vo\r\n[ 1525.676025] [ 2096]     0  2096    91869      987      45       4      175             0 udisksd\r\n[ 1525.676026] [ 2108]  1000  2108    65257      372      29       3      144             0 gvfs-goa-volume\r\n[ 1525.676028] [ 2122]     0  2122   157222      422      91       3     6114          -900 fwupd\r\n[ 1525.676029] [ 2131]  1000  2131    70778      181      41       3      232             0 goa-identity-se\r\n[ 1525.676030] [ 2136]  1000  2136    94046      361      52       4      767             0 mission-control\r\n[ 1525.676032] [ 2139]  1000  2139    65783      248      30       3      171             0 gvfs-mtp-volume\r\n[ 1525.676033] [ 2144]  1000  2144    68832      222      36       3      722             0 gvfs-gphoto2-vo\r\n[ 1525.676034] [ 2152]  1000  2152   101774      374      51       4      277             0 gvfs-afc-volume\r\n[ 1525.676036] [ 2186]  1000  2186    88514      349      40       3      245             0 gvfsd-trash\r\n[ 1525.676037] [ 2188]  1000  2188    16165      366      36       3      104             0 gconfd-2\r\n[ 1525.676038] [ 2225]  1000  2225   202835      349     111       4     9239             0 evolution-calen\r\n[ 1525.676040] [ 2234]  1000  2234   173528      374     115       3     1248             0 evolution-addre\r\n[ 1525.676041] [ 2236]  1000  2236   266515      372     113       4     9733             0 evolution-calen\r\n[ 1525.676042] [ 2267]  1000  2267   192971      344      94       4     1278             0 evolution-addre\r\n[ 1525.676044] [ 2270]  1000  2270   167547      427     173       4     1795             0 sogou-qimpanel-\r\n[ 1525.676045] [ 2271]  1000  2271   776899      257     222       5     5284             0 sogou-qimpanel\r\n[ 1525.676046] [ 2356]  1000  2356   147981      623     138       4     1878             0 gnome-terminal-\r\n[ 1525.676048] [ 2361]  1000  2361     7358      523      19       3     1229             0 bash\r\n[ 1525.676049] [ 2363]  1000  2363     1127      345       8       3       28             0 pycharm.sh\r\n[ 1525.676050] [ 2566]  1000  2566     1127      140       7       3       25             0 sh\r\n[ 1525.676052] [ 2577]  1000  2577   102549      229      35       3      290             0 zeitgeist-daemo\r\n[ 1525.676053] [ 2604]  1000  2604  1153069    39124     447       7    88918             0 java\r\n[ 1525.676054] [ 2625]  1000  2625    78156      303      44       4      539             0 zeitgeist-fts\r\n[ 1525.676056] [ 2627]  1000  2627   127804      149     104       4      571             0 zeitgeist-datah\r\n[ 1525.676057] [ 2686]  1000  2686     2217      329      10       3      106             0 fsnotifier64\r\n[ 1525.676058] [ 2716]  1000  2716   390063     3746     317      34    15830             0 gitkraken\r\n[ 1525.676060] [ 2730]  1000  2730    77895      379     130       4      758             0 gitkraken\r\n[ 1525.676061] [ 2731]  1000  2731   140923      226     127       4     1122             0 update-notifier\r\n[ 1525.676062] [ 2781]  1000  2781   119355     5359     206       5     8303             0 gitkraken\r\n[ 1525.676064] [ 2805]  1000  2805   243557      509     184      37     4193           300 gitkraken\r\n[ 1525.676065] [ 2809]  1000  2809   455706     9100     451     125    30161           300 gitkraken\r\n[ 1525.676066] [ 2811]  1000  2811   265132      127     205      43    11389           300 gitkraken\r\n[ 1525.676068] [ 3005]  1000  3005     7384      450      20       3     1287             0 bash\r\n[ 1525.676069] [ 3422]  1000  3422   109736      306      49       3      767             0 deja-dup-monito\r\n[ 1525.676070] [ 3486]  1000  3486    89109      314      43       3      236             0 gvfsd-network\r\n[ 1525.676072] [ 3520]     0  3520     4634      737      14       3      348             0 mount.ntfs\r\n[ 1525.676073] [ 3530]  1000  3530    47358      169      28       3      638             0 gvfsd-metadata\r\n[ 1525.676075] [ 3541]  1000  3541    91302      209      44       3      222             0 gvfsd-dnssd\r\n[ 1525.676076] [ 3711]  1000  3711   260792     1420     290       5     9465             0 chrome\r\n[ 1525.676077] [ 3718]  1000  3718     2734        0      11       3       24             0 cat\r\n[ 1525.676079] [ 3719]  1000  3719     2734        0      11       3       25             0 cat\r\n[ 1525.676080] [ 3726]  1000  3726    89362      474     138       5     1984             0 chrome\r\n[ 1525.676081] [ 3727]  1000  3727    20369      351      37       4      602             0 nacl_helper\r\n[ 1525.676083] [ 3731]  1000  3731    89362      262     105       5     1984             0 chrome\r\n[ 1525.676084] [ 3764]  1000  3764   135906     5974     228       6    19291           200 chrome\r\n[ 1525.676085] [ 3797]  1000  3797    98235     1438     124       4     3445           200 chrome\r\n[ 1525.676087] [ 3864]  1000  3864   228296     2603     333     103    18017           300 chrome\r\n[ 1525.676088] [ 3883]  1000  3883   186986      216     200      40     4663           300 chrome\r\n[ 1525.676090] [ 3901]  1000  3901    61267      300      56       3     3489             0 chrome-gnome-sh\r\n[ 1525.676091] [ 3986]  1000  3986 11281848  1822042    7091      21  1711900             0 python\r\n[ 1525.676092] Out of memory: Kill process 3986 (python) score 866 or sacrifice child\r\n[ 1525.676124] Killed process 3986 (python) total-vm:45127392kB, anon-rss:7207556kB, file-rss:80612kB\r\n\r\n**the total-vm looks the same**"}