{"url": "https://api.github.com/repos/tensorflow/tensorflow/issues/comments/297011878", "html_url": "https://github.com/tensorflow/tensorflow/issues/9419#issuecomment-297011878", "issue_url": "https://api.github.com/repos/tensorflow/tensorflow/issues/9419", "id": 297011878, "node_id": "MDEyOklzc3VlQ29tbWVudDI5NzAxMTg3OA==", "user": {"login": "ruiann", "id": 5110107, "node_id": "MDQ6VXNlcjUxMTAxMDc=", "avatar_url": "https://avatars0.githubusercontent.com/u/5110107?v=4", "gravatar_id": "", "url": "https://api.github.com/users/ruiann", "html_url": "https://github.com/ruiann", "followers_url": "https://api.github.com/users/ruiann/followers", "following_url": "https://api.github.com/users/ruiann/following{/other_user}", "gists_url": "https://api.github.com/users/ruiann/gists{/gist_id}", "starred_url": "https://api.github.com/users/ruiann/starred{/owner}{/repo}", "subscriptions_url": "https://api.github.com/users/ruiann/subscriptions", "organizations_url": "https://api.github.com/users/ruiann/orgs", "repos_url": "https://api.github.com/users/ruiann/repos", "events_url": "https://api.github.com/users/ruiann/events{/privacy}", "received_events_url": "https://api.github.com/users/ruiann/received_events", "type": "User", "site_admin": false}, "created_at": "2017-04-25T12:17:50Z", "updated_at": "2017-04-25T12:17:50Z", "author_association": "NONE", "body_html": "<p><a class=\"user-mention\" data-hovercard-type=\"user\" data-hovercard-url=\"/hovercards?user_id=20959853\" data-octo-click=\"hovercard-link-click\" data-octo-dimensions=\"link_type:self\" href=\"https://github.com/drpngx\">@drpngx</a> <a class=\"user-mention\" data-hovercard-type=\"user\" data-hovercard-url=\"/hovercards?user_id=326106\" data-octo-click=\"hovercard-link-click\" data-octo-dimensions=\"link_type:self\" href=\"https://github.com/aselle\">@aselle</a></p>\n<p>as you say memory run out, dmesg logs for 8 * 1080P images:</p>\n<p>[  687.293876] python invoked oom-killer: gfp_mask=0x24280ca, order=0, oom_score_adj=0<br>\n[  687.293881] python cpuset=/ mems_allowed=0<br>\n[  687.293888] CPU: 0 PID: 3557 Comm: python Tainted: P           OE   4.4.0-72-generic <a class=\"issue-link js-issue-link\" data-error-text=\"Failed to load issue title\" data-id=\"116118515\" data-permission-text=\"Issue title is private\" data-url=\"https://github.com/tensorflow/tensorflow/issues/93\" data-hovercard-type=\"issue\" data-hovercard-url=\"/tensorflow/tensorflow/issues/93/hovercard\" href=\"https://github.com/tensorflow/tensorflow/issues/93\">#93</a>-Ubuntu<br>\n[  687.293890] Hardware name: Gigabyte Technology Co., Ltd. B85M-D3V/B85M-D3V, BIOS FM 08/13/2015<br>\n[  687.293892]  0000000000000286 000000003738f46c ffff88008ba47af8 ffffffff813f82b3<br>\n[  687.293896]  ffff88008ba47cb0 ffff8801dc4a3800 ffff88008ba47b68 ffffffff8120b24e<br>\n[  687.293899]  0000000000000015 0000000000000000 ffff880220b10240 ffff880222693800<br>\n[  687.293903] Call Trace:<br>\n[  687.293910]  [] dump_stack+0x63/0x90<br>\n[  687.293915]  [] dump_header+0x5a/0x1c5<br>\n[  687.293920]  [] ? apparmor_capable+0xc4/0x1b0<br>\n[  687.293924]  [] oom_kill_process+0x202/0x3c0<br>\n[  687.293927]  [] out_of_memory+0x219/0x460<br>\n[  687.293931]  [] __alloc_pages_slowpath.constprop.88+0x938/0xad0<br>\n[  687.293935]  [] __alloc_pages_nodemask+0x286/0x2a0<br>\n[  687.293940]  [] alloc_pages_vma+0xad/0x250<br>\n[  687.293946]  [] handle_mm_fault+0x1491/0x1820<br>\n[  687.293951]  [] __do_page_fault+0x197/0x400<br>\n[  687.293954]  [] do_page_fault+0x22/0x30<br>\n[  687.293957]  [] page_fault+0x28/0x30<br>\n[  687.293959] Mem-Info:<br>\n[  687.293965] active_anon:1582299 inactive_anon:317922 isolated_anon:0<br>\nactive_file:134 inactive_file:0 isolated_file:0<br>\nunevictable:922 dirty:2 writeback:286 unstable:0<br>\nslab_reclaimable:7856 slab_unreclaimable:10507<br>\nmapped:32359 shmem:904 pagetables:15915 bounce:0<br>\nfree:25520 free_pcp:11 free_cma:0<br>\n[  687.293970] Node 0 DMA free:15900kB min:132kB low:164kB high:196kB active_anon:0kB inactive_anon:0kB active_file:0kB inactive_file:0kB unevictable:0kB isolated(anon):0kB isolated(file):0kB present:15984kB managed:15900kB mlocked:0kB dirty:0kB writeback:0kB mapped:0kB shmem:0kB slab_reclaimable:0kB slab_unreclaimable:0kB kernel_stack:0kB pagetables:0kB unstable:0kB bounce:0kB free_pcp:0kB local_pcp:0kB free_cma:0kB writeback_tmp:0kB pages_scanned:0 all_unreclaimable? yes<br>\n[  687.293976] lowmem_reserve[]: 0 3098 7823 7823 7823<br>\n[  687.293980] Node 0 DMA32 free:45568kB min:26712kB low:33388kB high:40068kB active_anon:2419368kB inactive_anon:615432kB active_file:204kB inactive_file:0kB unevictable:280kB isolated(anon):0kB isolated(file):0kB present:3297140kB managed:3216484kB mlocked:280kB dirty:0kB writeback:592kB mapped:52056kB shmem:2648kB slab_reclaimable:11068kB slab_unreclaimable:14092kB kernel_stack:3536kB pagetables:23120kB unstable:0kB bounce:0kB free_pcp:0kB local_pcp:0kB free_cma:0kB writeback_tmp:0kB pages_scanned:5556 all_unreclaimable? yes<br>\n[  687.293987] lowmem_reserve[]: 0 0 4724 4724 4724<br>\n[  687.293990] Node 0 Normal free:40612kB min:40736kB low:50920kB high:61104kB active_anon:3909828kB inactive_anon:656256kB active_file:332kB inactive_file:0kB unevictable:3408kB isolated(anon):0kB isolated(file):0kB present:4970496kB managed:4838116kB mlocked:3408kB dirty:8kB writeback:552kB mapped:77380kB shmem:968kB slab_reclaimable:20356kB slab_unreclaimable:27936kB kernel_stack:5840kB pagetables:40540kB unstable:0kB bounce:0kB free_pcp:44kB local_pcp:0kB free_cma:0kB writeback_tmp:0kB pages_scanned:6552 all_unreclaimable? yes<br>\n[  687.293996] lowmem_reserve[]: 0 0 0 0 0<br>\n[  687.294000] Node 0 DMA: 1<em>4kB (U) 1</em>8kB (U) 1<em>16kB (U) 0</em>32kB 2<em>64kB (U) 1</em>128kB (U) 1<em>256kB (U) 0</em>512kB 1<em>1024kB (U) 1</em>2048kB (M) 3<em>4096kB (M) = 15900kB<br>\n[  687.294014] Node 0 DMA32: 386</em>4kB (UME) 237<em>8kB (UME) 281</em>16kB (UME) 240<em>32kB (UE) 139</em>64kB (UME) 71<em>128kB (UME) 26</em>256kB (UE) 9<em>512kB (UME) 1</em>1024kB (M) 0<em>2048kB 0</em>4096kB = 45888kB<br>\n[  687.294028] Node 0 Normal: 812<em>4kB (UME) 402</em>8kB (UME) 171<em>16kB (UME) 88</em>32kB (UME) 86<em>64kB (UME) 61</em>128kB (UME) 23<em>256kB (UME) 3</em>512kB (UE) 8<em>1024kB (M) 0</em>2048kB 0*4096kB = 40944kB<br>\n[  687.294042] Node 0 hugepages_total=0 hugepages_free=0 hugepages_surp=0 hugepages_size=1048576kB<br>\n[  687.294044] Node 0 hugepages_total=0 hugepages_free=0 hugepages_surp=0 hugepages_size=2048kB<br>\n[  687.294046] 8293 total pagecache pages<br>\n[  687.294047] 6620 pages in swap cache<br>\n[  687.294049] Swap cache stats: add 2353174, delete 2346554, find 130887/234080<br>\n[  687.294051] Free swap  = 0kB<br>\n[  687.294052] Total swap = 8282108kB<br>\n[  687.294053] 2070905 pages RAM<br>\n[  687.294055] 0 pages HighMem/MovableOnly<br>\n[  687.294056] 53280 pages reserved<br>\n[  687.294057] 0 pages cma reserved<br>\n[  687.294058] 0 pages hwpoisoned<br>\n[  687.294059] [ pid ]   uid  tgid total_vm      rss nr_ptes nr_pmds swapents oom_score_adj name<br>\n[  687.294067] [  382]     0   382     8847      781      20       3       27             0 systemd-journal<br>\n[  687.294070] [  414]     0   414    23693      129      17       3       34             0 lvmetad<br>\n[  687.294073] [  420]     0   420    11563      734      24       3      260         -1000 systemd-udevd<br>\n[  687.294077] [  820]   100   820    25596      417      20       3        9             0 systemd-timesyn<br>\n[  687.294079] [  997]     0   997    84333      467      67       3      294             0 ModemManager<br>\n[  687.294082] [ 1004]   113  1004    11197      254      27       3       49             0 avahi-daemon<br>\n[  687.294084] [ 1006]     0  1006     7155      305      18       3        5             0 systemd-logind<br>\n[  687.294087] [ 1012]     0  1012     1100      283       8       3       22             0 acpid<br>\n[  687.294090] [ 1016]   104  1016    64099      391      28       3     1167             0 rsyslogd<br>\n[  687.294092] [ 1018]     0  1018    40226      225      15       4       51             0 lxcfs<br>\n[  687.294095] [ 1024]   111  1024    93498      463      79       3      355             0 whoopsie<br>\n[  687.294097] [ 1027]     0  1027     8124      412      21       3       37             0 cron<br>\n[  687.294099] [ 1034]     0  1034     6511      385      17       3       24             0 atd<br>\n[  687.294102] [ 1036]   107  1036    11057      659      27       3      155          -900 dbus-daemon<br>\n[  687.294105] [ 1060]   113  1060    11197       15      25       3       67             0 avahi-daemon<br>\n[  687.294107] [ 1084]     0  1084   113088      671      72       3      308             0 NetworkManager<br>\n[  687.294110] [ 1091]     0  1091    69842      573      40       4        8             0 accounts-daemon<br>\n[  687.294112] [ 1093]     0  1093    56460      475      31       5     1335             0 snapd<br>\n[  687.294115] [ 1119]     0  1119    71359      527      42       4      539             0 polkitd<br>\n[  687.294117] [ 1128]     0  1128     3344       25      11       4       13             0 mdadm<br>\n[  687.294119] [ 1229]     0  1229     3999       97      11       3      115             0 dhclient<br>\n[  687.294122] [ 1351]     0  1351     1306       20       9       3       10             0 iscsid<br>\n[  687.294125] [ 1352]     0  1352     1431      878       9       3        0           -17 iscsid<br>\n[  687.294127] [ 1421]     0  1421    87602      416      40       4      210             0 lightdm<br>\n[  687.294130] [ 1423]     0  1423     4857      352      13       3        0             0 agetty<br>\n[  687.294132] [ 1428]     0  1428     4892      354      14       3       44             0 irqbalance<br>\n[  687.294135] [ 1434]     0  1434    59661     3249      90       3     4642             0 Xorg<br>\n[  687.294137] [ 1533]     0  1533    57576      415      48       3      204             0 lightdm<br>\n[  687.294140] [ 1590]   119  1590    45886      379      24       3       64             0 rtkit-daemon<br>\n[  687.294142] [ 1623]  1000  1623    11312      324      26       3      221             0 systemd<br>\n[  687.294145] [ 1625]  1000  1625    15863      110      34       4      416             0 (sd-pam)<br>\n[  687.294147] [ 1630]  1000  1630    52176      306      34       3      732             0 gnome-keyring-d<br>\n[  687.294149] [ 1632]  1000  1632    12526      399      31       4      324             0 upstart<br>\n[  687.294152] [ 1713]  1000  1713     9087        0      19       3       73             0 upstart-udev-br<br>\n[  687.294154] [ 1714]  1000  1714    10981      566      25       3      165             0 dbus-daemon<br>\n[  687.294157] [ 1726]  1000  1726    22460       94      35       3      174             0 window-stack-br<br>\n[  687.294159] [ 1773]  1000  1773   138779      356     183       4     8670             0 fcitx<br>\n[  687.294162] [ 1780]  1000  1780     9071      183      17       3       68             0 upstart-dbus-br<br>\n[  687.294164] [ 1783]  1000  1783     9071      201      18       3       65             0 upstart-dbus-br<br>\n[  687.294167] [ 1787]  1000  1787    11227      177      22       3      114             0 upstart-file-br<br>\n[  687.294169] [ 1788]  1000  1788    42507      299      17       3       41             0 gpg-agent<br>\n[  687.294171] [ 1794]  1000  1794    10754      364      24       3      126             0 dbus-daemon<br>\n[  687.294174] [ 1798]  1000  1798     6909        0      17       3       61             0 fcitx-dbus-watc<br>\n[  687.294177] [ 1805]  1000  1805   130100      344     119       4     1533             0 bamfdaemon<br>\n[  687.294179] [ 1815]  1000  1815   140755      489     130       3     1266             0 hud-service<br>\n[  687.294182] [ 1817]  1000  1817   227177      391     166       4     2175             0 unity-settings-<br>\n[  687.294184] [ 1824]  1000  1824    84503      320      34       4      161             0 at-spi-bus-laun<br>\n[  687.294186] [ 1825]  1000  1825   174671      382     100       4      551             0 gnome-session-b<br>\n[  687.294189] [ 1835]  1000  1835    69502      366      38       3      703             0 gvfsd<br>\n[  687.294191] [ 1836]  1000  1836   195276     1249     132       3     1276             0 unity-panel-ser<br>\n[  687.294194] [ 1841]  1000  1841    10756      444      26       3       99             0 dbus-daemon<br>\n[  687.294196] [ 1846]  1000  1846   101715      337      31       3      184             0 gvfsd-fuse<br>\n[  687.294199] [ 1863]     0  1863    87687      638      56       3       88             0 upowerd<br>\n[  687.294201] [ 1899]  1000  1899    51717      290      36       3      144             0 at-spi2-registr<br>\n[  687.294203] [ 1916]  1000  1916    44698      353      25       4      180             0 dconf-service<br>\n[  687.294206] [ 1932]  1000  1932   107912      410      45       3      250             0 indicator-messa<br>\n[  687.294208] [ 1933]  1000  1933   102654      223      35       3      168             0 indicator-bluet<br>\n[  687.294211] [ 1934]  1000  1934   124770      371      44       4     1180             0 indicator-power<br>\n[  687.294213] [ 1936]  1000  1936   325541      110     104       4      598             0 indicator-datet<br>\n[  687.294215] [ 1943]  1000  1943   159335      240     126       4     1435             0 indicator-keybo<br>\n[  687.294218] [ 1944]  1000  1944   185246      411      72       4      984             0 indicator-sound<br>\n[  687.294220] [ 1947]  1000  1947   135871      315     124       3     1483             0 indicator-print<br>\n[  687.294223] [ 1948]  1000  1948   239095      330      47       4      767             0 indicator-sessi<br>\n[  687.294225] [ 1973]  1000  1973   128161      373      91       3      840             0 pulseaudio<br>\n[  687.294228] [ 1986]   114  1986    76180      702      50       3      396             0 colord<br>\n[  687.294230] [ 1987]  1000  1987   156202      351     150       4      950             0 evolution-sourc<br>\n[  687.294232] [ 1990]  1000  1990    98985      370      90       3      385             0 indicator-appli<br>\n[  687.294235] [ 2022]  1000  2022   108571      314     110       4     1351             0 notify-osd<br>\n[  687.294237] [ 2030]  1000  2030   311474     9617     284       5    12818             0 compiz<br>\n[  687.294240] [ 2048]  1000  2048   182844       93     146       4     1736             0 goa-daemon<br>\n[  687.294242] [ 2055]  1000  2055   214844      416     192       4     9524             0 evolution-calen<br>\n[  687.294245] [ 2064]  1000  2064   221385     1387     188       4     2660             0 nautilus<br>\n[  687.294247] [ 2066]  1000  2066   106405        0     107       4      835             0 polkit-gnome-au<br>\n[  687.294250] [ 2067]  1000  2067   326650      391     227       5    15687             0 gnome-software<br>\n[  687.294252] [ 2072]  1000  2072   146486       98     142       3     2339             0 nm-applet<br>\n[  687.294255] [ 2073]  1000  2073   143281       82     108       3      857             0 unity-fallback-<br>\n[  687.294257] [ 2090]  1000  2090    90665      512      46       4      687             0 gvfs-udisks2-vo<br>\n[  687.294260] [ 2096]     0  2096    91869     1403      45       4      101             0 udisksd<br>\n[  687.294262] [ 2108]  1000  2108    65257      372      29       3      144             0 gvfs-goa-volume<br>\n[  687.294265] [ 2122]     0  2122   157222      351      91       3     6161          -900 fwupd<br>\n[  687.294267] [ 2131]  1000  2131    70778      224      41       3      231             0 goa-identity-se<br>\n[  687.294269] [ 2136]  1000  2136    94046      285      52       4      838             0 mission-control<br>\n[  687.294272] [ 2139]  1000  2139    65783      248      30       3      171             0 gvfs-mtp-volume<br>\n[  687.294274] [ 2144]  1000  2144    68832      222      36       3      722             0 gvfs-gphoto2-vo<br>\n[  687.294276] [ 2152]  1000  2152   101774      374      51       4      277             0 gvfs-afc-volume<br>\n[  687.294279] [ 2186]  1000  2186    88514      349      40       3      245             0 gvfsd-trash<br>\n[  687.294281] [ 2188]  1000  2188    16165      272      36       3       98             0 gconfd-2<br>\n[  687.294284] [ 2225]  1000  2225   202835      349     111       4     9239             0 evolution-calen<br>\n[  687.294286] [ 2234]  1000  2234   173528      374     115       3     1248             0 evolution-addre<br>\n[  687.294289] [ 2236]  1000  2236   266515      372     113       4     9733             0 evolution-calen<br>\n[  687.294291] [ 2267]  1000  2267   192971      344      94       4     1278             0 evolution-addre<br>\n[  687.294293] [ 2270]  1000  2270   167547       70     173       4     1869             0 sogou-qimpanel-<br>\n[  687.294296] [ 2271]  1000  2271   776899      186     222       5     5511             0 sogou-qimpanel<br>\n[  687.294298] [ 2356]  1000  2356   147184       99     136       4     1843             0 gnome-terminal-<br>\n[  687.294301] [ 2361]  1000  2361     7358      438      19       3     1314             0 bash<br>\n[  687.294303] [ 2363]  1000  2363     1127      345       8       3       28             0 pycharm.sh<br>\n[  687.294306] [ 2566]  1000  2566     1127      140       7       3       25             0 sh<br>\n[  687.294308] [ 2577]  1000  2577   102549      353      35       3      248             0 zeitgeist-daemo<br>\n[  687.294311] [ 2604]  1000  2604  1153069    49883     444       7    77463             0 java<br>\n[  687.294313] [ 2625]  1000  2625    78156      339      44       4      630             0 zeitgeist-fts<br>\n[  687.294315] [ 2627]  1000  2627   127804      346     104       4      559             0 zeitgeist-datah<br>\n[  687.294318] [ 2686]  1000  2686     2217      343      10       3       98             0 fsnotifier64<br>\n[  687.294320] [ 2716]  1000  2716   387246     2791     315      33    16611             0 gitkraken<br>\n[  687.294323] [ 2730]  1000  2730    77895      386     130       4      751             0 gitkraken<br>\n[  687.294325] [ 2731]  1000  2731   140923      358     127       4     1144             0 update-notifier<br>\n[  687.294328] [ 2781]  1000  2781   119355     5491     206       5     8285             0 gitkraken<br>\n[  687.294330] [ 2805]  1000  2805   243557      464     184      37     4273           300 gitkraken<br>\n[  687.294333] [ 2809]  1000  2809   409919     9289     414     119    27622           300 gitkraken<br>\n[  687.294335] [ 2811]  1000  2811   265132       75     205      43    11494           300 gitkraken<br>\n[  687.294337] [ 3005]  1000  3005     7384      413      20       3     1340             0 bash<br>\n[  687.294340] [ 3422]  1000  3422   109736      306      49       3      767             0 deja-dup-monito<br>\n[  687.294342] [ 3486]  1000  3486    89109      314      43       3      236             0 gvfsd-network<br>\n[  687.294345] [ 3520]     0  3520     4634      822      14       3      222             0 mount.ntfs<br>\n[  687.294347] [ 3530]  1000  3530    47358      169      28       3      638             0 gvfsd-metadata<br>\n[  687.294349] [ 3541]  1000  3541    91302      229      44       3      232             0 gvfsd-dnssd<br>\n[  687.294352] [ 3557]  1000  3557 11300573  1836051    7255      21  1781592             0 python<br>\n[  687.294355] Out of memory: Kill process 3557 (python) score 886 or sacrifice child<br>\n[  687.294382] Killed process 3557 (python) total-vm:45202292kB, anon-rss:7263600kB, file-rss:80604kB</p>", "body_text": "@drpngx @aselle\nas you say memory run out, dmesg logs for 8 * 1080P images:\n[  687.293876] python invoked oom-killer: gfp_mask=0x24280ca, order=0, oom_score_adj=0\n[  687.293881] python cpuset=/ mems_allowed=0\n[  687.293888] CPU: 0 PID: 3557 Comm: python Tainted: P           OE   4.4.0-72-generic #93-Ubuntu\n[  687.293890] Hardware name: Gigabyte Technology Co., Ltd. B85M-D3V/B85M-D3V, BIOS FM 08/13/2015\n[  687.293892]  0000000000000286 000000003738f46c ffff88008ba47af8 ffffffff813f82b3\n[  687.293896]  ffff88008ba47cb0 ffff8801dc4a3800 ffff88008ba47b68 ffffffff8120b24e\n[  687.293899]  0000000000000015 0000000000000000 ffff880220b10240 ffff880222693800\n[  687.293903] Call Trace:\n[  687.293910]  [] dump_stack+0x63/0x90\n[  687.293915]  [] dump_header+0x5a/0x1c5\n[  687.293920]  [] ? apparmor_capable+0xc4/0x1b0\n[  687.293924]  [] oom_kill_process+0x202/0x3c0\n[  687.293927]  [] out_of_memory+0x219/0x460\n[  687.293931]  [] __alloc_pages_slowpath.constprop.88+0x938/0xad0\n[  687.293935]  [] __alloc_pages_nodemask+0x286/0x2a0\n[  687.293940]  [] alloc_pages_vma+0xad/0x250\n[  687.293946]  [] handle_mm_fault+0x1491/0x1820\n[  687.293951]  [] __do_page_fault+0x197/0x400\n[  687.293954]  [] do_page_fault+0x22/0x30\n[  687.293957]  [] page_fault+0x28/0x30\n[  687.293959] Mem-Info:\n[  687.293965] active_anon:1582299 inactive_anon:317922 isolated_anon:0\nactive_file:134 inactive_file:0 isolated_file:0\nunevictable:922 dirty:2 writeback:286 unstable:0\nslab_reclaimable:7856 slab_unreclaimable:10507\nmapped:32359 shmem:904 pagetables:15915 bounce:0\nfree:25520 free_pcp:11 free_cma:0\n[  687.293970] Node 0 DMA free:15900kB min:132kB low:164kB high:196kB active_anon:0kB inactive_anon:0kB active_file:0kB inactive_file:0kB unevictable:0kB isolated(anon):0kB isolated(file):0kB present:15984kB managed:15900kB mlocked:0kB dirty:0kB writeback:0kB mapped:0kB shmem:0kB slab_reclaimable:0kB slab_unreclaimable:0kB kernel_stack:0kB pagetables:0kB unstable:0kB bounce:0kB free_pcp:0kB local_pcp:0kB free_cma:0kB writeback_tmp:0kB pages_scanned:0 all_unreclaimable? yes\n[  687.293976] lowmem_reserve[]: 0 3098 7823 7823 7823\n[  687.293980] Node 0 DMA32 free:45568kB min:26712kB low:33388kB high:40068kB active_anon:2419368kB inactive_anon:615432kB active_file:204kB inactive_file:0kB unevictable:280kB isolated(anon):0kB isolated(file):0kB present:3297140kB managed:3216484kB mlocked:280kB dirty:0kB writeback:592kB mapped:52056kB shmem:2648kB slab_reclaimable:11068kB slab_unreclaimable:14092kB kernel_stack:3536kB pagetables:23120kB unstable:0kB bounce:0kB free_pcp:0kB local_pcp:0kB free_cma:0kB writeback_tmp:0kB pages_scanned:5556 all_unreclaimable? yes\n[  687.293987] lowmem_reserve[]: 0 0 4724 4724 4724\n[  687.293990] Node 0 Normal free:40612kB min:40736kB low:50920kB high:61104kB active_anon:3909828kB inactive_anon:656256kB active_file:332kB inactive_file:0kB unevictable:3408kB isolated(anon):0kB isolated(file):0kB present:4970496kB managed:4838116kB mlocked:3408kB dirty:8kB writeback:552kB mapped:77380kB shmem:968kB slab_reclaimable:20356kB slab_unreclaimable:27936kB kernel_stack:5840kB pagetables:40540kB unstable:0kB bounce:0kB free_pcp:44kB local_pcp:0kB free_cma:0kB writeback_tmp:0kB pages_scanned:6552 all_unreclaimable? yes\n[  687.293996] lowmem_reserve[]: 0 0 0 0 0\n[  687.294000] Node 0 DMA: 14kB (U) 18kB (U) 116kB (U) 032kB 264kB (U) 1128kB (U) 1256kB (U) 0512kB 11024kB (U) 12048kB (M) 34096kB (M) = 15900kB\n[  687.294014] Node 0 DMA32: 3864kB (UME) 2378kB (UME) 28116kB (UME) 24032kB (UE) 13964kB (UME) 71128kB (UME) 26256kB (UE) 9512kB (UME) 11024kB (M) 02048kB 04096kB = 45888kB\n[  687.294028] Node 0 Normal: 8124kB (UME) 4028kB (UME) 17116kB (UME) 8832kB (UME) 8664kB (UME) 61128kB (UME) 23256kB (UME) 3512kB (UE) 81024kB (M) 02048kB 0*4096kB = 40944kB\n[  687.294042] Node 0 hugepages_total=0 hugepages_free=0 hugepages_surp=0 hugepages_size=1048576kB\n[  687.294044] Node 0 hugepages_total=0 hugepages_free=0 hugepages_surp=0 hugepages_size=2048kB\n[  687.294046] 8293 total pagecache pages\n[  687.294047] 6620 pages in swap cache\n[  687.294049] Swap cache stats: add 2353174, delete 2346554, find 130887/234080\n[  687.294051] Free swap  = 0kB\n[  687.294052] Total swap = 8282108kB\n[  687.294053] 2070905 pages RAM\n[  687.294055] 0 pages HighMem/MovableOnly\n[  687.294056] 53280 pages reserved\n[  687.294057] 0 pages cma reserved\n[  687.294058] 0 pages hwpoisoned\n[  687.294059] [ pid ]   uid  tgid total_vm      rss nr_ptes nr_pmds swapents oom_score_adj name\n[  687.294067] [  382]     0   382     8847      781      20       3       27             0 systemd-journal\n[  687.294070] [  414]     0   414    23693      129      17       3       34             0 lvmetad\n[  687.294073] [  420]     0   420    11563      734      24       3      260         -1000 systemd-udevd\n[  687.294077] [  820]   100   820    25596      417      20       3        9             0 systemd-timesyn\n[  687.294079] [  997]     0   997    84333      467      67       3      294             0 ModemManager\n[  687.294082] [ 1004]   113  1004    11197      254      27       3       49             0 avahi-daemon\n[  687.294084] [ 1006]     0  1006     7155      305      18       3        5             0 systemd-logind\n[  687.294087] [ 1012]     0  1012     1100      283       8       3       22             0 acpid\n[  687.294090] [ 1016]   104  1016    64099      391      28       3     1167             0 rsyslogd\n[  687.294092] [ 1018]     0  1018    40226      225      15       4       51             0 lxcfs\n[  687.294095] [ 1024]   111  1024    93498      463      79       3      355             0 whoopsie\n[  687.294097] [ 1027]     0  1027     8124      412      21       3       37             0 cron\n[  687.294099] [ 1034]     0  1034     6511      385      17       3       24             0 atd\n[  687.294102] [ 1036]   107  1036    11057      659      27       3      155          -900 dbus-daemon\n[  687.294105] [ 1060]   113  1060    11197       15      25       3       67             0 avahi-daemon\n[  687.294107] [ 1084]     0  1084   113088      671      72       3      308             0 NetworkManager\n[  687.294110] [ 1091]     0  1091    69842      573      40       4        8             0 accounts-daemon\n[  687.294112] [ 1093]     0  1093    56460      475      31       5     1335             0 snapd\n[  687.294115] [ 1119]     0  1119    71359      527      42       4      539             0 polkitd\n[  687.294117] [ 1128]     0  1128     3344       25      11       4       13             0 mdadm\n[  687.294119] [ 1229]     0  1229     3999       97      11       3      115             0 dhclient\n[  687.294122] [ 1351]     0  1351     1306       20       9       3       10             0 iscsid\n[  687.294125] [ 1352]     0  1352     1431      878       9       3        0           -17 iscsid\n[  687.294127] [ 1421]     0  1421    87602      416      40       4      210             0 lightdm\n[  687.294130] [ 1423]     0  1423     4857      352      13       3        0             0 agetty\n[  687.294132] [ 1428]     0  1428     4892      354      14       3       44             0 irqbalance\n[  687.294135] [ 1434]     0  1434    59661     3249      90       3     4642             0 Xorg\n[  687.294137] [ 1533]     0  1533    57576      415      48       3      204             0 lightdm\n[  687.294140] [ 1590]   119  1590    45886      379      24       3       64             0 rtkit-daemon\n[  687.294142] [ 1623]  1000  1623    11312      324      26       3      221             0 systemd\n[  687.294145] [ 1625]  1000  1625    15863      110      34       4      416             0 (sd-pam)\n[  687.294147] [ 1630]  1000  1630    52176      306      34       3      732             0 gnome-keyring-d\n[  687.294149] [ 1632]  1000  1632    12526      399      31       4      324             0 upstart\n[  687.294152] [ 1713]  1000  1713     9087        0      19       3       73             0 upstart-udev-br\n[  687.294154] [ 1714]  1000  1714    10981      566      25       3      165             0 dbus-daemon\n[  687.294157] [ 1726]  1000  1726    22460       94      35       3      174             0 window-stack-br\n[  687.294159] [ 1773]  1000  1773   138779      356     183       4     8670             0 fcitx\n[  687.294162] [ 1780]  1000  1780     9071      183      17       3       68             0 upstart-dbus-br\n[  687.294164] [ 1783]  1000  1783     9071      201      18       3       65             0 upstart-dbus-br\n[  687.294167] [ 1787]  1000  1787    11227      177      22       3      114             0 upstart-file-br\n[  687.294169] [ 1788]  1000  1788    42507      299      17       3       41             0 gpg-agent\n[  687.294171] [ 1794]  1000  1794    10754      364      24       3      126             0 dbus-daemon\n[  687.294174] [ 1798]  1000  1798     6909        0      17       3       61             0 fcitx-dbus-watc\n[  687.294177] [ 1805]  1000  1805   130100      344     119       4     1533             0 bamfdaemon\n[  687.294179] [ 1815]  1000  1815   140755      489     130       3     1266             0 hud-service\n[  687.294182] [ 1817]  1000  1817   227177      391     166       4     2175             0 unity-settings-\n[  687.294184] [ 1824]  1000  1824    84503      320      34       4      161             0 at-spi-bus-laun\n[  687.294186] [ 1825]  1000  1825   174671      382     100       4      551             0 gnome-session-b\n[  687.294189] [ 1835]  1000  1835    69502      366      38       3      703             0 gvfsd\n[  687.294191] [ 1836]  1000  1836   195276     1249     132       3     1276             0 unity-panel-ser\n[  687.294194] [ 1841]  1000  1841    10756      444      26       3       99             0 dbus-daemon\n[  687.294196] [ 1846]  1000  1846   101715      337      31       3      184             0 gvfsd-fuse\n[  687.294199] [ 1863]     0  1863    87687      638      56       3       88             0 upowerd\n[  687.294201] [ 1899]  1000  1899    51717      290      36       3      144             0 at-spi2-registr\n[  687.294203] [ 1916]  1000  1916    44698      353      25       4      180             0 dconf-service\n[  687.294206] [ 1932]  1000  1932   107912      410      45       3      250             0 indicator-messa\n[  687.294208] [ 1933]  1000  1933   102654      223      35       3      168             0 indicator-bluet\n[  687.294211] [ 1934]  1000  1934   124770      371      44       4     1180             0 indicator-power\n[  687.294213] [ 1936]  1000  1936   325541      110     104       4      598             0 indicator-datet\n[  687.294215] [ 1943]  1000  1943   159335      240     126       4     1435             0 indicator-keybo\n[  687.294218] [ 1944]  1000  1944   185246      411      72       4      984             0 indicator-sound\n[  687.294220] [ 1947]  1000  1947   135871      315     124       3     1483             0 indicator-print\n[  687.294223] [ 1948]  1000  1948   239095      330      47       4      767             0 indicator-sessi\n[  687.294225] [ 1973]  1000  1973   128161      373      91       3      840             0 pulseaudio\n[  687.294228] [ 1986]   114  1986    76180      702      50       3      396             0 colord\n[  687.294230] [ 1987]  1000  1987   156202      351     150       4      950             0 evolution-sourc\n[  687.294232] [ 1990]  1000  1990    98985      370      90       3      385             0 indicator-appli\n[  687.294235] [ 2022]  1000  2022   108571      314     110       4     1351             0 notify-osd\n[  687.294237] [ 2030]  1000  2030   311474     9617     284       5    12818             0 compiz\n[  687.294240] [ 2048]  1000  2048   182844       93     146       4     1736             0 goa-daemon\n[  687.294242] [ 2055]  1000  2055   214844      416     192       4     9524             0 evolution-calen\n[  687.294245] [ 2064]  1000  2064   221385     1387     188       4     2660             0 nautilus\n[  687.294247] [ 2066]  1000  2066   106405        0     107       4      835             0 polkit-gnome-au\n[  687.294250] [ 2067]  1000  2067   326650      391     227       5    15687             0 gnome-software\n[  687.294252] [ 2072]  1000  2072   146486       98     142       3     2339             0 nm-applet\n[  687.294255] [ 2073]  1000  2073   143281       82     108       3      857             0 unity-fallback-\n[  687.294257] [ 2090]  1000  2090    90665      512      46       4      687             0 gvfs-udisks2-vo\n[  687.294260] [ 2096]     0  2096    91869     1403      45       4      101             0 udisksd\n[  687.294262] [ 2108]  1000  2108    65257      372      29       3      144             0 gvfs-goa-volume\n[  687.294265] [ 2122]     0  2122   157222      351      91       3     6161          -900 fwupd\n[  687.294267] [ 2131]  1000  2131    70778      224      41       3      231             0 goa-identity-se\n[  687.294269] [ 2136]  1000  2136    94046      285      52       4      838             0 mission-control\n[  687.294272] [ 2139]  1000  2139    65783      248      30       3      171             0 gvfs-mtp-volume\n[  687.294274] [ 2144]  1000  2144    68832      222      36       3      722             0 gvfs-gphoto2-vo\n[  687.294276] [ 2152]  1000  2152   101774      374      51       4      277             0 gvfs-afc-volume\n[  687.294279] [ 2186]  1000  2186    88514      349      40       3      245             0 gvfsd-trash\n[  687.294281] [ 2188]  1000  2188    16165      272      36       3       98             0 gconfd-2\n[  687.294284] [ 2225]  1000  2225   202835      349     111       4     9239             0 evolution-calen\n[  687.294286] [ 2234]  1000  2234   173528      374     115       3     1248             0 evolution-addre\n[  687.294289] [ 2236]  1000  2236   266515      372     113       4     9733             0 evolution-calen\n[  687.294291] [ 2267]  1000  2267   192971      344      94       4     1278             0 evolution-addre\n[  687.294293] [ 2270]  1000  2270   167547       70     173       4     1869             0 sogou-qimpanel-\n[  687.294296] [ 2271]  1000  2271   776899      186     222       5     5511             0 sogou-qimpanel\n[  687.294298] [ 2356]  1000  2356   147184       99     136       4     1843             0 gnome-terminal-\n[  687.294301] [ 2361]  1000  2361     7358      438      19       3     1314             0 bash\n[  687.294303] [ 2363]  1000  2363     1127      345       8       3       28             0 pycharm.sh\n[  687.294306] [ 2566]  1000  2566     1127      140       7       3       25             0 sh\n[  687.294308] [ 2577]  1000  2577   102549      353      35       3      248             0 zeitgeist-daemo\n[  687.294311] [ 2604]  1000  2604  1153069    49883     444       7    77463             0 java\n[  687.294313] [ 2625]  1000  2625    78156      339      44       4      630             0 zeitgeist-fts\n[  687.294315] [ 2627]  1000  2627   127804      346     104       4      559             0 zeitgeist-datah\n[  687.294318] [ 2686]  1000  2686     2217      343      10       3       98             0 fsnotifier64\n[  687.294320] [ 2716]  1000  2716   387246     2791     315      33    16611             0 gitkraken\n[  687.294323] [ 2730]  1000  2730    77895      386     130       4      751             0 gitkraken\n[  687.294325] [ 2731]  1000  2731   140923      358     127       4     1144             0 update-notifier\n[  687.294328] [ 2781]  1000  2781   119355     5491     206       5     8285             0 gitkraken\n[  687.294330] [ 2805]  1000  2805   243557      464     184      37     4273           300 gitkraken\n[  687.294333] [ 2809]  1000  2809   409919     9289     414     119    27622           300 gitkraken\n[  687.294335] [ 2811]  1000  2811   265132       75     205      43    11494           300 gitkraken\n[  687.294337] [ 3005]  1000  3005     7384      413      20       3     1340             0 bash\n[  687.294340] [ 3422]  1000  3422   109736      306      49       3      767             0 deja-dup-monito\n[  687.294342] [ 3486]  1000  3486    89109      314      43       3      236             0 gvfsd-network\n[  687.294345] [ 3520]     0  3520     4634      822      14       3      222             0 mount.ntfs\n[  687.294347] [ 3530]  1000  3530    47358      169      28       3      638             0 gvfsd-metadata\n[  687.294349] [ 3541]  1000  3541    91302      229      44       3      232             0 gvfsd-dnssd\n[  687.294352] [ 3557]  1000  3557 11300573  1836051    7255      21  1781592             0 python\n[  687.294355] Out of memory: Kill process 3557 (python) score 886 or sacrifice child\n[  687.294382] Killed process 3557 (python) total-vm:45202292kB, anon-rss:7263600kB, file-rss:80604kB", "body": "@drpngx @aselle \r\n\r\nas you say memory run out, dmesg logs for 8 * 1080P images:\r\n\r\n[  687.293876] python invoked oom-killer: gfp_mask=0x24280ca, order=0, oom_score_adj=0\r\n[  687.293881] python cpuset=/ mems_allowed=0\r\n[  687.293888] CPU: 0 PID: 3557 Comm: python Tainted: P           OE   4.4.0-72-generic #93-Ubuntu\r\n[  687.293890] Hardware name: Gigabyte Technology Co., Ltd. B85M-D3V/B85M-D3V, BIOS FM 08/13/2015\r\n[  687.293892]  0000000000000286 000000003738f46c ffff88008ba47af8 ffffffff813f82b3\r\n[  687.293896]  ffff88008ba47cb0 ffff8801dc4a3800 ffff88008ba47b68 ffffffff8120b24e\r\n[  687.293899]  0000000000000015 0000000000000000 ffff880220b10240 ffff880222693800\r\n[  687.293903] Call Trace:\r\n[  687.293910]  [<ffffffff813f82b3>] dump_stack+0x63/0x90\r\n[  687.293915]  [<ffffffff8120b24e>] dump_header+0x5a/0x1c5\r\n[  687.293920]  [<ffffffff81391254>] ? apparmor_capable+0xc4/0x1b0\r\n[  687.293924]  [<ffffffff811928c2>] oom_kill_process+0x202/0x3c0\r\n[  687.293927]  [<ffffffff81192ce9>] out_of_memory+0x219/0x460\r\n[  687.293931]  [<ffffffff81198cd8>] __alloc_pages_slowpath.constprop.88+0x938/0xad0\r\n[  687.293935]  [<ffffffff811990f6>] __alloc_pages_nodemask+0x286/0x2a0\r\n[  687.293940]  [<ffffffff811e43cd>] alloc_pages_vma+0xad/0x250\r\n[  687.293946]  [<ffffffff811c2241>] handle_mm_fault+0x1491/0x1820\r\n[  687.293951]  [<ffffffff8106b527>] __do_page_fault+0x197/0x400\r\n[  687.293954]  [<ffffffff8106b7b2>] do_page_fault+0x22/0x30\r\n[  687.293957]  [<ffffffff8183e7f8>] page_fault+0x28/0x30\r\n[  687.293959] Mem-Info:\r\n[  687.293965] active_anon:1582299 inactive_anon:317922 isolated_anon:0\r\n                active_file:134 inactive_file:0 isolated_file:0\r\n                unevictable:922 dirty:2 writeback:286 unstable:0\r\n                slab_reclaimable:7856 slab_unreclaimable:10507\r\n                mapped:32359 shmem:904 pagetables:15915 bounce:0\r\n                free:25520 free_pcp:11 free_cma:0\r\n[  687.293970] Node 0 DMA free:15900kB min:132kB low:164kB high:196kB active_anon:0kB inactive_anon:0kB active_file:0kB inactive_file:0kB unevictable:0kB isolated(anon):0kB isolated(file):0kB present:15984kB managed:15900kB mlocked:0kB dirty:0kB writeback:0kB mapped:0kB shmem:0kB slab_reclaimable:0kB slab_unreclaimable:0kB kernel_stack:0kB pagetables:0kB unstable:0kB bounce:0kB free_pcp:0kB local_pcp:0kB free_cma:0kB writeback_tmp:0kB pages_scanned:0 all_unreclaimable? yes\r\n[  687.293976] lowmem_reserve[]: 0 3098 7823 7823 7823\r\n[  687.293980] Node 0 DMA32 free:45568kB min:26712kB low:33388kB high:40068kB active_anon:2419368kB inactive_anon:615432kB active_file:204kB inactive_file:0kB unevictable:280kB isolated(anon):0kB isolated(file):0kB present:3297140kB managed:3216484kB mlocked:280kB dirty:0kB writeback:592kB mapped:52056kB shmem:2648kB slab_reclaimable:11068kB slab_unreclaimable:14092kB kernel_stack:3536kB pagetables:23120kB unstable:0kB bounce:0kB free_pcp:0kB local_pcp:0kB free_cma:0kB writeback_tmp:0kB pages_scanned:5556 all_unreclaimable? yes\r\n[  687.293987] lowmem_reserve[]: 0 0 4724 4724 4724\r\n[  687.293990] Node 0 Normal free:40612kB min:40736kB low:50920kB high:61104kB active_anon:3909828kB inactive_anon:656256kB active_file:332kB inactive_file:0kB unevictable:3408kB isolated(anon):0kB isolated(file):0kB present:4970496kB managed:4838116kB mlocked:3408kB dirty:8kB writeback:552kB mapped:77380kB shmem:968kB slab_reclaimable:20356kB slab_unreclaimable:27936kB kernel_stack:5840kB pagetables:40540kB unstable:0kB bounce:0kB free_pcp:44kB local_pcp:0kB free_cma:0kB writeback_tmp:0kB pages_scanned:6552 all_unreclaimable? yes\r\n[  687.293996] lowmem_reserve[]: 0 0 0 0 0\r\n[  687.294000] Node 0 DMA: 1*4kB (U) 1*8kB (U) 1*16kB (U) 0*32kB 2*64kB (U) 1*128kB (U) 1*256kB (U) 0*512kB 1*1024kB (U) 1*2048kB (M) 3*4096kB (M) = 15900kB\r\n[  687.294014] Node 0 DMA32: 386*4kB (UME) 237*8kB (UME) 281*16kB (UME) 240*32kB (UE) 139*64kB (UME) 71*128kB (UME) 26*256kB (UE) 9*512kB (UME) 1*1024kB (M) 0*2048kB 0*4096kB = 45888kB\r\n[  687.294028] Node 0 Normal: 812*4kB (UME) 402*8kB (UME) 171*16kB (UME) 88*32kB (UME) 86*64kB (UME) 61*128kB (UME) 23*256kB (UME) 3*512kB (UE) 8*1024kB (M) 0*2048kB 0*4096kB = 40944kB\r\n[  687.294042] Node 0 hugepages_total=0 hugepages_free=0 hugepages_surp=0 hugepages_size=1048576kB\r\n[  687.294044] Node 0 hugepages_total=0 hugepages_free=0 hugepages_surp=0 hugepages_size=2048kB\r\n[  687.294046] 8293 total pagecache pages\r\n[  687.294047] 6620 pages in swap cache\r\n[  687.294049] Swap cache stats: add 2353174, delete 2346554, find 130887/234080\r\n[  687.294051] Free swap  = 0kB\r\n[  687.294052] Total swap = 8282108kB\r\n[  687.294053] 2070905 pages RAM\r\n[  687.294055] 0 pages HighMem/MovableOnly\r\n[  687.294056] 53280 pages reserved\r\n[  687.294057] 0 pages cma reserved\r\n[  687.294058] 0 pages hwpoisoned\r\n[  687.294059] [ pid ]   uid  tgid total_vm      rss nr_ptes nr_pmds swapents oom_score_adj name\r\n[  687.294067] [  382]     0   382     8847      781      20       3       27             0 systemd-journal\r\n[  687.294070] [  414]     0   414    23693      129      17       3       34             0 lvmetad\r\n[  687.294073] [  420]     0   420    11563      734      24       3      260         -1000 systemd-udevd\r\n[  687.294077] [  820]   100   820    25596      417      20       3        9             0 systemd-timesyn\r\n[  687.294079] [  997]     0   997    84333      467      67       3      294             0 ModemManager\r\n[  687.294082] [ 1004]   113  1004    11197      254      27       3       49             0 avahi-daemon\r\n[  687.294084] [ 1006]     0  1006     7155      305      18       3        5             0 systemd-logind\r\n[  687.294087] [ 1012]     0  1012     1100      283       8       3       22             0 acpid\r\n[  687.294090] [ 1016]   104  1016    64099      391      28       3     1167             0 rsyslogd\r\n[  687.294092] [ 1018]     0  1018    40226      225      15       4       51             0 lxcfs\r\n[  687.294095] [ 1024]   111  1024    93498      463      79       3      355             0 whoopsie\r\n[  687.294097] [ 1027]     0  1027     8124      412      21       3       37             0 cron\r\n[  687.294099] [ 1034]     0  1034     6511      385      17       3       24             0 atd\r\n[  687.294102] [ 1036]   107  1036    11057      659      27       3      155          -900 dbus-daemon\r\n[  687.294105] [ 1060]   113  1060    11197       15      25       3       67             0 avahi-daemon\r\n[  687.294107] [ 1084]     0  1084   113088      671      72       3      308             0 NetworkManager\r\n[  687.294110] [ 1091]     0  1091    69842      573      40       4        8             0 accounts-daemon\r\n[  687.294112] [ 1093]     0  1093    56460      475      31       5     1335             0 snapd\r\n[  687.294115] [ 1119]     0  1119    71359      527      42       4      539             0 polkitd\r\n[  687.294117] [ 1128]     0  1128     3344       25      11       4       13             0 mdadm\r\n[  687.294119] [ 1229]     0  1229     3999       97      11       3      115             0 dhclient\r\n[  687.294122] [ 1351]     0  1351     1306       20       9       3       10             0 iscsid\r\n[  687.294125] [ 1352]     0  1352     1431      878       9       3        0           -17 iscsid\r\n[  687.294127] [ 1421]     0  1421    87602      416      40       4      210             0 lightdm\r\n[  687.294130] [ 1423]     0  1423     4857      352      13       3        0             0 agetty\r\n[  687.294132] [ 1428]     0  1428     4892      354      14       3       44             0 irqbalance\r\n[  687.294135] [ 1434]     0  1434    59661     3249      90       3     4642             0 Xorg\r\n[  687.294137] [ 1533]     0  1533    57576      415      48       3      204             0 lightdm\r\n[  687.294140] [ 1590]   119  1590    45886      379      24       3       64             0 rtkit-daemon\r\n[  687.294142] [ 1623]  1000  1623    11312      324      26       3      221             0 systemd\r\n[  687.294145] [ 1625]  1000  1625    15863      110      34       4      416             0 (sd-pam)\r\n[  687.294147] [ 1630]  1000  1630    52176      306      34       3      732             0 gnome-keyring-d\r\n[  687.294149] [ 1632]  1000  1632    12526      399      31       4      324             0 upstart\r\n[  687.294152] [ 1713]  1000  1713     9087        0      19       3       73             0 upstart-udev-br\r\n[  687.294154] [ 1714]  1000  1714    10981      566      25       3      165             0 dbus-daemon\r\n[  687.294157] [ 1726]  1000  1726    22460       94      35       3      174             0 window-stack-br\r\n[  687.294159] [ 1773]  1000  1773   138779      356     183       4     8670             0 fcitx\r\n[  687.294162] [ 1780]  1000  1780     9071      183      17       3       68             0 upstart-dbus-br\r\n[  687.294164] [ 1783]  1000  1783     9071      201      18       3       65             0 upstart-dbus-br\r\n[  687.294167] [ 1787]  1000  1787    11227      177      22       3      114             0 upstart-file-br\r\n[  687.294169] [ 1788]  1000  1788    42507      299      17       3       41             0 gpg-agent\r\n[  687.294171] [ 1794]  1000  1794    10754      364      24       3      126             0 dbus-daemon\r\n[  687.294174] [ 1798]  1000  1798     6909        0      17       3       61             0 fcitx-dbus-watc\r\n[  687.294177] [ 1805]  1000  1805   130100      344     119       4     1533             0 bamfdaemon\r\n[  687.294179] [ 1815]  1000  1815   140755      489     130       3     1266             0 hud-service\r\n[  687.294182] [ 1817]  1000  1817   227177      391     166       4     2175             0 unity-settings-\r\n[  687.294184] [ 1824]  1000  1824    84503      320      34       4      161             0 at-spi-bus-laun\r\n[  687.294186] [ 1825]  1000  1825   174671      382     100       4      551             0 gnome-session-b\r\n[  687.294189] [ 1835]  1000  1835    69502      366      38       3      703             0 gvfsd\r\n[  687.294191] [ 1836]  1000  1836   195276     1249     132       3     1276             0 unity-panel-ser\r\n[  687.294194] [ 1841]  1000  1841    10756      444      26       3       99             0 dbus-daemon\r\n[  687.294196] [ 1846]  1000  1846   101715      337      31       3      184             0 gvfsd-fuse\r\n[  687.294199] [ 1863]     0  1863    87687      638      56       3       88             0 upowerd\r\n[  687.294201] [ 1899]  1000  1899    51717      290      36       3      144             0 at-spi2-registr\r\n[  687.294203] [ 1916]  1000  1916    44698      353      25       4      180             0 dconf-service\r\n[  687.294206] [ 1932]  1000  1932   107912      410      45       3      250             0 indicator-messa\r\n[  687.294208] [ 1933]  1000  1933   102654      223      35       3      168             0 indicator-bluet\r\n[  687.294211] [ 1934]  1000  1934   124770      371      44       4     1180             0 indicator-power\r\n[  687.294213] [ 1936]  1000  1936   325541      110     104       4      598             0 indicator-datet\r\n[  687.294215] [ 1943]  1000  1943   159335      240     126       4     1435             0 indicator-keybo\r\n[  687.294218] [ 1944]  1000  1944   185246      411      72       4      984             0 indicator-sound\r\n[  687.294220] [ 1947]  1000  1947   135871      315     124       3     1483             0 indicator-print\r\n[  687.294223] [ 1948]  1000  1948   239095      330      47       4      767             0 indicator-sessi\r\n[  687.294225] [ 1973]  1000  1973   128161      373      91       3      840             0 pulseaudio\r\n[  687.294228] [ 1986]   114  1986    76180      702      50       3      396             0 colord\r\n[  687.294230] [ 1987]  1000  1987   156202      351     150       4      950             0 evolution-sourc\r\n[  687.294232] [ 1990]  1000  1990    98985      370      90       3      385             0 indicator-appli\r\n[  687.294235] [ 2022]  1000  2022   108571      314     110       4     1351             0 notify-osd\r\n[  687.294237] [ 2030]  1000  2030   311474     9617     284       5    12818             0 compiz\r\n[  687.294240] [ 2048]  1000  2048   182844       93     146       4     1736             0 goa-daemon\r\n[  687.294242] [ 2055]  1000  2055   214844      416     192       4     9524             0 evolution-calen\r\n[  687.294245] [ 2064]  1000  2064   221385     1387     188       4     2660             0 nautilus\r\n[  687.294247] [ 2066]  1000  2066   106405        0     107       4      835             0 polkit-gnome-au\r\n[  687.294250] [ 2067]  1000  2067   326650      391     227       5    15687             0 gnome-software\r\n[  687.294252] [ 2072]  1000  2072   146486       98     142       3     2339             0 nm-applet\r\n[  687.294255] [ 2073]  1000  2073   143281       82     108       3      857             0 unity-fallback-\r\n[  687.294257] [ 2090]  1000  2090    90665      512      46       4      687             0 gvfs-udisks2-vo\r\n[  687.294260] [ 2096]     0  2096    91869     1403      45       4      101             0 udisksd\r\n[  687.294262] [ 2108]  1000  2108    65257      372      29       3      144             0 gvfs-goa-volume\r\n[  687.294265] [ 2122]     0  2122   157222      351      91       3     6161          -900 fwupd\r\n[  687.294267] [ 2131]  1000  2131    70778      224      41       3      231             0 goa-identity-se\r\n[  687.294269] [ 2136]  1000  2136    94046      285      52       4      838             0 mission-control\r\n[  687.294272] [ 2139]  1000  2139    65783      248      30       3      171             0 gvfs-mtp-volume\r\n[  687.294274] [ 2144]  1000  2144    68832      222      36       3      722             0 gvfs-gphoto2-vo\r\n[  687.294276] [ 2152]  1000  2152   101774      374      51       4      277             0 gvfs-afc-volume\r\n[  687.294279] [ 2186]  1000  2186    88514      349      40       3      245             0 gvfsd-trash\r\n[  687.294281] [ 2188]  1000  2188    16165      272      36       3       98             0 gconfd-2\r\n[  687.294284] [ 2225]  1000  2225   202835      349     111       4     9239             0 evolution-calen\r\n[  687.294286] [ 2234]  1000  2234   173528      374     115       3     1248             0 evolution-addre\r\n[  687.294289] [ 2236]  1000  2236   266515      372     113       4     9733             0 evolution-calen\r\n[  687.294291] [ 2267]  1000  2267   192971      344      94       4     1278             0 evolution-addre\r\n[  687.294293] [ 2270]  1000  2270   167547       70     173       4     1869             0 sogou-qimpanel-\r\n[  687.294296] [ 2271]  1000  2271   776899      186     222       5     5511             0 sogou-qimpanel\r\n[  687.294298] [ 2356]  1000  2356   147184       99     136       4     1843             0 gnome-terminal-\r\n[  687.294301] [ 2361]  1000  2361     7358      438      19       3     1314             0 bash\r\n[  687.294303] [ 2363]  1000  2363     1127      345       8       3       28             0 pycharm.sh\r\n[  687.294306] [ 2566]  1000  2566     1127      140       7       3       25             0 sh\r\n[  687.294308] [ 2577]  1000  2577   102549      353      35       3      248             0 zeitgeist-daemo\r\n[  687.294311] [ 2604]  1000  2604  1153069    49883     444       7    77463             0 java\r\n[  687.294313] [ 2625]  1000  2625    78156      339      44       4      630             0 zeitgeist-fts\r\n[  687.294315] [ 2627]  1000  2627   127804      346     104       4      559             0 zeitgeist-datah\r\n[  687.294318] [ 2686]  1000  2686     2217      343      10       3       98             0 fsnotifier64\r\n[  687.294320] [ 2716]  1000  2716   387246     2791     315      33    16611             0 gitkraken\r\n[  687.294323] [ 2730]  1000  2730    77895      386     130       4      751             0 gitkraken\r\n[  687.294325] [ 2731]  1000  2731   140923      358     127       4     1144             0 update-notifier\r\n[  687.294328] [ 2781]  1000  2781   119355     5491     206       5     8285             0 gitkraken\r\n[  687.294330] [ 2805]  1000  2805   243557      464     184      37     4273           300 gitkraken\r\n[  687.294333] [ 2809]  1000  2809   409919     9289     414     119    27622           300 gitkraken\r\n[  687.294335] [ 2811]  1000  2811   265132       75     205      43    11494           300 gitkraken\r\n[  687.294337] [ 3005]  1000  3005     7384      413      20       3     1340             0 bash\r\n[  687.294340] [ 3422]  1000  3422   109736      306      49       3      767             0 deja-dup-monito\r\n[  687.294342] [ 3486]  1000  3486    89109      314      43       3      236             0 gvfsd-network\r\n[  687.294345] [ 3520]     0  3520     4634      822      14       3      222             0 mount.ntfs\r\n[  687.294347] [ 3530]  1000  3530    47358      169      28       3      638             0 gvfsd-metadata\r\n[  687.294349] [ 3541]  1000  3541    91302      229      44       3      232             0 gvfsd-dnssd\r\n[  687.294352] [ 3557]  1000  3557 11300573  1836051    7255      21  1781592             0 python\r\n[  687.294355] Out of memory: Kill process 3557 (python) score 886 or sacrifice child\r\n[  687.294382] Killed process 3557 (python) total-vm:45202292kB, anon-rss:7263600kB, file-rss:80604kB\r\n"}