{"url": "https://api.github.com/repos/tensorflow/tensorflow/issues/comments/441306310", "html_url": "https://github.com/tensorflow/tensorflow/issues/23935#issuecomment-441306310", "issue_url": "https://api.github.com/repos/tensorflow/tensorflow/issues/23935", "id": 441306310, "node_id": "MDEyOklzc3VlQ29tbWVudDQ0MTMwNjMxMA==", "user": {"login": "KylePiira", "id": 17210104, "node_id": "MDQ6VXNlcjE3MjEwMTA0", "avatar_url": "https://avatars2.githubusercontent.com/u/17210104?v=4", "gravatar_id": "", "url": "https://api.github.com/users/KylePiira", "html_url": "https://github.com/KylePiira", "followers_url": "https://api.github.com/users/KylePiira/followers", "following_url": "https://api.github.com/users/KylePiira/following{/other_user}", "gists_url": "https://api.github.com/users/KylePiira/gists{/gist_id}", "starred_url": "https://api.github.com/users/KylePiira/starred{/owner}{/repo}", "subscriptions_url": "https://api.github.com/users/KylePiira/subscriptions", "organizations_url": "https://api.github.com/users/KylePiira/orgs", "repos_url": "https://api.github.com/users/KylePiira/repos", "events_url": "https://api.github.com/users/KylePiira/events{/privacy}", "received_events_url": "https://api.github.com/users/KylePiira/received_events", "type": "User", "site_admin": false}, "created_at": "2018-11-23T19:19:08Z", "updated_at": "2018-11-23T19:19:47Z", "author_association": "NONE", "body_html": "<p><a class=\"user-mention\" data-hovercard-type=\"user\" data-hovercard-url=\"/hovercards?user_id=2613663\" data-octo-click=\"hovercard-link-click\" data-octo-dimensions=\"link_type:self\" href=\"https://github.com/byronyi\">@byronyi</a> Sure thing</p>\n<pre><code>[    0.000000] microcode: microcode updated early to revision 0x25, date = 2018-04-02\n[    0.000000] Linux version 4.18.0-2-amd64 (debian-kernel@lists.debian.org) (gcc version 7.3.0 (Debian 7.3.0-30)) #1 SMP Debian 4.18.10-2 (2018-11-02)\n[    0.000000] Command line: BOOT_IMAGE=/boot/vmlinuz-4.18.0-2-amd64 root=UUID=412abef5-6a99-4d7e-abda-c02086b097b7 ro quiet\n[    0.000000] x86/fpu: Supporting XSAVE feature 0x001: 'x87 floating point registers'\n[    0.000000] x86/fpu: Supporting XSAVE feature 0x002: 'SSE registers'\n[    0.000000] x86/fpu: Supporting XSAVE feature 0x004: 'AVX registers'\n[    0.000000] x86/fpu: xstate_offset[2]:  576, xstate_sizes[2]:  256\n[    0.000000] x86/fpu: Enabled xstate features 0x7, context size is 832 bytes, using 'standard' format.\n[    0.000000] BIOS-provided physical RAM map:\n[    0.000000] BIOS-e820: [mem 0x0000000000000000-0x0000000000057fff] usable\n[    0.000000] BIOS-e820: [mem 0x0000000000058000-0x0000000000058fff] reserved\n[    0.000000] BIOS-e820: [mem 0x0000000000059000-0x000000000009efff] usable\n[    0.000000] BIOS-e820: [mem 0x000000000009f000-0x000000000009ffff] reserved\n[    0.000000] BIOS-e820: [mem 0x0000000000100000-0x00000000cc358fff] usable\n[    0.000000] BIOS-e820: [mem 0x00000000cc359000-0x00000000cc35ffff] ACPI NVS\n[    0.000000] BIOS-e820: [mem 0x00000000cc360000-0x00000000ccd52fff] usable\n[    0.000000] BIOS-e820: [mem 0x00000000ccd53000-0x00000000cd00afff] reserved\n[    0.000000] BIOS-e820: [mem 0x00000000cd00b000-0x00000000de3c1fff] usable\n[    0.000000] BIOS-e820: [mem 0x00000000de3c2000-0x00000000de812fff] reserved\n[    0.000000] BIOS-e820: [mem 0x00000000de813000-0x00000000de832fff] ACPI data\n[    0.000000] BIOS-e820: [mem 0x00000000de833000-0x00000000de99ffff] ACPI NVS\n[    0.000000] BIOS-e820: [mem 0x00000000de9a0000-0x00000000def74fff] reserved\n[    0.000000] BIOS-e820: [mem 0x00000000def75000-0x00000000deffefff] type 20\n[    0.000000] BIOS-e820: [mem 0x00000000defff000-0x00000000deffffff] usable\n[    0.000000] BIOS-e820: [mem 0x00000000f8000000-0x00000000fbffffff] reserved\n[    0.000000] BIOS-e820: [mem 0x00000000fec00000-0x00000000fec00fff] reserved\n[    0.000000] BIOS-e820: [mem 0x00000000fed00000-0x00000000fed03fff] reserved\n[    0.000000] BIOS-e820: [mem 0x00000000fed1c000-0x00000000fed1ffff] reserved\n[    0.000000] BIOS-e820: [mem 0x00000000fee00000-0x00000000fee00fff] reserved\n[    0.000000] BIOS-e820: [mem 0x00000000ff000000-0x00000000ffffffff] reserved\n[    0.000000] BIOS-e820: [mem 0x0000000100000000-0x000000081effffff] usable\n[    0.000000] NX (Execute Disable) protection: active\n[    0.000000] efi: EFI v2.31 by American Megatrends\n[    0.000000] efi:  ESRT=0xdef73998  ACPI=0xde81a000  ACPI 2.0=0xde81a000  SMBIOS=0xf04c0  MPS=0xfd4b0 \n[    0.000000] secureboot: Secure boot could not be determined (mode 0)\n[    0.000000] SMBIOS 2.7 present.\n[    0.000000] DMI: Hewlett-Packard 810-135qe/2AF3, BIOS 80.16 12/05/2013\n[    0.000000] e820: update [mem 0x00000000-0x00000fff] usable ==&gt; reserved\n[    0.000000] e820: remove [mem 0x000a0000-0x000fffff] usable\n[    0.000000] last_pfn = 0x81f000 max_arch_pfn = 0x400000000\n[    0.000000] MTRR default type: uncachable\n[    0.000000] MTRR fixed ranges enabled:\n[    0.000000]   00000-9FFFF write-back\n[    0.000000]   A0000-BFFFF uncachable\n[    0.000000]   C0000-CFFFF write-protect\n[    0.000000]   D0000-DFFFF uncachable\n[    0.000000]   E0000-FFFFF write-protect\n[    0.000000] MTRR variable ranges enabled:\n[    0.000000]   0 base 0000000000 mask 7800000000 write-back\n[    0.000000]   1 base 0800000000 mask 7FF0000000 write-back\n[    0.000000]   2 base 0810000000 mask 7FF8000000 write-back\n[    0.000000]   3 base 0818000000 mask 7FFC000000 write-back\n[    0.000000]   4 base 081C000000 mask 7FFE000000 write-back\n[    0.000000]   5 base 081E000000 mask 7FFF000000 write-back\n[    0.000000]   6 base 00E0000000 mask 7FE0000000 uncachable\n[    0.000000]   7 disabled\n[    0.000000]   8 disabled\n[    0.000000]   9 disabled\n[    0.000000] x86/PAT: Configuration [0-7]: WB  WC  UC- UC  WB  WP  UC- WT  \n[    0.000000] e820: update [mem 0xe0000000-0xffffffff] usable ==&gt; reserved\n[    0.000000] last_pfn = 0xdf000 max_arch_pfn = 0x400000000\n[    0.000000] found SMP MP-table at [mem 0x000fd760-0x000fd76f] mapped at [(____ptrval____)]\n[    0.000000] esrt: Reserving ESRT space from 0x00000000def73998 to 0x00000000def739d0.\n[    0.000000] Base memory trampoline at [(____ptrval____)] 97000 size 24576\n[    0.000000] Using GB pages for direct mapping\n[    0.000000] BRK [0x375a4b000, 0x375a4bfff] PGTABLE\n[    0.000000] BRK [0x375a4c000, 0x375a4cfff] PGTABLE\n[    0.000000] BRK [0x375a4d000, 0x375a4dfff] PGTABLE\n[    0.000000] BRK [0x375a4e000, 0x375a4efff] PGTABLE\n[    0.000000] BRK [0x375a4f000, 0x375a4ffff] PGTABLE\n[    0.000000] BRK [0x375a50000, 0x375a50fff] PGTABLE\n[    0.000000] BRK [0x375a51000, 0x375a51fff] PGTABLE\n[    0.000000] BRK [0x375a52000, 0x375a52fff] PGTABLE\n[    0.000000] BRK [0x375a53000, 0x375a53fff] PGTABLE\n[    0.000000] BRK [0x375a54000, 0x375a54fff] PGTABLE\n[    0.000000] BRK [0x375a55000, 0x375a55fff] PGTABLE\n[    0.000000] RAMDISK: [mem 0x34029000-0x3600bfff]\n[    0.000000] ACPI: Early table checksum verification disabled\n[    0.000000] ACPI: RSDP 0x00000000DE81A000 000024 (v02 HPQOEM)\n[    0.000000] ACPI: XSDT 0x00000000DE81A088 00008C (v01 HPQOEM SLIC-CPC 01072009 AMI  00010013)\n[    0.000000] ACPI: FACP 0x00000000DE82E2F0 00010C (v05 HPQOEM SLIC-CPC 01072009 AMI  00010013)\n[    0.000000] ACPI: DSDT 0x00000000DE81A1A0 014149 (v02 HPQOEM SLIC-CPC 00008016 INTL 20120711)\n[    0.000000] ACPI: FACS 0x00000000DE99E080 000040\n[    0.000000] ACPI: APIC 0x00000000DE82E400 000092 (v03 HPQOEM SLIC-CPC 01072009 AMI  00010013)\n[    0.000000] ACPI: FPDT 0x00000000DE82E498 000044 (v01 HPQOEM SLIC-CPC 01072009 AMI  00010013)\n[    0.000000] ACPI: ASF! 0x00000000DE82E4E0 0000A5 (v32 HPQOEM SLIC-CPC 00000001 TFSM 000F4240)\n[    0.000000] ACPI: SLIC 0x00000000DE82E588 000176 (v01 HPQOEM SLIC-CPC 01072009 AMI  00010013)\n[    0.000000] ACPI: SSDT 0x00000000DE82E700 000539 (v01 PmRef  Cpu0Ist  00003000 INTL 20120711)\n[    0.000000] ACPI: SSDT 0x00000000DE82EC40 000AD8 (v01 PmRef  CpuPm    00003000 INTL 20120711)\n[    0.000000] ACPI: MCFG 0x00000000DE82F718 00003C (v01 HPQOEM SLIC-CPC 01072009 MSFT 00000097)\n[    0.000000] ACPI: HPET 0x00000000DE82F758 000038 (v01 HPQOEM SLIC-CPC 01072009 AMI. 00000005)\n[    0.000000] ACPI: SSDT 0x00000000DE82F790 00036D (v01 SataRe SataTabl 00001000 INTL 20120711)\n[    0.000000] ACPI: SSDT 0x00000000DE82FB00 0033C9 (v01 SaSsdt SaSsdt   00003000 INTL 20091112)\n[    0.000000] ACPI: DBGP 0x00000000DE832ED0 000034 (v01 HPQOEM SLIC-CPC 01072009 AMI  00010013)\n[    0.000000] ACPI: BGRT 0x00000000DE832F08 000038 (v00 HPQOEM SLIC-CPC 01072009 AMI  00010013)\n[    0.000000] ACPI: Local APIC address 0xfee00000\n[    0.000000] No NUMA configuration found\n[    0.000000] Faking a node at [mem 0x0000000000000000-0x000000081effffff]\n[    0.000000] NODE_DATA(0) allocated [mem 0x81effb000-0x81effffff]\n[    0.000000] tsc: Fast TSC calibration using PIT\n[    0.000000] Zone ranges:\n[    0.000000]   DMA      [mem 0x0000000000001000-0x0000000000ffffff]\n[    0.000000]   DMA32    [mem 0x0000000001000000-0x00000000ffffffff]\n[    0.000000]   Normal   [mem 0x0000000100000000-0x000000081effffff]\n[    0.000000]   Device   empty\n[    0.000000] Movable zone start for each node\n[    0.000000] Early memory node ranges\n[    0.000000]   node   0: [mem 0x0000000000001000-0x0000000000057fff]\n[    0.000000]   node   0: [mem 0x0000000000059000-0x000000000009efff]\n[    0.000000]   node   0: [mem 0x0000000000100000-0x00000000cc358fff]\n[    0.000000]   node   0: [mem 0x00000000cc360000-0x00000000ccd52fff]\n[    0.000000]   node   0: [mem 0x00000000cd00b000-0x00000000de3c1fff]\n[    0.000000]   node   0: [mem 0x00000000defff000-0x00000000deffffff]\n[    0.000000]   node   0: [mem 0x0000000100000000-0x000000081effffff]\n[    0.000000] Reserved but unavailable: 8031 pages\n[    0.000000] Initmem setup node 0 [mem 0x0000000000001000-0x000000081effffff]\n[    0.000000] On node 0 totalpages: 8376481\n[    0.000000]   DMA zone: 64 pages used for memmap\n[    0.000000]   DMA zone: 26 pages reserved\n[    0.000000]   DMA zone: 3997 pages, LIFO batch:0\n[    0.000000]   DMA32 zone: 14149 pages used for memmap\n[    0.000000]   DMA32 zone: 905476 pages, LIFO batch:31\n[    0.000000]   Normal zone: 116672 pages used for memmap\n[    0.000000]   Normal zone: 7467008 pages, LIFO batch:31\n[    0.000000] ACPI: PM-Timer IO Port: 0x1808\n[    0.000000] ACPI: Local APIC address 0xfee00000\n[    0.000000] ACPI: LAPIC_NMI (acpi_id[0xff] high edge lint[0x1])\n[    0.000000] IOAPIC[0]: apic_id 2, version 32, address 0xfec00000, GSI 0-23\n[    0.000000] ACPI: INT_SRC_OVR (bus 0 bus_irq 0 global_irq 2 dfl dfl)\n[    0.000000] ACPI: INT_SRC_OVR (bus 0 bus_irq 9 global_irq 9 high level)\n[    0.000000] ACPI: IRQ0 used by override.\n[    0.000000] ACPI: IRQ9 used by override.\n[    0.000000] Using ACPI (MADT) for SMP configuration information\n[    0.000000] ACPI: HPET id: 0x8086a701 base: 0xfed00000\n[    0.000000] smpboot: Allowing 8 CPUs, 0 hotplug CPUs\n[    0.000000] PM: Registered nosave memory: [mem 0x00000000-0x00000fff]\n[    0.000000] PM: Registered nosave memory: [mem 0x00058000-0x00058fff]\n[    0.000000] PM: Registered nosave memory: [mem 0x0009f000-0x0009ffff]\n[    0.000000] PM: Registered nosave memory: [mem 0x000a0000-0x000fffff]\n[    0.000000] PM: Registered nosave memory: [mem 0xcc359000-0xcc35ffff]\n[    0.000000] PM: Registered nosave memory: [mem 0xccd53000-0xcd00afff]\n[    0.000000] PM: Registered nosave memory: [mem 0xde3c2000-0xde812fff]\n[    0.000000] PM: Registered nosave memory: [mem 0xde813000-0xde832fff]\n[    0.000000] PM: Registered nosave memory: [mem 0xde833000-0xde99ffff]\n[    0.000000] PM: Registered nosave memory: [mem 0xde9a0000-0xdef74fff]\n[    0.000000] PM: Registered nosave memory: [mem 0xdef75000-0xdeffefff]\n[    0.000000] PM: Registered nosave memory: [mem 0xdf000000-0xf7ffffff]\n[    0.000000] PM: Registered nosave memory: [mem 0xf8000000-0xfbffffff]\n[    0.000000] PM: Registered nosave memory: [mem 0xfc000000-0xfebfffff]\n[    0.000000] PM: Registered nosave memory: [mem 0xfec00000-0xfec00fff]\n[    0.000000] PM: Registered nosave memory: [mem 0xfec01000-0xfecfffff]\n[    0.000000] PM: Registered nosave memory: [mem 0xfed00000-0xfed03fff]\n[    0.000000] PM: Registered nosave memory: [mem 0xfed04000-0xfed1bfff]\n[    0.000000] PM: Registered nosave memory: [mem 0xfed1c000-0xfed1ffff]\n[    0.000000] PM: Registered nosave memory: [mem 0xfed20000-0xfedfffff]\n[    0.000000] PM: Registered nosave memory: [mem 0xfee00000-0xfee00fff]\n[    0.000000] PM: Registered nosave memory: [mem 0xfee01000-0xfeffffff]\n[    0.000000] PM: Registered nosave memory: [mem 0xff000000-0xffffffff]\n[    0.000000] [mem 0xdf000000-0xf7ffffff] available for PCI devices\n[    0.000000] Booting paravirtualized kernel on bare hardware\n[    0.000000] clocksource: refined-jiffies: mask: 0xffffffff max_cycles: 0xffffffff, max_idle_ns: 7645519600211568 ns\n[    0.000000] random: get_random_bytes called from start_kernel+0x94/0x52e with crng_init=0\n[    0.000000] setup_percpu: NR_CPUS:512 nr_cpumask_bits:512 nr_cpu_ids:8 nr_node_ids:1\n[    0.000000] percpu: Embedded 44 pages/cpu @(____ptrval____) s142744 r8192 d29288 u262144\n[    0.000000] pcpu-alloc: s142744 r8192 d29288 u262144 alloc=1*2097152\n[    0.000000] pcpu-alloc: [0] 0 1 2 3 4 5 6 7 \n[    0.000000] Built 1 zonelists, mobility grouping on.  Total pages: 8245570\n[    0.000000] Policy zone: Normal\n[    0.000000] Kernel command line: BOOT_IMAGE=/boot/vmlinuz-4.18.0-2-amd64 root=UUID=412abef5-6a99-4d7e-abda-c02086b097b7 ro quiet\n[    0.000000] Calgary: detecting Calgary via BIOS EBDA area\n[    0.000000] Calgary: Unable to locate Rio Grande table in EBDA - bailing!\n[    0.000000] Memory: 32633704K/33505924K available (10252K kernel code, 1223K rwdata, 3260K rodata, 1548K init, 656K bss, 872220K reserved, 0K cma-reserved)\n[    0.000000] SLUB: HWalign=64, Order=0-3, MinObjects=0, CPUs=8, Nodes=1\n[    0.000000] Kernel/User page tables isolation: enabled\n[    0.000000] ftrace: allocating 31267 entries in 123 pages\n[    0.000000] Hierarchical RCU implementation.\n[    0.000000]  RCU restricting CPUs from NR_CPUS=512 to nr_cpu_ids=8.\n[    0.000000] RCU: Adjusting geometry for rcu_fanout_leaf=16, nr_cpu_ids=8\n[    0.000000] NR_IRQS: 33024, nr_irqs: 488, preallocated irqs: 16\n[    0.000000] Console: colour dummy device 80x25\n[    0.000000] console [tty0] enabled\n[    0.000000] ACPI: Core revision 20180531\n[    0.000000] clocksource: hpet: mask: 0xffffffff max_cycles: 0xffffffff, max_idle_ns: 133484882848 ns\n[    0.000000] hpet clockevent registered\n[    0.000000] APIC: Switch to symmetric I/O mode setup\n[    0.000000] ..TIMER: vector=0x30 apic1=0 pin1=2 apic2=-1 pin2=-1\n[    0.020000] tsc: Fast TSC calibration using PIT\n[    0.024000] tsc: Detected 3492.193 MHz processor\n[    0.024000] clocksource: tsc-early: mask: 0xffffffffffffffff max_cycles: 0x3256826d48f, max_idle_ns: 440795324722 ns\n[    0.024000] Calibrating delay loop (skipped), value calculated using timer frequency.. 6984.38 BogoMIPS (lpj=13968772)\n[    0.024000] pid_max: default: 32768 minimum: 301\n[    0.024000] Security Framework initialized\n[    0.024000] Yama: disabled by default; enable with sysctl kernel.yama.*\n[    0.024000] AppArmor: AppArmor initialized\n[    0.029312] Dentry cache hash table entries: 4194304 (order: 13, 33554432 bytes)\n[    0.031124] Inode-cache hash table entries: 2097152 (order: 12, 16777216 bytes)\n[    0.031194] Mount-cache hash table entries: 65536 (order: 7, 524288 bytes)\n[    0.031251] Mountpoint-cache hash table entries: 65536 (order: 7, 524288 bytes)\n[    0.031402] ENERGY_PERF_BIAS: Set to 'normal', was 'performance'\n[    0.031402] ENERGY_PERF_BIAS: View and update with x86_energy_perf_policy(8)\n[    0.031406] mce: CPU supports 9 MCE banks\n[    0.031414] CPU0: Thermal monitoring enabled (TM1)\n[    0.031424] process: using mwait in idle threads\n[    0.031426] Last level iTLB entries: 4KB 1024, 2MB 1024, 4MB 1024\n[    0.031427] Last level dTLB entries: 4KB 1024, 2MB 1024, 4MB 1024, 1GB 4\n[    0.031428] Spectre V2 : Mitigation: Full generic retpoline\n[    0.031428] Spectre V2 : Spectre v2 / SpectreRSB mitigation: Filling RSB on context switch\n[    0.031429] Spectre V2 : Spectre v2 mitigation: Enabling Indirect Branch Prediction Barrier\n[    0.031429] Spectre V2 : Enabling Restricted Speculation for firmware calls\n[    0.031430] Speculative Store Bypass: Mitigation: Speculative Store Bypass disabled via prctl and seccomp\n[    0.034200] Freeing SMP alternatives memory: 24K\n[    0.039207] TSC deadline timer enabled\n[    0.039210] smpboot: CPU0: Intel(R) Core(TM) i7-4770K CPU @ 3.50GHz (family: 0x6, model: 0x3c, stepping: 0x3)\n[    0.039269] Performance Events: PEBS fmt2+, Haswell events, 16-deep LBR, full-width counters, Intel PMU driver.\n[    0.039297] ... version:                3\n[    0.039297] ... bit width:              48\n[    0.039298] ... generic registers:      4\n[    0.039298] ... value mask:             0000ffffffffffff\n[    0.039299] ... max period:             00007fffffffffff\n[    0.039299] ... fixed-purpose events:   3\n[    0.039299] ... event mask:             000000070000000f\n[    0.039323] Hierarchical SRCU implementation.\n[    0.039995] NMI watchdog: Enabled. Permanently consumes one hw-PMU counter.\n[    0.040000] smp: Bringing up secondary CPUs ...\n[    0.040000] x86: Booting SMP configuration:\n[    0.040000] .... node  #0, CPUs:      #1 #2 #3 #4 #5 #6 #7\n[    0.041543] smp: Brought up 1 node, 8 CPUs\n[    0.041543] smpboot: Max logical packages: 1\n[    0.041543] smpboot: Total of 8 processors activated (55875.08 BogoMIPS)\n[    0.044613] devtmpfs: initialized\n[    0.044613] x86/mm: Memory block size: 128MB\n[    0.045453] PM: Registering ACPI NVS region [mem 0xcc359000-0xcc35ffff] (28672 bytes)\n[    0.045453] PM: Registering ACPI NVS region [mem 0xde833000-0xde99ffff] (1495040 bytes)\n[    0.045453] clocksource: jiffies: mask: 0xffffffff max_cycles: 0xffffffff, max_idle_ns: 7645041785100000 ns\n[    0.045453] futex hash table entries: 2048 (order: 5, 131072 bytes)\n[    0.045453] pinctrl core: initialized pinctrl subsystem\n[    0.045453] NET: Registered protocol family 16\n[    0.045453] audit: initializing netlink subsys (disabled)\n[    0.045453] audit: type=2000 audit(1543000327.044:1): state=initialized audit_enabled=0 res=1\n[    0.045453] cpuidle: using governor ladder\n[    0.045453] cpuidle: using governor menu\n[    0.045453] ACPI FADT declares the system doesn't support PCIe ASPM, so disable it\n[    0.045453] ACPI: bus type PCI registered\n[    0.045453] acpiphp: ACPI Hot Plug PCI Controller Driver version: 0.5\n[    0.045453] PCI: MMCONFIG for domain 0000 [bus 00-3f] at [mem 0xf8000000-0xfbffffff] (base 0xf8000000)\n[    0.045453] PCI: MMCONFIG at [mem 0xf8000000-0xfbffffff] reserved in E820\n[    0.045453] pmd_set_huge: Cannot satisfy [mem 0xf8000000-0xf8200000] with a huge-page mapping due to MTRR override.\n[    0.045453] PCI: Using configuration type 1 for base access\n[    0.045453] core: PMU erratum BJ122, BV98, HSD29 worked around, HT is on\n[    0.045453] mtrr: your CPUs had inconsistent fixed MTRR settings\n[    0.045453] mtrr: probably your BIOS does not setup all CPUs.\n[    0.045453] mtrr: corrected configuration.\n[    0.045453] HugeTLB registered 1.00 GiB page size, pre-allocated 0 pages\n[    0.045453] HugeTLB registered 2.00 MiB page size, pre-allocated 0 pages\n[    0.048052] ACPI: Added _OSI(Module Device)\n[    0.048053] ACPI: Added _OSI(Processor Device)\n[    0.048053] ACPI: Added _OSI(3.0 _SCP Extensions)\n[    0.048054] ACPI: Added _OSI(Processor Aggregator Device)\n[    0.048055] ACPI: Added _OSI(Linux-Dell-Video)\n[    0.053156] ACPI: 5 ACPI AML tables successfully acquired and loaded\n[    0.055270] ACPI: [Firmware Bug]: BIOS _OSI(Linux) query ignored\n[    0.056084] ACPI: Dynamic OEM Table Load:\n[    0.056088] ACPI: SSDT 0xFFFF88F7FA58A800 0003D3 (v01 PmRef  Cpu0Cst  00003001 INTL 20120711)\n[    0.056202] ACPI: Dynamic OEM Table Load:\n[    0.056202] ACPI: SSDT 0xFFFF88F7FA9A5000 0005AA (v01 PmRef  ApIst    00003000 INTL 20120711)\n[    0.056414] ACPI: Dynamic OEM Table Load:\n[    0.056414] ACPI: SSDT 0xFFFF88F7FA56D200 000119 (v01 PmRef  ApCst    00003000 INTL 20120711)\n[    0.056415] ACPI: Interpreter enabled\n[    0.056415] ACPI: (supports S0 S3 S4 S5)\n[    0.056415] ACPI: Using IOAPIC for interrupt routing\n[    0.056427] PCI: Using host bridge windows from ACPI; if necessary, use \"pci=nocrs\" and report a bug\n[    0.056578] ACPI: Enabled 9 GPEs in block 00 to 3F\n[    0.062089] ACPI: Power Resource [FN00] (off)\n[    0.062133] ACPI: Power Resource [FN01] (off)\n[    0.062174] ACPI: Power Resource [FN02] (off)\n[    0.062215] ACPI: Power Resource [FN03] (off)\n[    0.062255] ACPI: Power Resource [FN04] (off)\n[    0.062740] ACPI: PCI Root Bridge [PCI0] (domain 0000 [bus 00-3e])\n[    0.062744] acpi PNP0A08:00: _OSC: OS supports [ExtendedConfig ASPM ClockPM Segments MSI]\n[    0.062868] acpi PNP0A08:00: _OSC: platform does not support [PCIeHotplug SHPCHotplug PME]\n[    0.062952] acpi PNP0A08:00: _OSC: OS now controls [AER PCIeCapability LTR]\n[    0.062953] acpi PNP0A08:00: FADT indicates ASPM is unsupported, using BIOS configuration\n[    0.063238] PCI host bridge to bus 0000:00\n[    0.063239] pci_bus 0000:00: root bus resource [io  0x0000-0x0cf7 window]\n[    0.063240] pci_bus 0000:00: root bus resource [io  0x0d00-0xffff window]\n[    0.063241] pci_bus 0000:00: root bus resource [mem 0x000a0000-0x000bffff window]\n[    0.063242] pci_bus 0000:00: root bus resource [mem 0x000d0000-0x000d3fff window]\n[    0.063243] pci_bus 0000:00: root bus resource [mem 0x000d4000-0x000d7fff window]\n[    0.063244] pci_bus 0000:00: root bus resource [mem 0x000d8000-0x000dbfff window]\n[    0.063245] pci_bus 0000:00: root bus resource [mem 0x000dc000-0x000dffff window]\n[    0.063246] pci_bus 0000:00: root bus resource [mem 0xe0000000-0xfeafffff window]\n[    0.063247] pci_bus 0000:00: root bus resource [bus 00-3e]\n[    0.063252] pci 0000:00:00.0: [8086:0c00] type 00 class 0x060000\n[    0.063320] pci 0000:00:01.0: [8086:0c01] type 01 class 0x060400\n[    0.063347] pci 0000:00:01.0: PME# supported from D0 D3hot D3cold\n[    0.063442] pci 0000:00:14.0: [8086:8c31] type 00 class 0x0c0330\n[    0.063461] pci 0000:00:14.0: reg 0x10: [mem 0xf7200000-0xf720ffff 64bit]\n[    0.063509] pci 0000:00:14.0: PME# supported from D3hot D3cold\n[    0.063565] pci 0000:00:16.0: [8086:8c3a] type 00 class 0x078000\n[    0.063584] pci 0000:00:16.0: reg 0x10: [mem 0xf721a000-0xf721a00f 64bit]\n[    0.063635] pci 0000:00:16.0: PME# supported from D0 D3hot D3cold\n[    0.063696] pci 0000:00:1a.0: [8086:8c2d] type 00 class 0x0c0320\n[    0.063714] pci 0000:00:1a.0: reg 0x10: [mem 0xf7218000-0xf72183ff]\n[    0.063784] pci 0000:00:1a.0: PME# supported from D0 D3hot D3cold\n[    0.063843] pci 0000:00:1b.0: [8086:8c20] type 00 class 0x040300\n[    0.063859] pci 0000:00:1b.0: reg 0x10: [mem 0xf7210000-0xf7213fff 64bit]\n[    0.063908] pci 0000:00:1b.0: PME# supported from D0 D3hot D3cold\n[    0.063963] pci 0000:00:1c.0: [8086:8c10] type 01 class 0x060400\n[    0.064024] pci 0000:00:1c.0: PME# supported from D0 D3hot D3cold\n[    0.064108] pci 0000:00:1c.2: [8086:8c14] type 01 class 0x060400\n[    0.064168] pci 0000:00:1c.2: PME# supported from D0 D3hot D3cold\n[    0.064252] pci 0000:00:1d.0: [8086:8c26] type 00 class 0x0c0320\n[    0.064271] pci 0000:00:1d.0: reg 0x10: [mem 0xf7217000-0xf72173ff]\n[    0.064342] pci 0000:00:1d.0: PME# supported from D0 D3hot D3cold\n[    0.064402] pci 0000:00:1f.0: [8086:8c44] type 00 class 0x060100\n[    0.064542] pci 0000:00:1f.2: [8086:8c02] type 00 class 0x010601\n[    0.064556] pci 0000:00:1f.2: reg 0x10: [io  0xf070-0xf077]\n[    0.064562] pci 0000:00:1f.2: reg 0x14: [io  0xf060-0xf063]\n[    0.064567] pci 0000:00:1f.2: reg 0x18: [io  0xf050-0xf057]\n[    0.064573] pci 0000:00:1f.2: reg 0x1c: [io  0xf040-0xf043]\n[    0.064579] pci 0000:00:1f.2: reg 0x20: [io  0xf020-0xf03f]\n[    0.064585] pci 0000:00:1f.2: reg 0x24: [mem 0xf7216000-0xf72167ff]\n[    0.064614] pci 0000:00:1f.2: PME# supported from D3hot\n[    0.064666] pci 0000:00:1f.3: [8086:8c22] type 00 class 0x0c0500\n[    0.064681] pci 0000:00:1f.3: reg 0x10: [mem 0xf7215000-0xf72150ff 64bit]\n[    0.064697] pci 0000:00:1f.3: reg 0x20: [io  0xf000-0xf01f]\n[    0.064783] pci 0000:01:00.0: [10de:1c03] type 00 class 0x030000\n[    0.064800] pci 0000:01:00.0: reg 0x10: [mem 0xf6000000-0xf6ffffff]\n[    0.064809] pci 0000:01:00.0: reg 0x14: [mem 0xe0000000-0xefffffff 64bit pref]\n[    0.064817] pci 0000:01:00.0: reg 0x1c: [mem 0xf0000000-0xf1ffffff 64bit pref]\n[    0.064823] pci 0000:01:00.0: reg 0x24: [io  0xe000-0xe07f]\n[    0.064829] pci 0000:01:00.0: reg 0x30: [mem 0xf7000000-0xf707ffff pref]\n[    0.064840] pci 0000:01:00.0: BAR 3: assigned to efifb\n[    0.064916] pci 0000:01:00.1: [10de:10f1] type 00 class 0x040300\n[    0.064929] pci 0000:01:00.1: reg 0x10: [mem 0xf7080000-0xf7083fff]\n[    0.065038] pci 0000:00:01.0: PCI bridge to [bus 01]\n[    0.065039] pci 0000:00:01.0:   bridge window [io  0xe000-0xefff]\n[    0.065041] pci 0000:00:01.0:   bridge window [mem 0xf6000000-0xf70fffff]\n[    0.065043] pci 0000:00:01.0:   bridge window [mem 0xe0000000-0xf1ffffff 64bit pref]\n[    0.065101] acpiphp: Slot [1] registered\n[    0.065105] pci 0000:00:1c.0: PCI bridge to [bus 02]\n[    0.065167] pci 0000:03:00.0: [10ec:8168] type 00 class 0x020000\n[    0.065194] pci 0000:03:00.0: reg 0x10: [io  0xd000-0xd0ff]\n[    0.065219] pci 0000:03:00.0: reg 0x18: [mem 0xf7104000-0xf7104fff 64bit]\n[    0.065235] pci 0000:03:00.0: reg 0x20: [mem 0xf7100000-0xf7103fff 64bit pref]\n[    0.065325] pci 0000:03:00.0: supports D1 D2\n[    0.065326] pci 0000:03:00.0: PME# supported from D0 D1 D2 D3hot D3cold\n[    0.065421] pci 0000:00:1c.2: PCI bridge to [bus 03]\n[    0.065424] pci 0000:00:1c.2:   bridge window [io  0xd000-0xdfff]\n[    0.065427] pci 0000:00:1c.2:   bridge window [mem 0xf7100000-0xf71fffff]\n[    0.065973] ACPI: PCI Interrupt Link [LNKA] (IRQs 3 4 5 6 10 *11 12 14 15)\n[    0.066020] ACPI: PCI Interrupt Link [LNKB] (IRQs 3 4 5 6 *10 11 12 14 15)\n[    0.066056] ACPI: PCI Interrupt Link [LNKC] (IRQs 3 *4 5 6 10 11 12 14 15)\n[    0.066097] ACPI: PCI Interrupt Link [LNKD] (IRQs 3 4 *5 6 10 11 12 14 15)\n[    0.066138] ACPI: PCI Interrupt Link [LNKE] (IRQs 3 4 5 6 10 11 12 14 15) *0, disabled.\n[    0.066174] ACPI: PCI Interrupt Link [LNKF] (IRQs 3 4 5 6 10 11 12 14 15) *0, disabled.\n[    0.066215] ACPI: PCI Interrupt Link [LNKG] (IRQs *3 4 5 6 10 11 12 14 15)\n[    0.066257] ACPI: PCI Interrupt Link [LNKH] (IRQs 3 4 5 6 10 *11 12 14 15)\n[    0.068006] pci 0000:01:00.0: vgaarb: setting as boot VGA device\n[    0.068007] pci 0000:01:00.0: vgaarb: VGA device added: decodes=io+mem,owns=io+mem,locks=none\n[    0.068008] pci 0000:01:00.0: vgaarb: bridge control possible\n[    0.068008] vgaarb: loaded\n[    0.068040] pps_core: LinuxPPS API ver. 1 registered\n[    0.068040] pps_core: Software ver. 5.3.6 - Copyright 2005-2007 Rodolfo Giometti &lt;giometti@linux.it&gt;\n[    0.068042] PTP clock support registered\n[    0.068045] EDAC MC: Ver: 3.0.0\n[    0.068091] Registered efivars operations\n[    0.072008] PCI: Using ACPI for IRQ routing\n[    0.073006] PCI: pci_cache_line_size set to 64 bytes\n[    0.073040] e820: reserve RAM buffer [mem 0x00058000-0x0005ffff]\n[    0.073041] e820: reserve RAM buffer [mem 0x0009f000-0x0009ffff]\n[    0.073041] e820: reserve RAM buffer [mem 0xcc359000-0xcfffffff]\n[    0.073042] e820: reserve RAM buffer [mem 0xccd53000-0xcfffffff]\n[    0.073042] e820: reserve RAM buffer [mem 0xde3c2000-0xdfffffff]\n[    0.073043] e820: reserve RAM buffer [mem 0xdf000000-0xdfffffff]\n[    0.073044] e820: reserve RAM buffer [mem 0x81f000000-0x81fffffff]\n[    0.076209] hpet0: at MMIO 0xfed00000, IRQs 2, 8, 0, 0, 0, 0, 0, 0\n[    0.076213] hpet0: 8 comparators, 64-bit 14.318180 MHz counter\n[    0.078236] clocksource: Switched to clocksource tsc-early\n[    0.082498] VFS: Disk quotas dquot_6.6.0\n[    0.082507] VFS: Dquot-cache hash table entries: 512 (order 0, 4096 bytes)\n[    0.082578] AppArmor: AppArmor Filesystem Enabled\n[    0.082587] pnp: PnP ACPI init\n[    0.082641] system 00:00: [mem 0xfed40000-0xfed44fff] has been reserved\n[    0.082644] system 00:00: Plug and Play ACPI device, IDs PNP0c01 (active)\n[    0.082761] system 00:01: [io  0x0680-0x069f] has been reserved\n[    0.082763] system 00:01: [io  0xffff] has been reserved\n[    0.082764] system 00:01: [io  0xffff] has been reserved\n[    0.082765] system 00:01: [io  0xffff] has been reserved\n[    0.082766] system 00:01: [io  0x1c00-0x1cfe] has been reserved\n[    0.082767] system 00:01: [io  0x1d00-0x1dfe] has been reserved\n[    0.082768] system 00:01: [io  0x1e00-0x1efe] has been reserved\n[    0.082768] system 00:01: [io  0x1f00-0x1ffe] has been reserved\n[    0.082769] system 00:01: [io  0x1800-0x18fe] has been reserved\n[    0.082770] system 00:01: [io  0x164e-0x164f] has been reserved\n[    0.082773] system 00:01: Plug and Play ACPI device, IDs PNP0c02 (active)\n[    0.082786] pnp 00:02: Plug and Play ACPI device, IDs PNP0b00 (active)\n[    0.082813] system 00:03: [io  0x1854-0x1857] has been reserved\n[    0.082815] system 00:03: Plug and Play ACPI device, IDs INT3f0d PNP0c02 (active)\n[    0.082864] system 00:04: [io  0x0290-0x029f] has been reserved\n[    0.082866] system 00:04: Plug and Play ACPI device, IDs PNP0c02 (active)\n[    0.082910] system 00:05: [io  0x04d0-0x04d1] has been reserved\n[    0.082912] system 00:05: Plug and Play ACPI device, IDs PNP0c02 (active)\n[    0.083234] system 00:06: [mem 0xfed1c000-0xfed1ffff] has been reserved\n[    0.083235] system 00:06: [mem 0xfed10000-0xfed17fff] has been reserved\n[    0.083238] system 00:06: [mem 0xfed18000-0xfed18fff] has been reserved\n[    0.083239] system 00:06: [mem 0xfed19000-0xfed19fff] has been reserved\n[    0.083240] system 00:06: [mem 0xf8000000-0xfbffffff] has been reserved\n[    0.083241] system 00:06: [mem 0xfed20000-0xfed3ffff] has been reserved\n[    0.083242] system 00:06: [mem 0xfed90000-0xfed93fff] has been reserved\n[    0.083243] system 00:06: [mem 0xfed45000-0xfed8ffff] has been reserved\n[    0.083244] system 00:06: [mem 0xff000000-0xffffffff] has been reserved\n[    0.083245] system 00:06: [mem 0xfee00000-0xfeefffff] could not be reserved\n[    0.083246] system 00:06: [mem 0xf7fee000-0xf7feefff] has been reserved\n[    0.083247] system 00:06: [mem 0xf7fd0000-0xf7fdffff] has been reserved\n[    0.083250] system 00:06: Plug and Play ACPI device, IDs PNP0c02 (active)\n[    0.083432] pnp: PnP ACPI: found 7 devices\n[    0.088706] clocksource: acpi_pm: mask: 0xffffff max_cycles: 0xffffff, max_idle_ns: 2085701024 ns\n[    0.088728] pci 0000:00:01.0: PCI bridge to [bus 01]\n[    0.088730] pci 0000:00:01.0:   bridge window [io  0xe000-0xefff]\n[    0.088732] pci 0000:00:01.0:   bridge window [mem 0xf6000000-0xf70fffff]\n[    0.088734] pci 0000:00:01.0:   bridge window [mem 0xe0000000-0xf1ffffff 64bit pref]\n[    0.088736] pci 0000:00:1c.0: PCI bridge to [bus 02]\n[    0.088748] pci 0000:00:1c.2: PCI bridge to [bus 03]\n[    0.088751] pci 0000:00:1c.2:   bridge window [io  0xd000-0xdfff]\n[    0.088754] pci 0000:00:1c.2:   bridge window [mem 0xf7100000-0xf71fffff]\n[    0.088761] pci_bus 0000:00: resource 4 [io  0x0000-0x0cf7 window]\n[    0.088762] pci_bus 0000:00: resource 5 [io  0x0d00-0xffff window]\n[    0.088763] pci_bus 0000:00: resource 6 [mem 0x000a0000-0x000bffff window]\n[    0.088764] pci_bus 0000:00: resource 7 [mem 0x000d0000-0x000d3fff window]\n[    0.088765] pci_bus 0000:00: resource 8 [mem 0x000d4000-0x000d7fff window]\n[    0.088765] pci_bus 0000:00: resource 9 [mem 0x000d8000-0x000dbfff window]\n[    0.088766] pci_bus 0000:00: resource 10 [mem 0x000dc000-0x000dffff window]\n[    0.088767] pci_bus 0000:00: resource 11 [mem 0xe0000000-0xfeafffff window]\n[    0.088768] pci_bus 0000:01: resource 0 [io  0xe000-0xefff]\n[    0.088769] pci_bus 0000:01: resource 1 [mem 0xf6000000-0xf70fffff]\n[    0.088770] pci_bus 0000:01: resource 2 [mem 0xe0000000-0xf1ffffff 64bit pref]\n[    0.088771] pci_bus 0000:03: resource 0 [io  0xd000-0xdfff]\n[    0.088772] pci_bus 0000:03: resource 1 [mem 0xf7100000-0xf71fffff]\n[    0.088840] NET: Registered protocol family 2\n[    0.088928] tcp_listen_portaddr_hash hash table entries: 16384 (order: 6, 262144 bytes)\n[    0.088991] TCP established hash table entries: 262144 (order: 9, 2097152 bytes)\n[    0.089201] TCP bind hash table entries: 65536 (order: 8, 1048576 bytes)\n[    0.089297] TCP: Hash tables configured (established 262144 bind 65536)\n[    0.089327] UDP hash table entries: 16384 (order: 7, 524288 bytes)\n[    0.089388] UDP-Lite hash table entries: 16384 (order: 7, 524288 bytes)\n[    0.089464] NET: Registered protocol family 1\n[    0.089810] pci 0000:01:00.0: Video device with shadowed ROM at [mem 0x000c0000-0x000dffff]\n[    0.089813] pci 0000:01:00.1: Linked as a consumer to 0000:01:00.0\n[    0.089828] PCI: CLS 64 bytes, default 64\n[    0.089873] Unpacking initramfs...\n[    0.423302] Freeing initrd memory: 32652K\n[    0.423353] PCI-DMA: Using software bounce buffering for IO (SWIOTLB)\n[    0.423355] software IO TLB [mem 0xc8359000-0xcc359000] (64MB) mapped at [(____ptrval____)-(____ptrval____)]\n[    0.423836] Initialise system trusted keyrings\n[    0.423874] workingset: timestamp_bits=40 max_order=23 bucket_order=0\n[    0.424622] zbud: loaded\n[    0.424794] pstore: using deflate compression\n[    0.631993] Key type asymmetric registered\n[    0.631994] Asymmetric key parser 'x509' registered\n[    0.632017] Block layer SCSI generic (bsg) driver version 0.4 loaded (major 248)\n[    0.632040] io scheduler noop registered\n[    0.632041] io scheduler deadline registered\n[    0.632064] io scheduler cfq registered (default)\n[    0.632065] io scheduler mq-deadline registered\n[    0.632417] shpchp: Standard Hot Plug PCI Controller Driver version: 0.4\n[    0.632427] efifb: probing for efifb\n[    0.632444] efifb: framebuffer at 0xf1000000, using 8128k, total 8128k\n[    0.632445] efifb: mode is 1920x1080x32, linelength=7680, pages=1\n[    0.632445] efifb: scrolling: redraw\n[    0.632446] efifb: Truecolor: size=8:8:8:8, shift=24:16:8:0\n[    0.635342] Console: switching to colour frame buffer device 240x67\n[    0.638159] fb0: EFI VGA frame buffer device\n[    0.638165] intel_idle: MWAIT substates: 0x42120\n[    0.638165] intel_idle: v0.4.1 model 0x3C\n[    0.638376] intel_idle: lapic_timer_reliable_states 0xffffffff\n[    0.638641] Serial: 8250/16550 driver, 4 ports, IRQ sharing enabled\n[    0.638962] Linux agpgart interface v0.103\n[    0.638987] AMD IOMMUv2 driver by Joerg Roedel &lt;jroedel@suse.de&gt;\n[    0.638988] AMD IOMMUv2 functionality not available on this system\n[    0.639306] i8042: PNP: No PS/2 controller found.\n[    0.639335] mousedev: PS/2 mouse device common for all mice\n[    0.639359] rtc_cmos 00:02: RTC can wake from S4\n[    0.639479] rtc_cmos 00:02: registered as rtc0\n[    0.639488] rtc_cmos 00:02: alarms up to one month, y3k, 242 bytes nvram, hpet irqs\n[    0.639494] intel_pstate: Intel P-state driver initializing\n[    0.639703] ledtrig-cpu: registered to indicate activity on CPUs\n[    0.640668] NET: Registered protocol family 10\n[    0.651512] Segment Routing with IPv6\n[    0.651560] mip6: Mobile IPv6\n[    0.651564] NET: Registered protocol family 17\n[    0.651572] mpls_gso: MPLS GSO support\n[    0.652827] microcode: sig=0x306c3, pf=0x2, revision=0x25\n[    0.653223] microcode: Microcode Update Driver: v2.2.\n[    0.653251] sched_clock: Marking stable (653201523, 0)-&gt;(640807103, 12394420)\n[    0.653842] registered taskstats version 1\n[    0.653843] Loading compiled-in X.509 certificates\n[    0.684099] Loaded X.509 cert 'secure-boot-test-key-lfaraone: 97c1b25cddf9873ca78a58f3d73bf727d2cf78ff'\n[    0.684112] zswap: loaded using pool lzo/zbud\n[    0.684184] AppArmor: AppArmor sha1 policy hashing enabled\n[    0.684476] rtc_cmos 00:02: setting system clock to 2018-11-23 19:12:07 UTC (1543000327)\n[    0.836255] Freeing unused kernel image memory: 1548K\n[    0.856087] Write protecting the kernel read-only data: 16384k\n[    0.857237] Freeing unused kernel image memory: 2028K\n[    0.857416] Freeing unused kernel image memory: 836K\n[    0.865306] x86/mm: Checked W+X mappings: passed, no W+X pages found.\n[    0.865306] x86/mm: Checking user space page tables\n[    0.872796] x86/mm: Checked W+X mappings: passed, no W+X pages found.\n[    0.924460] thermal LNXTHERM:00: registered as thermal_zone0\n[    0.924462] ACPI: Thermal Zone [TZ00] (28 C)\n[    0.924671] thermal LNXTHERM:01: registered as thermal_zone1\n[    0.924671] ACPI: Thermal Zone [TZ01] (30 C)\n[    0.924842] r8169 Gigabit Ethernet driver 2.3LK-NAPI loaded\n[    0.924846] r8169 0000:03:00.0: can't disable ASPM; OS doesn't have ASPM control\n[    0.926564] ACPI: bus type USB registered\n[    0.926574] usbcore: registered new interface driver usbfs\n[    0.926578] usbcore: registered new interface driver hub\n[    0.926596] usbcore: registered new device driver usb\n[    0.927559] SCSI subsystem initialized\n[    0.927821] ehci_hcd: USB 2.0 'Enhanced' Host Controller (EHCI) Driver\n[    0.929056] ehci-pci: EHCI PCI platform driver\n[    0.929183] ehci-pci 0000:00:1a.0: EHCI Host Controller\n[    0.929188] ehci-pci 0000:00:1a.0: new USB bus registered, assigned bus number 1\n[    0.929203] ehci-pci 0000:00:1a.0: debug port 2\n[    0.930882] i801_smbus 0000:00:1f.3: SPD Write Disable is set\n[    0.930914] i801_smbus 0000:00:1f.3: SMBus using PCI interrupt\n[    0.930927] cryptd: max_cpu_qlen set to 1000\n[    0.931722] libata version 3.00 loaded.\n[    0.932166] AVX2 version of gcm_enc/dec engaged.\n[    0.932166] AES CTR mode by8 optimization enabled\n[    0.932749] ahci 0000:00:1f.2: version 3.0\n[    0.932929] ahci 0000:00:1f.2: AHCI 0001.0300 32 slots 6 ports 6 Gbps 0x7 impl SATA mode\n[    0.932931] ahci 0000:00:1f.2: flags: 64bit ncq pm led clo pio slum part ems apst \n[    0.933109] ehci-pci 0000:00:1a.0: cache line size of 64 is not supported\n[    0.933124] ehci-pci 0000:00:1a.0: irq 16, io mem 0xf7218000\n[    0.936959] r8169 0000:03:00.0 eth0: RTL8168g/8111g, 9c:b6:54:f8:b5:1e, XID 4c000800, IRQ 25\n[    0.936960] r8169 0000:03:00.0 eth0: jumbo features [frames: 9200 bytes, tx checksumming: ko]\n[    0.944058] r8169 0000:03:00.0 eno1: renamed from eth0\n[    0.952032] ehci-pci 0000:00:1a.0: USB 2.0 started, EHCI 1.00\n[    0.952205] usb usb1: New USB device found, idVendor=1d6b, idProduct=0002, bcdDevice= 4.18\n[    0.952207] usb usb1: New USB device strings: Mfr=3, Product=2, SerialNumber=1\n[    0.952208] usb usb1: Product: EHCI Host Controller\n[    0.952208] usb usb1: Manufacturer: Linux 4.18.0-2-amd64 ehci_hcd\n[    0.952209] usb usb1: SerialNumber: 0000:00:1a.0\n[    0.952347] hub 1-0:1.0: USB hub found\n[    0.952357] hub 1-0:1.0: 2 ports detected\n[    0.952520] xhci_hcd 0000:00:14.0: xHCI Host Controller\n[    0.952526] xhci_hcd 0000:00:14.0: new USB bus registered, assigned bus number 2\n[    0.953589] xhci_hcd 0000:00:14.0: hcc params 0x200077c1 hci version 0x100 quirks 0x0000000000009810\n[    0.953593] xhci_hcd 0000:00:14.0: cache line size of 64 is not supported\n[    0.953920] usb usb2: New USB device found, idVendor=1d6b, idProduct=0002, bcdDevice= 4.18\n[    0.953921] usb usb2: New USB device strings: Mfr=3, Product=2, SerialNumber=1\n[    0.953922] usb usb2: Product: xHCI Host Controller\n[    0.953923] usb usb2: Manufacturer: Linux 4.18.0-2-amd64 xhci-hcd\n[    0.953924] usb usb2: SerialNumber: 0000:00:14.0\n[    0.954018] hub 2-0:1.0: USB hub found\n[    0.954041] hub 2-0:1.0: 14 ports detected\n[    0.955457] ehci-pci 0000:00:1d.0: EHCI Host Controller\n[    0.955461] ehci-pci 0000:00:1d.0: new USB bus registered, assigned bus number 3\n[    0.955465] xhci_hcd 0000:00:14.0: xHCI Host Controller\n[    0.955467] xhci_hcd 0000:00:14.0: new USB bus registered, assigned bus number 4\n[    0.955469] xhci_hcd 0000:00:14.0: Host supports USB 3.0  SuperSpeed\n[    0.955470] ehci-pci 0000:00:1d.0: debug port 2\n[    0.955509] usb usb4: New USB device found, idVendor=1d6b, idProduct=0003, bcdDevice= 4.18\n[    0.955510] usb usb4: New USB device strings: Mfr=3, Product=2, SerialNumber=1\n[    0.955510] usb usb4: Product: xHCI Host Controller\n[    0.955511] usb usb4: Manufacturer: Linux 4.18.0-2-amd64 xhci-hcd\n[    0.955512] usb usb4: SerialNumber: 0000:00:14.0\n[    0.955584] hub 4-0:1.0: USB hub found\n[    0.955599] hub 4-0:1.0: 6 ports detected\n[    0.956398] scsi host0: ahci\n[    0.956494] scsi host1: ahci\n[    0.956569] scsi host2: ahci\n[    0.956643] scsi host3: ahci\n[    0.956710] scsi host4: ahci\n[    0.956774] scsi host5: ahci\n[    0.956816] ata1: SATA max UDMA/133 abar m2048@0xf7216000 port 0xf7216100 irq 24\n[    0.956817] ata2: SATA max UDMA/133 abar m2048@0xf7216000 port 0xf7216180 irq 24\n[    0.956820] ata3: SATA max UDMA/133 abar m2048@0xf7216000 port 0xf7216200 irq 24\n[    0.956820] ata4: DUMMY\n[    0.956821] ata5: DUMMY\n[    0.956821] ata6: DUMMY\n[    0.959380] ehci-pci 0000:00:1d.0: cache line size of 64 is not supported\n[    0.959388] ehci-pci 0000:00:1d.0: irq 23, io mem 0xf7217000\n[    0.972172] ehci-pci 0000:00:1d.0: USB 2.0 started, EHCI 1.00\n[    0.972240] usb usb3: New USB device found, idVendor=1d6b, idProduct=0002, bcdDevice= 4.18\n[    0.972242] usb usb3: New USB device strings: Mfr=3, Product=2, SerialNumber=1\n[    0.972243] usb usb3: Product: EHCI Host Controller\n[    0.972244] usb usb3: Manufacturer: Linux 4.18.0-2-amd64 ehci_hcd\n[    0.972246] usb usb3: SerialNumber: 0000:00:1d.0\n[    0.972469] hub 3-0:1.0: USB hub found\n[    0.972475] hub 3-0:1.0: 2 ports detected\n[    1.275547] ata2: SATA link up 3.0 Gbps (SStatus 123 SControl 300)\n[    1.275587] ata1: SATA link up 6.0 Gbps (SStatus 133 SControl 300)\n[    1.275624] ata3: SATA link up 1.5 Gbps (SStatus 113 SControl 300)\n[    1.277183] ata2.00: ATA-8: Hitachi HDS721010CLA332, JP4OA3GC, max UDMA/133\n[    1.277189] ata2.00: 1953525168 sectors, multi 16: LBA48 NCQ (depth 32), AA\n[    1.277662] ata3.00: ATAPI: hp       BDDVDRW CH30L, BC56, max UDMA/100\n[    1.277682] ata1.00: supports DRM functions and may not be fully accessible\n[    1.278813] ata1.00: disabling queued TRIM support\n[    1.278818] ata1.00: ATA-9: Samsung SSD 850 EVO 500GB, EMT02B6Q, max UDMA/133\n[    1.278823] ata1.00: 976773168 sectors, multi 1: LBA48 NCQ (depth 32), AA\n[    1.279021] ata2.00: configured for UDMA/133\n[    1.280576] ata3.00: configured for UDMA/100\n[    1.281605] ata1.00: supports DRM functions and may not be fully accessible\n[    1.282539] ata1.00: disabling queued TRIM support\n[    1.284517] ata1.00: configured for UDMA/133\n[    1.284864] scsi 0:0:0:0: Direct-Access     ATA      Samsung SSD 850  2B6Q PQ: 0 ANSI: 5\n[    1.285581] scsi 1:0:0:0: Direct-Access     ATA      Hitachi HDS72101 A3GC PQ: 0 ANSI: 5\n[    1.288062] usb 2-3: new full-speed USB device number 2 using xhci_hcd\n[    1.288067] usb 1-1: new high-speed USB device number 2 using ehci-pci\n[    1.289698] scsi 2:0:0:0: CD-ROM            hp       BDDVDRW CH30L    BC56 PQ: 0 ANSI: 5\n[    1.308121] usb 3-1: new high-speed USB device number 2 using ehci-pci\n[    1.329042] sd 0:0:0:0: [sda] 976773168 512-byte logical blocks: (500 GB/466 GiB)\n[    1.329052] sd 0:0:0:0: [sda] Write Protect is off\n[    1.329056] sd 0:0:0:0: [sda] Mode Sense: 00 3a 00 00\n[    1.329068] sd 0:0:0:0: [sda] Write cache: enabled, read cache: enabled, doesn't support DPO or FUA\n[    1.329105] sd 1:0:0:0: [sdb] 1953525168 512-byte logical blocks: (1.00 TB/932 GiB)\n[    1.329111] sd 1:0:0:0: [sdb] Write Protect is off\n[    1.329113] sd 1:0:0:0: [sdb] Mode Sense: 00 3a 00 00\n[    1.329122] sd 1:0:0:0: [sdb] Write cache: enabled, read cache: enabled, doesn't support DPO or FUA\n[    1.330420]  sda: sda1 sda2 sda3 sda4\n[    1.330876] sd 0:0:0:0: [sda] supports TCG Opal\n[    1.330877] sd 0:0:0:0: [sda] Attached SCSI disk\n[    1.335163]  sdb: sdb1\n[    1.335301] sd 1:0:0:0: [sdb] Attached SCSI disk\n[    1.372180] sr 2:0:0:0: [sr0] scsi3-mmc drive: 1x/1x writer dvd-ram cd/rw xa/form2 cdda tray\n[    1.372183] cdrom: Uniform CD-ROM driver Revision: 3.20\n[    1.372441] sr 2:0:0:0: Attached scsi CD-ROM sr0\n[    1.438254] usb 2-3: New USB device found, idVendor=062a, idProduct=4102, bcdDevice= 3.12\n[    1.438258] usb 2-3: New USB device strings: Mfr=1, Product=2, SerialNumber=0\n[    1.438261] usb 2-3: Product: 2.4G Wireless Mouse\n[    1.438263] usb 2-3: Manufacturer: MOSART Semi.\n[    1.440037] tsc: Refined TSC clocksource calibration: 3491.910 MHz\n[    1.440048] clocksource: tsc: mask: 0xffffffffffffffff max_cycles: 0x32557694fed, max_idle_ns: 440795306138 ns\n[    1.440078] clocksource: Switched to clocksource tsc\n[    1.452758] usb 1-1: New USB device found, idVendor=8087, idProduct=8008, bcdDevice= 0.05\n[    1.452763] usb 1-1: New USB device strings: Mfr=0, Product=0, SerialNumber=0\n[    1.453280] hub 1-1:1.0: USB hub found\n[    1.453413] hub 1-1:1.0: 6 ports detected\n[    1.464918] usb 3-1: New USB device found, idVendor=8087, idProduct=8000, bcdDevice= 0.05\n[    1.464922] usb 3-1: New USB device strings: Mfr=0, Product=0, SerialNumber=0\n[    1.465367] hub 3-1:1.0: USB hub found\n[    1.465555] hub 3-1:1.0: 8 ports detected\n[    1.564178] usb 4-3: new SuperSpeed Gen 1 USB device number 2 using xhci_hcd\n[    1.585450] usb 4-3: New USB device found, idVendor=0bc2, idProduct=a013, bcdDevice= 1.00\n[    1.585454] usb 4-3: New USB device strings: Mfr=2, Product=3, SerialNumber=1\n[    1.585457] usb 4-3: Product: Backup+ SL\n[    1.585460] usb 4-3: Manufacturer: Seagate\n[    1.585462] usb 4-3: SerialNumber: NA5C4Y3K\n[    1.712126] usb 2-4: new full-speed USB device number 3 using xhci_hcd\n[    1.861347] usb 2-4: New USB device found, idVendor=0d8c, idProduct=000c, bcdDevice= 1.00\n[    1.861353] usb 2-4: New USB device strings: Mfr=0, Product=1, SerialNumber=0\n[    1.861357] usb 2-4: Product: C-Media USB Headphone Set  \n[    1.862478] random: fast init done\n[    1.988400] usb 4-5: new SuperSpeed Gen 1 USB device number 3 using xhci_hcd\n[    2.248569] usb 4-5: New USB device found, idVendor=2109, idProduct=0812, bcdDevice=90.81\n[    2.248575] usb 4-5: New USB device strings: Mfr=1, Product=2, SerialNumber=0\n[    2.248579] usb 4-5: Product: USB3.0 Hub             \n[    2.248582] usb 4-5: Manufacturer: VIA Labs, Inc.         \n[    2.252127] hub 4-5:1.0: USB hub found\n[    2.253009] hub 4-5:1.0: 4 ports detected\n[    2.263816] usbcore: registered new interface driver usb-storage\n[    2.270518] scsi host6: uas\n[    2.270585] usbcore: registered new interface driver uas\n[    2.271877] scsi 6:0:0:0: Direct-Access     Seagate  Backup+ SL       0412 PQ: 0 ANSI: 6\n[    2.272650] sd 6:0:0:0: [sdc] 1953525167 512-byte logical blocks: (1.00 TB/932 GiB)\n[    2.272652] sd 6:0:0:0: [sdc] 4096-byte physical blocks\n[    2.272724] sd 6:0:0:0: [sdc] Write Protect is off\n[    2.272725] sd 6:0:0:0: [sdc] Mode Sense: 4f 00 00 00\n[    2.272889] sd 6:0:0:0: [sdc] Write cache: enabled, read cache: enabled, doesn't support DPO or FUA\n[    2.274405]  sdc: sdc1\n[    2.275218] sd 6:0:0:0: [sdc] Attached SCSI disk\n[    2.372104] usb 2-9: new high-speed USB device number 4 using xhci_hcd\n[    2.523293] usb 2-9: New USB device found, idVendor=2109, idProduct=2812, bcdDevice=90.80\n[    2.523296] usb 2-9: New USB device strings: Mfr=1, Product=2, SerialNumber=0\n[    2.523297] usb 2-9: Product: USB2.0 Hub             \n[    2.523299] usb 2-9: Manufacturer: VIA Labs, Inc.         \n[    2.524461] hub 2-9:1.0: USB hub found\n[    2.524811] hub 2-9:1.0: 4 ports detected\n[    2.660102] usb 2-11: new high-speed USB device number 5 using xhci_hcd\n[    2.817110] usb 2-11: New USB device found, idVendor=0bda, idProduct=0184, bcdDevice=84.13\n[    2.817114] usb 2-11: New USB device strings: Mfr=1, Product=2, SerialNumber=3\n[    2.817117] usb 2-11: Product: USB2.0-CRW\n[    2.817119] usb 2-11: Manufacturer: Generic\n[    2.817122] usb 2-11: SerialNumber: 20100818841300000\n[    2.823154] usb-storage 2-11:1.0: USB Mass Storage device detected\n[    2.823620] scsi host7: usb-storage 2-11:1.0\n[    2.900126] usb 2-9.1: new full-speed USB device number 6 using xhci_hcd\n[    3.030918] usb 2-9.1: New USB device found, idVendor=0a12, idProduct=0001, bcdDevice=88.91\n[    3.030923] usb 2-9.1: New USB device strings: Mfr=0, Product=2, SerialNumber=0\n[    3.030926] usb 2-9.1: Product: CSR8510 A10\n[    3.152125] usb 2-14: new high-speed USB device number 7 using xhci_hcd\n[    3.302384] usb 2-14: New USB device found, idVendor=7392, idProduct=7811, bcdDevice= 2.00\n[    3.302390] usb 2-14: New USB device strings: Mfr=1, Product=2, SerialNumber=3\n[    3.302393] usb 2-14: Product: 802.11n WLAN Adapter\n[    3.302396] usb 2-14: Manufacturer: Realtek\n[    3.302399] usb 2-14: SerialNumber: 00e04c000001\n[    3.312360] hidraw: raw HID events driver (C) Jiri Kosina\n[    3.315785] usbcore: registered new interface driver usbhid\n[    3.315786] usbhid: USB HID core driver\n[    3.317407] input: MOSART Semi. 2.4G Wireless Mouse Mouse as /devices/pci0000:00/0000:00:14.0/usb2/2-3/2-3:1.0/0003:062A:4102.0001/input/input0\n[    3.317444] input: MOSART Semi. 2.4G Wireless Mouse as /devices/pci0000:00/0000:00:14.0/usb2/2-3/2-3:1.0/0003:062A:4102.0001/input/input1\n[    3.317480] hid-generic 0003:062A:4102.0001: input,hiddev0,hidraw0: USB HID v1.10 Mouse [MOSART Semi. 2.4G Wireless Mouse] on usb-0000:00:14.0-3/input0\n[    3.317537] input: C-Media USB Headphone Set   as /devices/pci0000:00/0000:00:14.0/usb2/2-4/2-4:1.3/0003:0D8C:000C.0002/input/input2\n[    3.376246] hid-generic 0003:0D8C:000C.0002: input,hidraw1: USB HID v1.00 Device [C-Media USB Headphone Set  ] on usb-0000:00:14.0-4/input3\n[    3.392109] usb 2-9.2: new full-speed USB device number 8 using xhci_hcd\n[    3.507942] usb 2-9.2: New USB device found, idVendor=0d8c, idProduct=0005, bcdDevice= 1.00\n[    3.507946] usb 2-9.2: New USB device strings: Mfr=1, Product=2, SerialNumber=3\n[    3.507948] usb 2-9.2: Product: Blue Snowball\n[    3.507951] usb 2-9.2: Manufacturer: BLUE MICROPHONE\n[    3.507953] usb 2-9.2: SerialNumber: 201306\n[    3.513289] hid-generic 0003:0D8C:0005.0003: No inputs registered, leaving\n[    3.513531] hid-generic 0003:0D8C:0005.0003: hidraw2: USB HID v1.00 Device [BLUE MICROPHONE Blue Snowball] on usb-0000:00:14.0-9.2/input2\n[    3.596005] raid6: sse2x1   gen() 13897 MB/s\n[    3.664002] raid6: sse2x1   xor() 10213 MB/s\n[    3.732006] raid6: sse2x2   gen() 17070 MB/s\n[    3.800003] raid6: sse2x2   xor() 11149 MB/s\n[    3.842179] scsi 7:0:0:0: Direct-Access     Generic- Compact Flash    1.00 PQ: 0 ANSI: 0 CCS\n[    3.844055] scsi 7:0:0:1: Direct-Access     Generic- SM/xD-Picture    1.00 PQ: 0 ANSI: 0 CCS\n[    3.846085] scsi 7:0:0:2: Direct-Access     Generic- SD/MMC           1.00 PQ: 0 ANSI: 0 CCS\n[    3.848131] scsi 7:0:0:3: Direct-Access     Generic- M.S./M.S.Pro/HG  1.00 PQ: 0 ANSI: 0 CCS\n[    3.868006] raid6: sse2x4   gen() 20216 MB/s\n[    3.936005] raid6: sse2x4   xor() 12497 MB/s\n[    4.004003] raid6: avx2x1   gen() 28060 MB/s\n[    4.072003] raid6: avx2x1   xor() 19240 MB/s\n[    4.140002] raid6: avx2x2   gen() 32481 MB/s\n[    4.208003] raid6: avx2x2   xor() 20033 MB/s\n[    4.276003] raid6: avx2x4   gen() 37126 MB/s\n[    4.344003] raid6: avx2x4   xor() 23060 MB/s\n[    4.344004] raid6: using algorithm avx2x4 gen() 37126 MB/s\n[    4.344004] raid6: .... xor() 23060 MB/s, rmw enabled\n[    4.344005] raid6: using avx2x2 recovery algorithm\n[    4.345601] xor: automatically using best checksumming function   avx       \n[    4.359495] Btrfs loaded, crc32c=crc32c-intel\n[    4.376025] sd 7:0:0:0: [sdd] Attached SCSI removable disk\n[    4.389674] sd 7:0:0:3: [sdg] Attached SCSI removable disk\n[    4.393694] sd 7:0:0:2: [sdf] Attached SCSI removable disk\n[    4.399463] sd 7:0:0:1: [sde] Attached SCSI removable disk\n[    4.579850] PM: Image not found (code -22)\n[    4.696238] EXT4-fs (sda2): mounted filesystem with ordered data mode. Opts: (null)\n[    4.810800] systemd[1]: systemd 239 running in system mode. (+PAM +AUDIT +SELINUX +IMA +APPARMOR +SMACK +SYSVINIT +UTMP +LIBCRYPTSETUP +GCRYPT +GNUTLS +ACL +XZ +LZ4 +SECCOMP +BLKID +ELFUTILS +KMOD -IDN2 +IDN -PCRE2 default-hierarchy=hybrid)\n[    4.828528] systemd[1]: Detected architecture x86-64.\n[    4.831450] systemd[1]: Set hostname to &lt;Debian&gt;.\n[    4.905998] random: systemd: uninitialized urandom read (16 bytes read)\n[    4.906086] systemd[1]: Listening on Journal Socket.\n[    4.906132] random: systemd: uninitialized urandom read (16 bytes read)\n[    4.907314] systemd[1]: Created slice system-getty.slice.\n[    4.907324] random: systemd: uninitialized urandom read (16 bytes read)\n[    4.907330] systemd[1]: Reached target Remote File Systems.\n[    4.907825] systemd[1]: Mounting Kernel Debug File System...\n[    4.908364] systemd[1]: Starting Set the console keyboard layout...\n[    4.908491] systemd[1]: Listening on fsck to fsckd communication Socket.\n[    4.909036] systemd[1]: Mounting Huge Pages File System...\n[    4.921664] ipmi message handler version 39.2\n[    4.922473] EXT4-fs (sda2): re-mounted. Opts: errors=remount-ro\n[    4.923296] ipmi device interface\n[    4.965528] nvidia: loading out-of-tree module taints kernel.\n[    4.965532] nvidia: module license 'NVIDIA' taints kernel.\n[    4.965532] Disabling lock debugging due to kernel taint\n[    4.974976] nvidia-nvlink: Nvlink Core is being initialized, major device number 245\n[    4.975186] nvidia 0000:01:00.0: vgaarb: changed VGA decodes: olddecodes=io+mem,decodes=none:owns=io+mem\n[    4.975248] NVRM: loading NVIDIA UNIX x86_64 Kernel Module  390.87  Tue Aug 21 12:33:05 PDT 2018 (using threaded interrupts)\n[    4.983264] loop: module loaded\n[    4.988782] nvidia-modeset: Loading NVIDIA Kernel Mode Setting Driver for UNIX platforms  390.87  Tue Aug 21 16:16:14 PDT 2018\n[    5.013126] [drm] [nvidia-drm] [GPU ID 0x00000100] Loading driver\n[    5.013128] [drm] Initialized nvidia-drm 0.0.0 20160202 for 0000:01:00.0 on minor 0\n[    5.019605] systemd-journald[357]: Received request to flush runtime journal from PID 1\n[    5.026492] squashfs: version 4.0 (2009/01/31) Phillip Lougher\n[    5.029809] input: Power Button as /devices/LNXSYSTM:00/LNXSYBUS:00/PNP0C0C:00/input/input4\n[    5.029824] ACPI: Power Button [PWRB]\n[    5.029890] input: Power Button as /devices/LNXSYSTM:00/LNXPWRBN:00/input/input5\n[    5.029900] ACPI: Power Button [PWRF]\n[    5.050539] iTCO_vendor_support: vendor-support=0\n[    5.051447] iTCO_wdt: Intel TCO WatchDog Timer Driver v1.11\n[    5.051478] iTCO_wdt: Found a Lynx Point TCO device (Version=2, TCOBASE=0x1860)\n[    5.052086] iTCO_wdt: initialized. heartbeat=30 sec (nowayout=0)\n[    5.056594] sd 0:0:0:0: Attached scsi generic sg0 type 0\n[    5.056628] sd 1:0:0:0: Attached scsi generic sg1 type 0\n[    5.056654] sr 2:0:0:0: Attached scsi generic sg2 type 5\n[    5.056679] sd 6:0:0:0: Attached scsi generic sg3 type 0\n[    5.056703] sd 7:0:0:0: Attached scsi generic sg4 type 0\n[    5.056728] sd 7:0:0:1: Attached scsi generic sg5 type 0\n[    5.056752] sd 7:0:0:2: Attached scsi generic sg6 type 0\n[    5.056777] sd 7:0:0:3: Attached scsi generic sg7 type 0\n[    5.080279] EFI Variables Facility v0.08 2004-May-17\n[    5.080450] input: PC Speaker as /devices/platform/pcspkr/input/input6\n[    5.087197] RAPL PMU: API unit is 2^-32 Joules, 4 fixed counters, 655360 ms ovfl timer\n[    5.087198] RAPL PMU: hw unit of domain pp0-core 2^-14 Joules\n[    5.087199] RAPL PMU: hw unit of domain package 2^-14 Joules\n[    5.087199] RAPL PMU: hw unit of domain dram 2^-14 Joules\n[    5.087200] RAPL PMU: hw unit of domain pp1-gpu 2^-14 Joules\n[    5.096720] pstore: Registered efi as persistent store backend\n[    5.100816] snd_hda_intel 0000:00:1b.0: enabling device (0100 -&gt; 0102)\n[    5.101046] snd_hda_intel 0000:01:00.1: Disabling MSI\n[    5.101050] snd_hda_intel 0000:01:00.1: Handle vga_switcheroo audio client\n[    5.114066] usbcore: registered new interface driver snd-usb-audio\n[    5.129339] Bluetooth: Core ver 2.22\n[    5.129350] NET: Registered protocol family 31\n[    5.129351] Bluetooth: HCI device and connection manager initialized\n[    5.129354] Bluetooth: HCI socket layer initialized\n[    5.129356] Bluetooth: L2CAP socket layer initialized\n[    5.129360] Bluetooth: SCO socket layer initialized\n[    5.130666] snd_hda_codec_idt hdaudioC0D0: autoconfig for 92HD89E2: line_outs=4 (0xd/0xf/0x10/0x11/0x0) type:speaker\n[    5.130668] snd_hda_codec_idt hdaudioC0D0:    speaker_outs=0 (0x0/0x0/0x0/0x0/0x0)\n[    5.130669] snd_hda_codec_idt hdaudioC0D0:    hp_outs=0 (0x0/0x0/0x0/0x0/0x0)\n[    5.130671] snd_hda_codec_idt hdaudioC0D0:    mono: mono_out=0x0\n[    5.130672] snd_hda_codec_idt hdaudioC0D0:    dig-out=0x22/0x0\n[    5.130673] snd_hda_codec_idt hdaudioC0D0:    inputs:\n[    5.130674] snd_hda_codec_idt hdaudioC0D0:      Mic=0xe\n[    5.130675] snd_hda_codec_idt hdaudioC0D0:      Line=0xc\n[    5.135307] usbcore: registered new interface driver btusb\n[    5.138454] rtl8192cu: Chip version 0x10\n[    5.140967] intel_rapl: Found RAPL domain package\n[    5.140968] intel_rapl: Found RAPL domain core\n[    5.140969] intel_rapl: Found RAPL domain dram\n[    5.163328] ACPI Error: Field [D128] at bit offset/length 128/1024 exceeds size of target Buffer (160 bits) (20180531/dsopcode-201)                                                            \n[    5.163379] ACPI Error: Method parse/execution failed \\HWMC, AE_AML_BUFFER_LIMIT (20180531/psparse-516)                                                                                        \n[    5.163419] ACPI Error: Method parse/execution failed \\_SB.WMID.WMAA, AE_AML_BUFFER_LIMIT (20180531/psparse-516)                                                                               \n[    5.163490] ACPI Error: Field [D128] at bit offset/length 128/1024 exceeds size of target Buffer (160 bits) (20180531/dsopcode-201)                                                            \n[    5.163531] ACPI Error: Method parse/execution failed \\HWMC, AE_AML_BUFFER_LIMIT (20180531/psparse-516)                                                                                        \n[    5.163568] ACPI Error: Method parse/execution failed \\_SB.WMID.WMAA, AE_AML_BUFFER_LIMIT (20180531/psparse-516)                                                                               \n[    5.163632] ACPI Error: Field [D128] at bit offset/length 128/1024 exceeds size of target Buffer (160 bits) (20180531/dsopcode-201)                                                            \n[    5.163675] ACPI Error: Method parse/execution failed \\HWMC, AE_AML_BUFFER_LIMIT (20180531/psparse-516)                                                                                        \n[    5.163712] ACPI Error: Method parse/execution failed \\_SB.WMID.WMAA, AE_AML_BUFFER_LIMIT (20180531/psparse-516)                                                                               \n[    5.163789] input: HP WMI hotkeys as /devices/virtual/input/input8\n[    5.168517] ACPI Error: Field [D128] at bit offset/length 128/1024 exceeds size of target Buffer (160 bits) (20180531/dsopcode-201)                                                            \n[    5.168565] ACPI Error: Method parse/execution failed \\HWMC, AE_AML_BUFFER_LIMIT (20180531/psparse-516)                                                                                        \n[    5.168602] ACPI Error: Method parse/execution failed \\_SB.WMID.WMAA, AE_AML_BUFFER_LIMIT (20180531/psparse-516)                                                                               \n[    5.168672] ACPI Error: Field [D128] at bit offset/length 128/1024 exceeds size of target Buffer (160 bits) (20180531/dsopcode-201)                                                            \n[    5.168713] ACPI Error: Method parse/execution failed \\HWMC, AE_AML_BUFFER_LIMIT (20180531/psparse-516)                                                                                        \n[    5.168747] ACPI Error: Method parse/execution failed \\_SB.WMID.WMAA, AE_AML_BUFFER_LIMIT (20180531/psparse-516)                                                                               \n[    5.170848] input: HDA Digital PCBeep as /devices/pci0000:00/0000:00:1b.0/sound/card0/input7\n[    5.174316] input: HDA Intel PCH Mic as /devices/pci0000:00/0000:00:1b.0/sound/card0/input9\n[    5.174362] input: HDA Intel PCH Line as /devices/pci0000:00/0000:00:1b.0/sound/card0/input10\n[    5.174403] input: HDA Intel PCH Speaker Front as /devices/pci0000:00/0000:00:1b.0/sound/card0/input11\n[    5.174445] input: HDA Intel PCH Speaker Surround as /devices/pci0000:00/0000:00:1b.0/sound/card0/input12\n[    5.174484] input: HDA Intel PCH Speaker CLFE as /devices/pci0000:00/0000:00:1b.0/sound/card0/input13\n[    5.174529] input: HDA Intel PCH Speaker Side as /devices/pci0000:00/0000:00:1b.0/sound/card0/input14\n[    5.200563] rtl8192cu: Board Type 0\n[    5.200643] rtl_usb: rx_max_size 15360, rx_urb_num 8, in_ep 1\n[    5.200666] rtl8192cu: Loading firmware rtlwifi/rtl8192cufw_TMSC.bin\n[    5.201630] usb 2-14: firmware: direct-loading firmware rtlwifi/rtl8192cufw_TMSC.bin\n[    5.212909] ieee80211 phy0: Selected rate control algorithm 'rtl_rc'\n[    5.213045] usbcore: registered new interface driver rtl8192cu\n[    5.346636] rtl8192cu 2-14:1.0 wlx74da38aee630: renamed from wlan0\n[    5.806673] Adding 33506300k swap on /dev/sda3.  Priority:-2 extents:1 across:33506300k SSFS\n[    5.811858] EXT4-fs (sda4): mounted filesystem with ordered data mode. Opts: (null)\n[    5.845613] audit: type=1400 audit(1543000332.655:2): apparmor=\"STATUS\" operation=\"profile_load\" profile=\"unconfined\" name=\"libreoffice-senddoc\" pid=804 comm=\"apparmor_parser\"\n[    5.845625] audit: type=1400 audit(1543000332.655:3): apparmor=\"STATUS\" operation=\"profile_load\" profile=\"unconfined\" name=\"/usr/sbin/haveged\" pid=805 comm=\"apparmor_parser\"\n[    5.845976] audit: type=1400 audit(1543000332.655:4): apparmor=\"STATUS\" operation=\"profile_load\" profile=\"unconfined\" name=\"libreoffice-oopslash\" pid=799 comm=\"apparmor_parser\"\n[    5.846172] audit: type=1400 audit(1543000332.655:5): apparmor=\"STATUS\" operation=\"profile_load\" profile=\"unconfined\" name=\"/usr/bin/man\" pid=798 comm=\"apparmor_parser\"\n[    5.846174] audit: type=1400 audit(1543000332.655:6): apparmor=\"STATUS\" operation=\"profile_load\" profile=\"unconfined\" name=\"man_filter\" pid=798 comm=\"apparmor_parser\"\n[    5.846175] audit: type=1400 audit(1543000332.655:7): apparmor=\"STATUS\" operation=\"profile_load\" profile=\"unconfined\" name=\"man_groff\" pid=798 comm=\"apparmor_parser\"\n[    5.846204] audit: type=1400 audit(1543000332.655:8): apparmor=\"STATUS\" operation=\"profile_load\" profile=\"unconfined\" name=\"/snap/core/5897/usr/lib/snapd/snap-confine\" pid=803 comm=\"apparmor_parser\"\n[    5.846206] audit: type=1400 audit(1543000332.655:9): apparmor=\"STATUS\" operation=\"profile_load\" profile=\"unconfined\" name=\"/snap/core/5897/usr/lib/snapd/snap-confine//mount-namespace-capture-helper\" pid=803 comm=\"apparmor_parser\"\n[    5.847886] audit: type=1400 audit(1543000332.655:10): apparmor=\"STATUS\" operation=\"profile_load\" profile=\"unconfined\" name=\"libreoffice-xpdfimport\" pid=808 comm=\"apparmor_parser\"\n[    5.849068] audit: type=1400 audit(1543000332.659:11): apparmor=\"STATUS\" operation=\"profile_load\" profile=\"unconfined\" name=\"/usr/lib/snapd/snap-confine\" pid=807 comm=\"apparmor_parser\"\n[    5.997203] input: HDA NVidia HDMI/DP,pcm=3 as /devices/pci0000:00/0000:00:01.0/0000:01:00.1/sound/card2/input15\n[    5.997341] input: HDA NVidia HDMI/DP,pcm=7 as /devices/pci0000:00/0000:00:01.0/0000:01:00.1/sound/card2/input16\n[    5.997472] input: HDA NVidia HDMI/DP,pcm=8 as /devices/pci0000:00/0000:00:01.0/0000:01:00.1/sound/card2/input17\n[    5.997598] input: HDA NVidia HDMI/DP,pcm=9 as /devices/pci0000:00/0000:00:01.0/0000:01:00.1/sound/card2/input18\n[    6.126615] Bluetooth: BNEP (Ethernet Emulation) ver 1.3\n[    6.126616] Bluetooth: BNEP filters: protocol multicast\n[    6.126618] Bluetooth: BNEP socket layer initialized\n[    6.238589] random: crng init done\n[    6.238591] random: 7 urandom warning(s) missed due to ratelimiting\n[    6.339093] IPv6: ADDRCONF(NETDEV_UP): eno1: link is not ready\n[    6.339513] r8169 0000:03:00.0: firmware: direct-loading firmware rtl_nic/rtl8168g-2.fw\n[    6.418215] r8169 0000:03:00.0 eno1: link down\n[    6.418286] IPv6: ADDRCONF(NETDEV_UP): eno1: link is not ready\n[    6.420044] IPv6: ADDRCONF(NETDEV_UP): wlx74da38aee630: link is not ready\n[    6.421506] rtl8192cu: MAC auto ON okay!\n[    6.432305] rtl8192cu: Tx queue select: 0x05\n[    7.118171] rtl8192c_common: Polling FW ready fail! REG_MCUFWDL:0x00030006.\n[    7.118173] rtl8192c_common: Firmware is not ready to run!\n[    7.392063] resource sanity check: requesting [mem 0x000c0000-0x000fffff], which spans more than PCI Bus 0000:00 [mem 0x000d0000-0x000d3fff window]\n[    7.392183] caller _nv001169rm+0xe3/0x1d0 [nvidia] mapping multiple BARs\n[    7.450740] IPv6: ADDRCONF(NETDEV_UP): wlx74da38aee630: link is not ready\n[    7.671573] IPv6: ADDRCONF(NETDEV_UP): wlx74da38aee630: link is not ready\n[    8.634476] wlx74da38aee630: authenticate with 10:da:43:ae:33:67\n[    8.645555] wlx74da38aee630: send auth to 10:da:43:ae:33:67 (try 1/3)\n[    8.649661] wlx74da38aee630: authenticated\n[    8.652023] wlx74da38aee630: associate with 10:da:43:ae:33:67 (try 1/3)\n[    8.674816] wlx74da38aee630: RX AssocResp from 10:da:43:ae:33:67 (capab=0x1411 status=0 aid=2)\n[    8.775061] wlx74da38aee630: associated\n[    8.791614] IPv6: ADDRCONF(NETDEV_CHANGE): wlx74da38aee630: link becomes ready\n[   16.961730] Bluetooth: HIDP (Human Interface Emulation) ver 1.2\n[   16.961736] Bluetooth: HIDP socket layer initialized\n[   16.962797] hid-generic 0005:046D:B319.0004: unknown main item tag 0x0\n[   16.962952] input: Logitech K810 Keyboard as /devices/pci0000:00/0000:00:14.0/usb2/2-9/2-9.1/2-9.1:1.0/bluetooth/hci0/hci0:70/0005:046D:B319.0004/input/input19\n[   16.963188] input: Logitech K810 Consumer Control as /devices/pci0000:00/0000:00:14.0/usb2/2-9/2-9.1/2-9.1:1.0/bluetooth/hci0/hci0:70/0005:046D:B319.0004/input/input20\n[   16.963266] input: Logitech K810 System Control as /devices/pci0000:00/0000:00:14.0/usb2/2-9/2-9.1/2-9.1:1.0/bluetooth/hci0/hci0:70/0005:046D:B319.0004/input/input21\n[   16.963385] hid-generic 0005:046D:B319.0004: input,hidraw3: BLUETOOTH HID v12.02 Keyboard [Logitech K810] on 00:1a:7d:da:71:13\n[   24.735884] Bluetooth: RFCOMM TTY layer initialized\n[   24.735889] Bluetooth: RFCOMM socket layer initialized\n[   24.735893] Bluetooth: RFCOMM ver 1.11\n[  279.721759] nvidia-uvm: Loaded the UVM driver in 8 mode, major device number 242\n</code></pre>", "body_text": "@byronyi Sure thing\n[    0.000000] microcode: microcode updated early to revision 0x25, date = 2018-04-02\n[    0.000000] Linux version 4.18.0-2-amd64 (debian-kernel@lists.debian.org) (gcc version 7.3.0 (Debian 7.3.0-30)) #1 SMP Debian 4.18.10-2 (2018-11-02)\n[    0.000000] Command line: BOOT_IMAGE=/boot/vmlinuz-4.18.0-2-amd64 root=UUID=412abef5-6a99-4d7e-abda-c02086b097b7 ro quiet\n[    0.000000] x86/fpu: Supporting XSAVE feature 0x001: 'x87 floating point registers'\n[    0.000000] x86/fpu: Supporting XSAVE feature 0x002: 'SSE registers'\n[    0.000000] x86/fpu: Supporting XSAVE feature 0x004: 'AVX registers'\n[    0.000000] x86/fpu: xstate_offset[2]:  576, xstate_sizes[2]:  256\n[    0.000000] x86/fpu: Enabled xstate features 0x7, context size is 832 bytes, using 'standard' format.\n[    0.000000] BIOS-provided physical RAM map:\n[    0.000000] BIOS-e820: [mem 0x0000000000000000-0x0000000000057fff] usable\n[    0.000000] BIOS-e820: [mem 0x0000000000058000-0x0000000000058fff] reserved\n[    0.000000] BIOS-e820: [mem 0x0000000000059000-0x000000000009efff] usable\n[    0.000000] BIOS-e820: [mem 0x000000000009f000-0x000000000009ffff] reserved\n[    0.000000] BIOS-e820: [mem 0x0000000000100000-0x00000000cc358fff] usable\n[    0.000000] BIOS-e820: [mem 0x00000000cc359000-0x00000000cc35ffff] ACPI NVS\n[    0.000000] BIOS-e820: [mem 0x00000000cc360000-0x00000000ccd52fff] usable\n[    0.000000] BIOS-e820: [mem 0x00000000ccd53000-0x00000000cd00afff] reserved\n[    0.000000] BIOS-e820: [mem 0x00000000cd00b000-0x00000000de3c1fff] usable\n[    0.000000] BIOS-e820: [mem 0x00000000de3c2000-0x00000000de812fff] reserved\n[    0.000000] BIOS-e820: [mem 0x00000000de813000-0x00000000de832fff] ACPI data\n[    0.000000] BIOS-e820: [mem 0x00000000de833000-0x00000000de99ffff] ACPI NVS\n[    0.000000] BIOS-e820: [mem 0x00000000de9a0000-0x00000000def74fff] reserved\n[    0.000000] BIOS-e820: [mem 0x00000000def75000-0x00000000deffefff] type 20\n[    0.000000] BIOS-e820: [mem 0x00000000defff000-0x00000000deffffff] usable\n[    0.000000] BIOS-e820: [mem 0x00000000f8000000-0x00000000fbffffff] reserved\n[    0.000000] BIOS-e820: [mem 0x00000000fec00000-0x00000000fec00fff] reserved\n[    0.000000] BIOS-e820: [mem 0x00000000fed00000-0x00000000fed03fff] reserved\n[    0.000000] BIOS-e820: [mem 0x00000000fed1c000-0x00000000fed1ffff] reserved\n[    0.000000] BIOS-e820: [mem 0x00000000fee00000-0x00000000fee00fff] reserved\n[    0.000000] BIOS-e820: [mem 0x00000000ff000000-0x00000000ffffffff] reserved\n[    0.000000] BIOS-e820: [mem 0x0000000100000000-0x000000081effffff] usable\n[    0.000000] NX (Execute Disable) protection: active\n[    0.000000] efi: EFI v2.31 by American Megatrends\n[    0.000000] efi:  ESRT=0xdef73998  ACPI=0xde81a000  ACPI 2.0=0xde81a000  SMBIOS=0xf04c0  MPS=0xfd4b0 \n[    0.000000] secureboot: Secure boot could not be determined (mode 0)\n[    0.000000] SMBIOS 2.7 present.\n[    0.000000] DMI: Hewlett-Packard 810-135qe/2AF3, BIOS 80.16 12/05/2013\n[    0.000000] e820: update [mem 0x00000000-0x00000fff] usable ==> reserved\n[    0.000000] e820: remove [mem 0x000a0000-0x000fffff] usable\n[    0.000000] last_pfn = 0x81f000 max_arch_pfn = 0x400000000\n[    0.000000] MTRR default type: uncachable\n[    0.000000] MTRR fixed ranges enabled:\n[    0.000000]   00000-9FFFF write-back\n[    0.000000]   A0000-BFFFF uncachable\n[    0.000000]   C0000-CFFFF write-protect\n[    0.000000]   D0000-DFFFF uncachable\n[    0.000000]   E0000-FFFFF write-protect\n[    0.000000] MTRR variable ranges enabled:\n[    0.000000]   0 base 0000000000 mask 7800000000 write-back\n[    0.000000]   1 base 0800000000 mask 7FF0000000 write-back\n[    0.000000]   2 base 0810000000 mask 7FF8000000 write-back\n[    0.000000]   3 base 0818000000 mask 7FFC000000 write-back\n[    0.000000]   4 base 081C000000 mask 7FFE000000 write-back\n[    0.000000]   5 base 081E000000 mask 7FFF000000 write-back\n[    0.000000]   6 base 00E0000000 mask 7FE0000000 uncachable\n[    0.000000]   7 disabled\n[    0.000000]   8 disabled\n[    0.000000]   9 disabled\n[    0.000000] x86/PAT: Configuration [0-7]: WB  WC  UC- UC  WB  WP  UC- WT  \n[    0.000000] e820: update [mem 0xe0000000-0xffffffff] usable ==> reserved\n[    0.000000] last_pfn = 0xdf000 max_arch_pfn = 0x400000000\n[    0.000000] found SMP MP-table at [mem 0x000fd760-0x000fd76f] mapped at [(____ptrval____)]\n[    0.000000] esrt: Reserving ESRT space from 0x00000000def73998 to 0x00000000def739d0.\n[    0.000000] Base memory trampoline at [(____ptrval____)] 97000 size 24576\n[    0.000000] Using GB pages for direct mapping\n[    0.000000] BRK [0x375a4b000, 0x375a4bfff] PGTABLE\n[    0.000000] BRK [0x375a4c000, 0x375a4cfff] PGTABLE\n[    0.000000] BRK [0x375a4d000, 0x375a4dfff] PGTABLE\n[    0.000000] BRK [0x375a4e000, 0x375a4efff] PGTABLE\n[    0.000000] BRK [0x375a4f000, 0x375a4ffff] PGTABLE\n[    0.000000] BRK [0x375a50000, 0x375a50fff] PGTABLE\n[    0.000000] BRK [0x375a51000, 0x375a51fff] PGTABLE\n[    0.000000] BRK [0x375a52000, 0x375a52fff] PGTABLE\n[    0.000000] BRK [0x375a53000, 0x375a53fff] PGTABLE\n[    0.000000] BRK [0x375a54000, 0x375a54fff] PGTABLE\n[    0.000000] BRK [0x375a55000, 0x375a55fff] PGTABLE\n[    0.000000] RAMDISK: [mem 0x34029000-0x3600bfff]\n[    0.000000] ACPI: Early table checksum verification disabled\n[    0.000000] ACPI: RSDP 0x00000000DE81A000 000024 (v02 HPQOEM)\n[    0.000000] ACPI: XSDT 0x00000000DE81A088 00008C (v01 HPQOEM SLIC-CPC 01072009 AMI  00010013)\n[    0.000000] ACPI: FACP 0x00000000DE82E2F0 00010C (v05 HPQOEM SLIC-CPC 01072009 AMI  00010013)\n[    0.000000] ACPI: DSDT 0x00000000DE81A1A0 014149 (v02 HPQOEM SLIC-CPC 00008016 INTL 20120711)\n[    0.000000] ACPI: FACS 0x00000000DE99E080 000040\n[    0.000000] ACPI: APIC 0x00000000DE82E400 000092 (v03 HPQOEM SLIC-CPC 01072009 AMI  00010013)\n[    0.000000] ACPI: FPDT 0x00000000DE82E498 000044 (v01 HPQOEM SLIC-CPC 01072009 AMI  00010013)\n[    0.000000] ACPI: ASF! 0x00000000DE82E4E0 0000A5 (v32 HPQOEM SLIC-CPC 00000001 TFSM 000F4240)\n[    0.000000] ACPI: SLIC 0x00000000DE82E588 000176 (v01 HPQOEM SLIC-CPC 01072009 AMI  00010013)\n[    0.000000] ACPI: SSDT 0x00000000DE82E700 000539 (v01 PmRef  Cpu0Ist  00003000 INTL 20120711)\n[    0.000000] ACPI: SSDT 0x00000000DE82EC40 000AD8 (v01 PmRef  CpuPm    00003000 INTL 20120711)\n[    0.000000] ACPI: MCFG 0x00000000DE82F718 00003C (v01 HPQOEM SLIC-CPC 01072009 MSFT 00000097)\n[    0.000000] ACPI: HPET 0x00000000DE82F758 000038 (v01 HPQOEM SLIC-CPC 01072009 AMI. 00000005)\n[    0.000000] ACPI: SSDT 0x00000000DE82F790 00036D (v01 SataRe SataTabl 00001000 INTL 20120711)\n[    0.000000] ACPI: SSDT 0x00000000DE82FB00 0033C9 (v01 SaSsdt SaSsdt   00003000 INTL 20091112)\n[    0.000000] ACPI: DBGP 0x00000000DE832ED0 000034 (v01 HPQOEM SLIC-CPC 01072009 AMI  00010013)\n[    0.000000] ACPI: BGRT 0x00000000DE832F08 000038 (v00 HPQOEM SLIC-CPC 01072009 AMI  00010013)\n[    0.000000] ACPI: Local APIC address 0xfee00000\n[    0.000000] No NUMA configuration found\n[    0.000000] Faking a node at [mem 0x0000000000000000-0x000000081effffff]\n[    0.000000] NODE_DATA(0) allocated [mem 0x81effb000-0x81effffff]\n[    0.000000] tsc: Fast TSC calibration using PIT\n[    0.000000] Zone ranges:\n[    0.000000]   DMA      [mem 0x0000000000001000-0x0000000000ffffff]\n[    0.000000]   DMA32    [mem 0x0000000001000000-0x00000000ffffffff]\n[    0.000000]   Normal   [mem 0x0000000100000000-0x000000081effffff]\n[    0.000000]   Device   empty\n[    0.000000] Movable zone start for each node\n[    0.000000] Early memory node ranges\n[    0.000000]   node   0: [mem 0x0000000000001000-0x0000000000057fff]\n[    0.000000]   node   0: [mem 0x0000000000059000-0x000000000009efff]\n[    0.000000]   node   0: [mem 0x0000000000100000-0x00000000cc358fff]\n[    0.000000]   node   0: [mem 0x00000000cc360000-0x00000000ccd52fff]\n[    0.000000]   node   0: [mem 0x00000000cd00b000-0x00000000de3c1fff]\n[    0.000000]   node   0: [mem 0x00000000defff000-0x00000000deffffff]\n[    0.000000]   node   0: [mem 0x0000000100000000-0x000000081effffff]\n[    0.000000] Reserved but unavailable: 8031 pages\n[    0.000000] Initmem setup node 0 [mem 0x0000000000001000-0x000000081effffff]\n[    0.000000] On node 0 totalpages: 8376481\n[    0.000000]   DMA zone: 64 pages used for memmap\n[    0.000000]   DMA zone: 26 pages reserved\n[    0.000000]   DMA zone: 3997 pages, LIFO batch:0\n[    0.000000]   DMA32 zone: 14149 pages used for memmap\n[    0.000000]   DMA32 zone: 905476 pages, LIFO batch:31\n[    0.000000]   Normal zone: 116672 pages used for memmap\n[    0.000000]   Normal zone: 7467008 pages, LIFO batch:31\n[    0.000000] ACPI: PM-Timer IO Port: 0x1808\n[    0.000000] ACPI: Local APIC address 0xfee00000\n[    0.000000] ACPI: LAPIC_NMI (acpi_id[0xff] high edge lint[0x1])\n[    0.000000] IOAPIC[0]: apic_id 2, version 32, address 0xfec00000, GSI 0-23\n[    0.000000] ACPI: INT_SRC_OVR (bus 0 bus_irq 0 global_irq 2 dfl dfl)\n[    0.000000] ACPI: INT_SRC_OVR (bus 0 bus_irq 9 global_irq 9 high level)\n[    0.000000] ACPI: IRQ0 used by override.\n[    0.000000] ACPI: IRQ9 used by override.\n[    0.000000] Using ACPI (MADT) for SMP configuration information\n[    0.000000] ACPI: HPET id: 0x8086a701 base: 0xfed00000\n[    0.000000] smpboot: Allowing 8 CPUs, 0 hotplug CPUs\n[    0.000000] PM: Registered nosave memory: [mem 0x00000000-0x00000fff]\n[    0.000000] PM: Registered nosave memory: [mem 0x00058000-0x00058fff]\n[    0.000000] PM: Registered nosave memory: [mem 0x0009f000-0x0009ffff]\n[    0.000000] PM: Registered nosave memory: [mem 0x000a0000-0x000fffff]\n[    0.000000] PM: Registered nosave memory: [mem 0xcc359000-0xcc35ffff]\n[    0.000000] PM: Registered nosave memory: [mem 0xccd53000-0xcd00afff]\n[    0.000000] PM: Registered nosave memory: [mem 0xde3c2000-0xde812fff]\n[    0.000000] PM: Registered nosave memory: [mem 0xde813000-0xde832fff]\n[    0.000000] PM: Registered nosave memory: [mem 0xde833000-0xde99ffff]\n[    0.000000] PM: Registered nosave memory: [mem 0xde9a0000-0xdef74fff]\n[    0.000000] PM: Registered nosave memory: [mem 0xdef75000-0xdeffefff]\n[    0.000000] PM: Registered nosave memory: [mem 0xdf000000-0xf7ffffff]\n[    0.000000] PM: Registered nosave memory: [mem 0xf8000000-0xfbffffff]\n[    0.000000] PM: Registered nosave memory: [mem 0xfc000000-0xfebfffff]\n[    0.000000] PM: Registered nosave memory: [mem 0xfec00000-0xfec00fff]\n[    0.000000] PM: Registered nosave memory: [mem 0xfec01000-0xfecfffff]\n[    0.000000] PM: Registered nosave memory: [mem 0xfed00000-0xfed03fff]\n[    0.000000] PM: Registered nosave memory: [mem 0xfed04000-0xfed1bfff]\n[    0.000000] PM: Registered nosave memory: [mem 0xfed1c000-0xfed1ffff]\n[    0.000000] PM: Registered nosave memory: [mem 0xfed20000-0xfedfffff]\n[    0.000000] PM: Registered nosave memory: [mem 0xfee00000-0xfee00fff]\n[    0.000000] PM: Registered nosave memory: [mem 0xfee01000-0xfeffffff]\n[    0.000000] PM: Registered nosave memory: [mem 0xff000000-0xffffffff]\n[    0.000000] [mem 0xdf000000-0xf7ffffff] available for PCI devices\n[    0.000000] Booting paravirtualized kernel on bare hardware\n[    0.000000] clocksource: refined-jiffies: mask: 0xffffffff max_cycles: 0xffffffff, max_idle_ns: 7645519600211568 ns\n[    0.000000] random: get_random_bytes called from start_kernel+0x94/0x52e with crng_init=0\n[    0.000000] setup_percpu: NR_CPUS:512 nr_cpumask_bits:512 nr_cpu_ids:8 nr_node_ids:1\n[    0.000000] percpu: Embedded 44 pages/cpu @(____ptrval____) s142744 r8192 d29288 u262144\n[    0.000000] pcpu-alloc: s142744 r8192 d29288 u262144 alloc=1*2097152\n[    0.000000] pcpu-alloc: [0] 0 1 2 3 4 5 6 7 \n[    0.000000] Built 1 zonelists, mobility grouping on.  Total pages: 8245570\n[    0.000000] Policy zone: Normal\n[    0.000000] Kernel command line: BOOT_IMAGE=/boot/vmlinuz-4.18.0-2-amd64 root=UUID=412abef5-6a99-4d7e-abda-c02086b097b7 ro quiet\n[    0.000000] Calgary: detecting Calgary via BIOS EBDA area\n[    0.000000] Calgary: Unable to locate Rio Grande table in EBDA - bailing!\n[    0.000000] Memory: 32633704K/33505924K available (10252K kernel code, 1223K rwdata, 3260K rodata, 1548K init, 656K bss, 872220K reserved, 0K cma-reserved)\n[    0.000000] SLUB: HWalign=64, Order=0-3, MinObjects=0, CPUs=8, Nodes=1\n[    0.000000] Kernel/User page tables isolation: enabled\n[    0.000000] ftrace: allocating 31267 entries in 123 pages\n[    0.000000] Hierarchical RCU implementation.\n[    0.000000]  RCU restricting CPUs from NR_CPUS=512 to nr_cpu_ids=8.\n[    0.000000] RCU: Adjusting geometry for rcu_fanout_leaf=16, nr_cpu_ids=8\n[    0.000000] NR_IRQS: 33024, nr_irqs: 488, preallocated irqs: 16\n[    0.000000] Console: colour dummy device 80x25\n[    0.000000] console [tty0] enabled\n[    0.000000] ACPI: Core revision 20180531\n[    0.000000] clocksource: hpet: mask: 0xffffffff max_cycles: 0xffffffff, max_idle_ns: 133484882848 ns\n[    0.000000] hpet clockevent registered\n[    0.000000] APIC: Switch to symmetric I/O mode setup\n[    0.000000] ..TIMER: vector=0x30 apic1=0 pin1=2 apic2=-1 pin2=-1\n[    0.020000] tsc: Fast TSC calibration using PIT\n[    0.024000] tsc: Detected 3492.193 MHz processor\n[    0.024000] clocksource: tsc-early: mask: 0xffffffffffffffff max_cycles: 0x3256826d48f, max_idle_ns: 440795324722 ns\n[    0.024000] Calibrating delay loop (skipped), value calculated using timer frequency.. 6984.38 BogoMIPS (lpj=13968772)\n[    0.024000] pid_max: default: 32768 minimum: 301\n[    0.024000] Security Framework initialized\n[    0.024000] Yama: disabled by default; enable with sysctl kernel.yama.*\n[    0.024000] AppArmor: AppArmor initialized\n[    0.029312] Dentry cache hash table entries: 4194304 (order: 13, 33554432 bytes)\n[    0.031124] Inode-cache hash table entries: 2097152 (order: 12, 16777216 bytes)\n[    0.031194] Mount-cache hash table entries: 65536 (order: 7, 524288 bytes)\n[    0.031251] Mountpoint-cache hash table entries: 65536 (order: 7, 524288 bytes)\n[    0.031402] ENERGY_PERF_BIAS: Set to 'normal', was 'performance'\n[    0.031402] ENERGY_PERF_BIAS: View and update with x86_energy_perf_policy(8)\n[    0.031406] mce: CPU supports 9 MCE banks\n[    0.031414] CPU0: Thermal monitoring enabled (TM1)\n[    0.031424] process: using mwait in idle threads\n[    0.031426] Last level iTLB entries: 4KB 1024, 2MB 1024, 4MB 1024\n[    0.031427] Last level dTLB entries: 4KB 1024, 2MB 1024, 4MB 1024, 1GB 4\n[    0.031428] Spectre V2 : Mitigation: Full generic retpoline\n[    0.031428] Spectre V2 : Spectre v2 / SpectreRSB mitigation: Filling RSB on context switch\n[    0.031429] Spectre V2 : Spectre v2 mitigation: Enabling Indirect Branch Prediction Barrier\n[    0.031429] Spectre V2 : Enabling Restricted Speculation for firmware calls\n[    0.031430] Speculative Store Bypass: Mitigation: Speculative Store Bypass disabled via prctl and seccomp\n[    0.034200] Freeing SMP alternatives memory: 24K\n[    0.039207] TSC deadline timer enabled\n[    0.039210] smpboot: CPU0: Intel(R) Core(TM) i7-4770K CPU @ 3.50GHz (family: 0x6, model: 0x3c, stepping: 0x3)\n[    0.039269] Performance Events: PEBS fmt2+, Haswell events, 16-deep LBR, full-width counters, Intel PMU driver.\n[    0.039297] ... version:                3\n[    0.039297] ... bit width:              48\n[    0.039298] ... generic registers:      4\n[    0.039298] ... value mask:             0000ffffffffffff\n[    0.039299] ... max period:             00007fffffffffff\n[    0.039299] ... fixed-purpose events:   3\n[    0.039299] ... event mask:             000000070000000f\n[    0.039323] Hierarchical SRCU implementation.\n[    0.039995] NMI watchdog: Enabled. Permanently consumes one hw-PMU counter.\n[    0.040000] smp: Bringing up secondary CPUs ...\n[    0.040000] x86: Booting SMP configuration:\n[    0.040000] .... node  #0, CPUs:      #1 #2 #3 #4 #5 #6 #7\n[    0.041543] smp: Brought up 1 node, 8 CPUs\n[    0.041543] smpboot: Max logical packages: 1\n[    0.041543] smpboot: Total of 8 processors activated (55875.08 BogoMIPS)\n[    0.044613] devtmpfs: initialized\n[    0.044613] x86/mm: Memory block size: 128MB\n[    0.045453] PM: Registering ACPI NVS region [mem 0xcc359000-0xcc35ffff] (28672 bytes)\n[    0.045453] PM: Registering ACPI NVS region [mem 0xde833000-0xde99ffff] (1495040 bytes)\n[    0.045453] clocksource: jiffies: mask: 0xffffffff max_cycles: 0xffffffff, max_idle_ns: 7645041785100000 ns\n[    0.045453] futex hash table entries: 2048 (order: 5, 131072 bytes)\n[    0.045453] pinctrl core: initialized pinctrl subsystem\n[    0.045453] NET: Registered protocol family 16\n[    0.045453] audit: initializing netlink subsys (disabled)\n[    0.045453] audit: type=2000 audit(1543000327.044:1): state=initialized audit_enabled=0 res=1\n[    0.045453] cpuidle: using governor ladder\n[    0.045453] cpuidle: using governor menu\n[    0.045453] ACPI FADT declares the system doesn't support PCIe ASPM, so disable it\n[    0.045453] ACPI: bus type PCI registered\n[    0.045453] acpiphp: ACPI Hot Plug PCI Controller Driver version: 0.5\n[    0.045453] PCI: MMCONFIG for domain 0000 [bus 00-3f] at [mem 0xf8000000-0xfbffffff] (base 0xf8000000)\n[    0.045453] PCI: MMCONFIG at [mem 0xf8000000-0xfbffffff] reserved in E820\n[    0.045453] pmd_set_huge: Cannot satisfy [mem 0xf8000000-0xf8200000] with a huge-page mapping due to MTRR override.\n[    0.045453] PCI: Using configuration type 1 for base access\n[    0.045453] core: PMU erratum BJ122, BV98, HSD29 worked around, HT is on\n[    0.045453] mtrr: your CPUs had inconsistent fixed MTRR settings\n[    0.045453] mtrr: probably your BIOS does not setup all CPUs.\n[    0.045453] mtrr: corrected configuration.\n[    0.045453] HugeTLB registered 1.00 GiB page size, pre-allocated 0 pages\n[    0.045453] HugeTLB registered 2.00 MiB page size, pre-allocated 0 pages\n[    0.048052] ACPI: Added _OSI(Module Device)\n[    0.048053] ACPI: Added _OSI(Processor Device)\n[    0.048053] ACPI: Added _OSI(3.0 _SCP Extensions)\n[    0.048054] ACPI: Added _OSI(Processor Aggregator Device)\n[    0.048055] ACPI: Added _OSI(Linux-Dell-Video)\n[    0.053156] ACPI: 5 ACPI AML tables successfully acquired and loaded\n[    0.055270] ACPI: [Firmware Bug]: BIOS _OSI(Linux) query ignored\n[    0.056084] ACPI: Dynamic OEM Table Load:\n[    0.056088] ACPI: SSDT 0xFFFF88F7FA58A800 0003D3 (v01 PmRef  Cpu0Cst  00003001 INTL 20120711)\n[    0.056202] ACPI: Dynamic OEM Table Load:\n[    0.056202] ACPI: SSDT 0xFFFF88F7FA9A5000 0005AA (v01 PmRef  ApIst    00003000 INTL 20120711)\n[    0.056414] ACPI: Dynamic OEM Table Load:\n[    0.056414] ACPI: SSDT 0xFFFF88F7FA56D200 000119 (v01 PmRef  ApCst    00003000 INTL 20120711)\n[    0.056415] ACPI: Interpreter enabled\n[    0.056415] ACPI: (supports S0 S3 S4 S5)\n[    0.056415] ACPI: Using IOAPIC for interrupt routing\n[    0.056427] PCI: Using host bridge windows from ACPI; if necessary, use \"pci=nocrs\" and report a bug\n[    0.056578] ACPI: Enabled 9 GPEs in block 00 to 3F\n[    0.062089] ACPI: Power Resource [FN00] (off)\n[    0.062133] ACPI: Power Resource [FN01] (off)\n[    0.062174] ACPI: Power Resource [FN02] (off)\n[    0.062215] ACPI: Power Resource [FN03] (off)\n[    0.062255] ACPI: Power Resource [FN04] (off)\n[    0.062740] ACPI: PCI Root Bridge [PCI0] (domain 0000 [bus 00-3e])\n[    0.062744] acpi PNP0A08:00: _OSC: OS supports [ExtendedConfig ASPM ClockPM Segments MSI]\n[    0.062868] acpi PNP0A08:00: _OSC: platform does not support [PCIeHotplug SHPCHotplug PME]\n[    0.062952] acpi PNP0A08:00: _OSC: OS now controls [AER PCIeCapability LTR]\n[    0.062953] acpi PNP0A08:00: FADT indicates ASPM is unsupported, using BIOS configuration\n[    0.063238] PCI host bridge to bus 0000:00\n[    0.063239] pci_bus 0000:00: root bus resource [io  0x0000-0x0cf7 window]\n[    0.063240] pci_bus 0000:00: root bus resource [io  0x0d00-0xffff window]\n[    0.063241] pci_bus 0000:00: root bus resource [mem 0x000a0000-0x000bffff window]\n[    0.063242] pci_bus 0000:00: root bus resource [mem 0x000d0000-0x000d3fff window]\n[    0.063243] pci_bus 0000:00: root bus resource [mem 0x000d4000-0x000d7fff window]\n[    0.063244] pci_bus 0000:00: root bus resource [mem 0x000d8000-0x000dbfff window]\n[    0.063245] pci_bus 0000:00: root bus resource [mem 0x000dc000-0x000dffff window]\n[    0.063246] pci_bus 0000:00: root bus resource [mem 0xe0000000-0xfeafffff window]\n[    0.063247] pci_bus 0000:00: root bus resource [bus 00-3e]\n[    0.063252] pci 0000:00:00.0: [8086:0c00] type 00 class 0x060000\n[    0.063320] pci 0000:00:01.0: [8086:0c01] type 01 class 0x060400\n[    0.063347] pci 0000:00:01.0: PME# supported from D0 D3hot D3cold\n[    0.063442] pci 0000:00:14.0: [8086:8c31] type 00 class 0x0c0330\n[    0.063461] pci 0000:00:14.0: reg 0x10: [mem 0xf7200000-0xf720ffff 64bit]\n[    0.063509] pci 0000:00:14.0: PME# supported from D3hot D3cold\n[    0.063565] pci 0000:00:16.0: [8086:8c3a] type 00 class 0x078000\n[    0.063584] pci 0000:00:16.0: reg 0x10: [mem 0xf721a000-0xf721a00f 64bit]\n[    0.063635] pci 0000:00:16.0: PME# supported from D0 D3hot D3cold\n[    0.063696] pci 0000:00:1a.0: [8086:8c2d] type 00 class 0x0c0320\n[    0.063714] pci 0000:00:1a.0: reg 0x10: [mem 0xf7218000-0xf72183ff]\n[    0.063784] pci 0000:00:1a.0: PME# supported from D0 D3hot D3cold\n[    0.063843] pci 0000:00:1b.0: [8086:8c20] type 00 class 0x040300\n[    0.063859] pci 0000:00:1b.0: reg 0x10: [mem 0xf7210000-0xf7213fff 64bit]\n[    0.063908] pci 0000:00:1b.0: PME# supported from D0 D3hot D3cold\n[    0.063963] pci 0000:00:1c.0: [8086:8c10] type 01 class 0x060400\n[    0.064024] pci 0000:00:1c.0: PME# supported from D0 D3hot D3cold\n[    0.064108] pci 0000:00:1c.2: [8086:8c14] type 01 class 0x060400\n[    0.064168] pci 0000:00:1c.2: PME# supported from D0 D3hot D3cold\n[    0.064252] pci 0000:00:1d.0: [8086:8c26] type 00 class 0x0c0320\n[    0.064271] pci 0000:00:1d.0: reg 0x10: [mem 0xf7217000-0xf72173ff]\n[    0.064342] pci 0000:00:1d.0: PME# supported from D0 D3hot D3cold\n[    0.064402] pci 0000:00:1f.0: [8086:8c44] type 00 class 0x060100\n[    0.064542] pci 0000:00:1f.2: [8086:8c02] type 00 class 0x010601\n[    0.064556] pci 0000:00:1f.2: reg 0x10: [io  0xf070-0xf077]\n[    0.064562] pci 0000:00:1f.2: reg 0x14: [io  0xf060-0xf063]\n[    0.064567] pci 0000:00:1f.2: reg 0x18: [io  0xf050-0xf057]\n[    0.064573] pci 0000:00:1f.2: reg 0x1c: [io  0xf040-0xf043]\n[    0.064579] pci 0000:00:1f.2: reg 0x20: [io  0xf020-0xf03f]\n[    0.064585] pci 0000:00:1f.2: reg 0x24: [mem 0xf7216000-0xf72167ff]\n[    0.064614] pci 0000:00:1f.2: PME# supported from D3hot\n[    0.064666] pci 0000:00:1f.3: [8086:8c22] type 00 class 0x0c0500\n[    0.064681] pci 0000:00:1f.3: reg 0x10: [mem 0xf7215000-0xf72150ff 64bit]\n[    0.064697] pci 0000:00:1f.3: reg 0x20: [io  0xf000-0xf01f]\n[    0.064783] pci 0000:01:00.0: [10de:1c03] type 00 class 0x030000\n[    0.064800] pci 0000:01:00.0: reg 0x10: [mem 0xf6000000-0xf6ffffff]\n[    0.064809] pci 0000:01:00.0: reg 0x14: [mem 0xe0000000-0xefffffff 64bit pref]\n[    0.064817] pci 0000:01:00.0: reg 0x1c: [mem 0xf0000000-0xf1ffffff 64bit pref]\n[    0.064823] pci 0000:01:00.0: reg 0x24: [io  0xe000-0xe07f]\n[    0.064829] pci 0000:01:00.0: reg 0x30: [mem 0xf7000000-0xf707ffff pref]\n[    0.064840] pci 0000:01:00.0: BAR 3: assigned to efifb\n[    0.064916] pci 0000:01:00.1: [10de:10f1] type 00 class 0x040300\n[    0.064929] pci 0000:01:00.1: reg 0x10: [mem 0xf7080000-0xf7083fff]\n[    0.065038] pci 0000:00:01.0: PCI bridge to [bus 01]\n[    0.065039] pci 0000:00:01.0:   bridge window [io  0xe000-0xefff]\n[    0.065041] pci 0000:00:01.0:   bridge window [mem 0xf6000000-0xf70fffff]\n[    0.065043] pci 0000:00:01.0:   bridge window [mem 0xe0000000-0xf1ffffff 64bit pref]\n[    0.065101] acpiphp: Slot [1] registered\n[    0.065105] pci 0000:00:1c.0: PCI bridge to [bus 02]\n[    0.065167] pci 0000:03:00.0: [10ec:8168] type 00 class 0x020000\n[    0.065194] pci 0000:03:00.0: reg 0x10: [io  0xd000-0xd0ff]\n[    0.065219] pci 0000:03:00.0: reg 0x18: [mem 0xf7104000-0xf7104fff 64bit]\n[    0.065235] pci 0000:03:00.0: reg 0x20: [mem 0xf7100000-0xf7103fff 64bit pref]\n[    0.065325] pci 0000:03:00.0: supports D1 D2\n[    0.065326] pci 0000:03:00.0: PME# supported from D0 D1 D2 D3hot D3cold\n[    0.065421] pci 0000:00:1c.2: PCI bridge to [bus 03]\n[    0.065424] pci 0000:00:1c.2:   bridge window [io  0xd000-0xdfff]\n[    0.065427] pci 0000:00:1c.2:   bridge window [mem 0xf7100000-0xf71fffff]\n[    0.065973] ACPI: PCI Interrupt Link [LNKA] (IRQs 3 4 5 6 10 *11 12 14 15)\n[    0.066020] ACPI: PCI Interrupt Link [LNKB] (IRQs 3 4 5 6 *10 11 12 14 15)\n[    0.066056] ACPI: PCI Interrupt Link [LNKC] (IRQs 3 *4 5 6 10 11 12 14 15)\n[    0.066097] ACPI: PCI Interrupt Link [LNKD] (IRQs 3 4 *5 6 10 11 12 14 15)\n[    0.066138] ACPI: PCI Interrupt Link [LNKE] (IRQs 3 4 5 6 10 11 12 14 15) *0, disabled.\n[    0.066174] ACPI: PCI Interrupt Link [LNKF] (IRQs 3 4 5 6 10 11 12 14 15) *0, disabled.\n[    0.066215] ACPI: PCI Interrupt Link [LNKG] (IRQs *3 4 5 6 10 11 12 14 15)\n[    0.066257] ACPI: PCI Interrupt Link [LNKH] (IRQs 3 4 5 6 10 *11 12 14 15)\n[    0.068006] pci 0000:01:00.0: vgaarb: setting as boot VGA device\n[    0.068007] pci 0000:01:00.0: vgaarb: VGA device added: decodes=io+mem,owns=io+mem,locks=none\n[    0.068008] pci 0000:01:00.0: vgaarb: bridge control possible\n[    0.068008] vgaarb: loaded\n[    0.068040] pps_core: LinuxPPS API ver. 1 registered\n[    0.068040] pps_core: Software ver. 5.3.6 - Copyright 2005-2007 Rodolfo Giometti <giometti@linux.it>\n[    0.068042] PTP clock support registered\n[    0.068045] EDAC MC: Ver: 3.0.0\n[    0.068091] Registered efivars operations\n[    0.072008] PCI: Using ACPI for IRQ routing\n[    0.073006] PCI: pci_cache_line_size set to 64 bytes\n[    0.073040] e820: reserve RAM buffer [mem 0x00058000-0x0005ffff]\n[    0.073041] e820: reserve RAM buffer [mem 0x0009f000-0x0009ffff]\n[    0.073041] e820: reserve RAM buffer [mem 0xcc359000-0xcfffffff]\n[    0.073042] e820: reserve RAM buffer [mem 0xccd53000-0xcfffffff]\n[    0.073042] e820: reserve RAM buffer [mem 0xde3c2000-0xdfffffff]\n[    0.073043] e820: reserve RAM buffer [mem 0xdf000000-0xdfffffff]\n[    0.073044] e820: reserve RAM buffer [mem 0x81f000000-0x81fffffff]\n[    0.076209] hpet0: at MMIO 0xfed00000, IRQs 2, 8, 0, 0, 0, 0, 0, 0\n[    0.076213] hpet0: 8 comparators, 64-bit 14.318180 MHz counter\n[    0.078236] clocksource: Switched to clocksource tsc-early\n[    0.082498] VFS: Disk quotas dquot_6.6.0\n[    0.082507] VFS: Dquot-cache hash table entries: 512 (order 0, 4096 bytes)\n[    0.082578] AppArmor: AppArmor Filesystem Enabled\n[    0.082587] pnp: PnP ACPI init\n[    0.082641] system 00:00: [mem 0xfed40000-0xfed44fff] has been reserved\n[    0.082644] system 00:00: Plug and Play ACPI device, IDs PNP0c01 (active)\n[    0.082761] system 00:01: [io  0x0680-0x069f] has been reserved\n[    0.082763] system 00:01: [io  0xffff] has been reserved\n[    0.082764] system 00:01: [io  0xffff] has been reserved\n[    0.082765] system 00:01: [io  0xffff] has been reserved\n[    0.082766] system 00:01: [io  0x1c00-0x1cfe] has been reserved\n[    0.082767] system 00:01: [io  0x1d00-0x1dfe] has been reserved\n[    0.082768] system 00:01: [io  0x1e00-0x1efe] has been reserved\n[    0.082768] system 00:01: [io  0x1f00-0x1ffe] has been reserved\n[    0.082769] system 00:01: [io  0x1800-0x18fe] has been reserved\n[    0.082770] system 00:01: [io  0x164e-0x164f] has been reserved\n[    0.082773] system 00:01: Plug and Play ACPI device, IDs PNP0c02 (active)\n[    0.082786] pnp 00:02: Plug and Play ACPI device, IDs PNP0b00 (active)\n[    0.082813] system 00:03: [io  0x1854-0x1857] has been reserved\n[    0.082815] system 00:03: Plug and Play ACPI device, IDs INT3f0d PNP0c02 (active)\n[    0.082864] system 00:04: [io  0x0290-0x029f] has been reserved\n[    0.082866] system 00:04: Plug and Play ACPI device, IDs PNP0c02 (active)\n[    0.082910] system 00:05: [io  0x04d0-0x04d1] has been reserved\n[    0.082912] system 00:05: Plug and Play ACPI device, IDs PNP0c02 (active)\n[    0.083234] system 00:06: [mem 0xfed1c000-0xfed1ffff] has been reserved\n[    0.083235] system 00:06: [mem 0xfed10000-0xfed17fff] has been reserved\n[    0.083238] system 00:06: [mem 0xfed18000-0xfed18fff] has been reserved\n[    0.083239] system 00:06: [mem 0xfed19000-0xfed19fff] has been reserved\n[    0.083240] system 00:06: [mem 0xf8000000-0xfbffffff] has been reserved\n[    0.083241] system 00:06: [mem 0xfed20000-0xfed3ffff] has been reserved\n[    0.083242] system 00:06: [mem 0xfed90000-0xfed93fff] has been reserved\n[    0.083243] system 00:06: [mem 0xfed45000-0xfed8ffff] has been reserved\n[    0.083244] system 00:06: [mem 0xff000000-0xffffffff] has been reserved\n[    0.083245] system 00:06: [mem 0xfee00000-0xfeefffff] could not be reserved\n[    0.083246] system 00:06: [mem 0xf7fee000-0xf7feefff] has been reserved\n[    0.083247] system 00:06: [mem 0xf7fd0000-0xf7fdffff] has been reserved\n[    0.083250] system 00:06: Plug and Play ACPI device, IDs PNP0c02 (active)\n[    0.083432] pnp: PnP ACPI: found 7 devices\n[    0.088706] clocksource: acpi_pm: mask: 0xffffff max_cycles: 0xffffff, max_idle_ns: 2085701024 ns\n[    0.088728] pci 0000:00:01.0: PCI bridge to [bus 01]\n[    0.088730] pci 0000:00:01.0:   bridge window [io  0xe000-0xefff]\n[    0.088732] pci 0000:00:01.0:   bridge window [mem 0xf6000000-0xf70fffff]\n[    0.088734] pci 0000:00:01.0:   bridge window [mem 0xe0000000-0xf1ffffff 64bit pref]\n[    0.088736] pci 0000:00:1c.0: PCI bridge to [bus 02]\n[    0.088748] pci 0000:00:1c.2: PCI bridge to [bus 03]\n[    0.088751] pci 0000:00:1c.2:   bridge window [io  0xd000-0xdfff]\n[    0.088754] pci 0000:00:1c.2:   bridge window [mem 0xf7100000-0xf71fffff]\n[    0.088761] pci_bus 0000:00: resource 4 [io  0x0000-0x0cf7 window]\n[    0.088762] pci_bus 0000:00: resource 5 [io  0x0d00-0xffff window]\n[    0.088763] pci_bus 0000:00: resource 6 [mem 0x000a0000-0x000bffff window]\n[    0.088764] pci_bus 0000:00: resource 7 [mem 0x000d0000-0x000d3fff window]\n[    0.088765] pci_bus 0000:00: resource 8 [mem 0x000d4000-0x000d7fff window]\n[    0.088765] pci_bus 0000:00: resource 9 [mem 0x000d8000-0x000dbfff window]\n[    0.088766] pci_bus 0000:00: resource 10 [mem 0x000dc000-0x000dffff window]\n[    0.088767] pci_bus 0000:00: resource 11 [mem 0xe0000000-0xfeafffff window]\n[    0.088768] pci_bus 0000:01: resource 0 [io  0xe000-0xefff]\n[    0.088769] pci_bus 0000:01: resource 1 [mem 0xf6000000-0xf70fffff]\n[    0.088770] pci_bus 0000:01: resource 2 [mem 0xe0000000-0xf1ffffff 64bit pref]\n[    0.088771] pci_bus 0000:03: resource 0 [io  0xd000-0xdfff]\n[    0.088772] pci_bus 0000:03: resource 1 [mem 0xf7100000-0xf71fffff]\n[    0.088840] NET: Registered protocol family 2\n[    0.088928] tcp_listen_portaddr_hash hash table entries: 16384 (order: 6, 262144 bytes)\n[    0.088991] TCP established hash table entries: 262144 (order: 9, 2097152 bytes)\n[    0.089201] TCP bind hash table entries: 65536 (order: 8, 1048576 bytes)\n[    0.089297] TCP: Hash tables configured (established 262144 bind 65536)\n[    0.089327] UDP hash table entries: 16384 (order: 7, 524288 bytes)\n[    0.089388] UDP-Lite hash table entries: 16384 (order: 7, 524288 bytes)\n[    0.089464] NET: Registered protocol family 1\n[    0.089810] pci 0000:01:00.0: Video device with shadowed ROM at [mem 0x000c0000-0x000dffff]\n[    0.089813] pci 0000:01:00.1: Linked as a consumer to 0000:01:00.0\n[    0.089828] PCI: CLS 64 bytes, default 64\n[    0.089873] Unpacking initramfs...\n[    0.423302] Freeing initrd memory: 32652K\n[    0.423353] PCI-DMA: Using software bounce buffering for IO (SWIOTLB)\n[    0.423355] software IO TLB [mem 0xc8359000-0xcc359000] (64MB) mapped at [(____ptrval____)-(____ptrval____)]\n[    0.423836] Initialise system trusted keyrings\n[    0.423874] workingset: timestamp_bits=40 max_order=23 bucket_order=0\n[    0.424622] zbud: loaded\n[    0.424794] pstore: using deflate compression\n[    0.631993] Key type asymmetric registered\n[    0.631994] Asymmetric key parser 'x509' registered\n[    0.632017] Block layer SCSI generic (bsg) driver version 0.4 loaded (major 248)\n[    0.632040] io scheduler noop registered\n[    0.632041] io scheduler deadline registered\n[    0.632064] io scheduler cfq registered (default)\n[    0.632065] io scheduler mq-deadline registered\n[    0.632417] shpchp: Standard Hot Plug PCI Controller Driver version: 0.4\n[    0.632427] efifb: probing f